[0.299s] DEBUG:colcon:Command line arguments: ['/usr/bin/colcon', 'build', '--packages-select', 'tennis_bot_perception']
[0.299s] DEBUG:colcon:Parsed command line arguments: Namespace(log_base=None, log_level=None, verb_name='build', build_base='build', install_base='install', merge_install=False, symlink_install=False, test_result_base=None, continue_on_error=False, executor='parallel', parallel_workers=6, event_handlers=None, ignore_user_meta=False, metas=['./colcon.meta'], base_paths=['.'], packages_ignore=None, packages_ignore_regex=None, paths=None, packages_up_to=None, packages_up_to_regex=None, packages_above=None, packages_above_and_dependencies=None, packages_above_depth=None, packages_select_by_dep=None, packages_skip_by_dep=None, packages_skip_up_to=None, packages_select_build_failed=False, packages_skip_build_finished=False, packages_select_test_failures=False, packages_skip_test_passed=False, packages_select=['tennis_bot_perception'], packages_skip=None, packages_select_regex=None, packages_skip_regex=None, packages_start=None, packages_end=None, allow_overriding=[], cmake_args=None, cmake_target=None, cmake_target_skip_unavailable=False, cmake_clean_cache=False, cmake_clean_first=False, cmake_force_configure=False, ament_cmake_args=None, catkin_cmake_args=None, catkin_skip_building_tests=False, verb_parser=<colcon_defaults.argument_parser.defaults.DefaultArgumentsDecorator object at 0x795417d485e0>, verb_extension=<colcon_core.verb.build.BuildVerb object at 0x795417d480d0>, main=<bound method BuildVerb.main of <colcon_core.verb.build.BuildVerb object at 0x795417d480d0>>)
[0.471s] Level 1:colcon.colcon_core.package_discovery:discover_packages(colcon_meta) check parameters
[0.471s] Level 1:colcon.colcon_core.package_discovery:discover_packages(recursive) check parameters
[0.471s] Level 1:colcon.colcon_core.package_discovery:discover_packages(ignore) check parameters
[0.471s] Level 1:colcon.colcon_core.package_discovery:discover_packages(path) check parameters
[0.471s] Level 1:colcon.colcon_core.package_discovery:discover_packages(colcon_meta) discover
[0.471s] Level 1:colcon.colcon_core.package_discovery:discover_packages(recursive) discover
[0.471s] INFO:colcon.colcon_core.package_discovery:Crawling recursively for packages in '/home/g0kh4n_2/tennis_bot_ws'
[0.472s] Level 1:colcon.colcon_core.package_identification:_identify(.) by extensions ['ignore', 'ignore_ament_install']
[0.472s] Level 1:colcon.colcon_core.package_identification:_identify(.) by extension 'ignore'
[0.472s] Level 1:colcon.colcon_core.package_identification:_identify(.) by extension 'ignore_ament_install'
[0.472s] Level 1:colcon.colcon_core.package_identification:_identify(.) by extensions ['colcon_pkg']
[0.472s] Level 1:colcon.colcon_core.package_identification:_identify(.) by extension 'colcon_pkg'
[0.472s] Level 1:colcon.colcon_core.package_identification:_identify(.) by extensions ['colcon_meta']
[0.472s] Level 1:colcon.colcon_core.package_identification:_identify(.) by extension 'colcon_meta'
[0.472s] Level 1:colcon.colcon_core.package_identification:_identify(.) by extensions ['ros']
[0.472s] Level 1:colcon.colcon_core.package_identification:_identify(.) by extension 'ros'
[0.487s] Level 1:colcon.colcon_core.package_identification:_identify(.) by extensions ['cmake', 'python']
[0.487s] Level 1:colcon.colcon_core.package_identification:_identify(.) by extension 'cmake'
[0.487s] Level 1:colcon.colcon_core.package_identification:_identify(.) by extension 'python'
[0.487s] Level 1:colcon.colcon_core.package_identification:_identify(.) by extensions ['python_setup_py']
[0.487s] Level 1:colcon.colcon_core.package_identification:_identify(.) by extension 'python_setup_py'
[0.487s] Level 1:colcon.colcon_core.package_identification:_identify(build) by extensions ['ignore', 'ignore_ament_install']
[0.487s] Level 1:colcon.colcon_core.package_identification:_identify(build) by extension 'ignore'
[0.487s] Level 1:colcon.colcon_core.package_identification:_identify(build) ignored
[0.487s] Level 1:colcon.colcon_core.package_identification:_identify(install) by extensions ['ignore', 'ignore_ament_install']
[0.487s] Level 1:colcon.colcon_core.package_identification:_identify(install) by extension 'ignore'
[0.487s] Level 1:colcon.colcon_core.package_identification:_identify(install) ignored
[0.488s] Level 1:colcon.colcon_core.package_identification:_identify(log) by extensions ['ignore', 'ignore_ament_install']
[0.488s] Level 1:colcon.colcon_core.package_identification:_identify(log) by extension 'ignore'
[0.488s] Level 1:colcon.colcon_core.package_identification:_identify(log) ignored
[0.488s] Level 1:colcon.colcon_core.package_identification:_identify(src) by extensions ['ignore', 'ignore_ament_install']
[0.488s] Level 1:colcon.colcon_core.package_identification:_identify(src) by extension 'ignore'
[0.488s] Level 1:colcon.colcon_core.package_identification:_identify(src) by extension 'ignore_ament_install'
[0.488s] Level 1:colcon.colcon_core.package_identification:_identify(src) by extensions ['colcon_pkg']
[0.488s] Level 1:colcon.colcon_core.package_identification:_identify(src) by extension 'colcon_pkg'
[0.488s] Level 1:colcon.colcon_core.package_identification:_identify(src) by extensions ['colcon_meta']
[0.488s] Level 1:colcon.colcon_core.package_identification:_identify(src) by extension 'colcon_meta'
[0.488s] Level 1:colcon.colcon_core.package_identification:_identify(src) by extensions ['ros']
[0.488s] Level 1:colcon.colcon_core.package_identification:_identify(src) by extension 'ros'
[0.488s] Level 1:colcon.colcon_core.package_identification:_identify(src) by extensions ['cmake', 'python']
[0.488s] Level 1:colcon.colcon_core.package_identification:_identify(src) by extension 'cmake'
[0.488s] Level 1:colcon.colcon_core.package_identification:_identify(src) by extension 'python'
[0.488s] Level 1:colcon.colcon_core.package_identification:_identify(src) by extensions ['python_setup_py']
[0.488s] Level 1:colcon.colcon_core.package_identification:_identify(src) by extension 'python_setup_py'
[0.488s] Level 1:colcon.colcon_core.package_identification:_identify(src/tennis_bot_bringup) by extensions ['ignore', 'ignore_ament_install']
[0.488s] Level 1:colcon.colcon_core.package_identification:_identify(src/tennis_bot_bringup) by extension 'ignore'
[0.488s] Level 1:colcon.colcon_core.package_identification:_identify(src/tennis_bot_bringup) by extension 'ignore_ament_install'
[0.488s] Level 1:colcon.colcon_core.package_identification:_identify(src/tennis_bot_bringup) by extensions ['colcon_pkg']
[0.488s] Level 1:colcon.colcon_core.package_identification:_identify(src/tennis_bot_bringup) by extension 'colcon_pkg'
[0.489s] Level 1:colcon.colcon_core.package_identification:_identify(src/tennis_bot_bringup) by extensions ['colcon_meta']
[0.489s] Level 1:colcon.colcon_core.package_identification:_identify(src/tennis_bot_bringup) by extension 'colcon_meta'
[0.489s] Level 1:colcon.colcon_core.package_identification:_identify(src/tennis_bot_bringup) by extensions ['ros']
[0.489s] Level 1:colcon.colcon_core.package_identification:_identify(src/tennis_bot_bringup) by extension 'ros'
[0.491s] DEBUG:colcon.colcon_core.package_identification:Package 'src/tennis_bot_bringup' with type 'ros.ament_cmake' and name 'tennis_bot_bringup'
[0.491s] Level 1:colcon.colcon_core.package_identification:_identify(src/tennis_bot_description) by extensions ['ignore', 'ignore_ament_install']
[0.491s] Level 1:colcon.colcon_core.package_identification:_identify(src/tennis_bot_description) by extension 'ignore'
[0.491s] Level 1:colcon.colcon_core.package_identification:_identify(src/tennis_bot_description) by extension 'ignore_ament_install'
[0.491s] Level 1:colcon.colcon_core.package_identification:_identify(src/tennis_bot_description) by extensions ['colcon_pkg']
[0.491s] Level 1:colcon.colcon_core.package_identification:_identify(src/tennis_bot_description) by extension 'colcon_pkg'
[0.491s] Level 1:colcon.colcon_core.package_identification:_identify(src/tennis_bot_description) by extensions ['colcon_meta']
[0.491s] Level 1:colcon.colcon_core.package_identification:_identify(src/tennis_bot_description) by extension 'colcon_meta'
[0.491s] Level 1:colcon.colcon_core.package_identification:_identify(src/tennis_bot_description) by extensions ['ros']
[0.492s] Level 1:colcon.colcon_core.package_identification:_identify(src/tennis_bot_description) by extension 'ros'
[0.493s] DEBUG:colcon.colcon_core.package_identification:Package 'src/tennis_bot_description' with type 'ros.ament_cmake' and name 'tennis_bot_description'
[0.493s] Level 1:colcon.colcon_core.package_identification:_identify(src/tennis_bot_navigation) by extensions ['ignore', 'ignore_ament_install']
[0.493s] Level 1:colcon.colcon_core.package_identification:_identify(src/tennis_bot_navigation) by extension 'ignore'
[0.493s] Level 1:colcon.colcon_core.package_identification:_identify(src/tennis_bot_navigation) by extension 'ignore_ament_install'
[0.493s] Level 1:colcon.colcon_core.package_identification:_identify(src/tennis_bot_navigation) by extensions ['colcon_pkg']
[0.493s] Level 1:colcon.colcon_core.package_identification:_identify(src/tennis_bot_navigation) by extension 'colcon_pkg'
[0.493s] Level 1:colcon.colcon_core.package_identification:_identify(src/tennis_bot_navigation) by extensions ['colcon_meta']
[0.493s] Level 1:colcon.colcon_core.package_identification:_identify(src/tennis_bot_navigation) by extension 'colcon_meta'
[0.493s] Level 1:colcon.colcon_core.package_identification:_identify(src/tennis_bot_navigation) by extensions ['ros']
[0.493s] Level 1:colcon.colcon_core.package_identification:_identify(src/tennis_bot_navigation) by extension 'ros'
[0.494s] DEBUG:colcon.colcon_core.package_identification:Package 'src/tennis_bot_navigation' with type 'ros.ament_python' and name 'tennis_bot_navigation'
[0.494s] Level 1:colcon.colcon_core.package_identification:_identify(src/tennis_bot_perception) by extensions ['ignore', 'ignore_ament_install']
[0.494s] Level 1:colcon.colcon_core.package_identification:_identify(src/tennis_bot_perception) by extension 'ignore'
[0.494s] Level 1:colcon.colcon_core.package_identification:_identify(src/tennis_bot_perception) by extension 'ignore_ament_install'
[0.494s] Level 1:colcon.colcon_core.package_identification:_identify(src/tennis_bot_perception) by extensions ['colcon_pkg']
[0.494s] Level 1:colcon.colcon_core.package_identification:_identify(src/tennis_bot_perception) by extension 'colcon_pkg'
[0.494s] Level 1:colcon.colcon_core.package_identification:_identify(src/tennis_bot_perception) by extensions ['colcon_meta']
[0.494s] Level 1:colcon.colcon_core.package_identification:_identify(src/tennis_bot_perception) by extension 'colcon_meta'
[0.494s] Level 1:colcon.colcon_core.package_identification:_identify(src/tennis_bot_perception) by extensions ['ros']
[0.494s] Level 1:colcon.colcon_core.package_identification:_identify(src/tennis_bot_perception) by extension 'ros'
[0.495s] DEBUG:colcon.colcon_core.package_identification:Package 'src/tennis_bot_perception' with type 'ros.ament_python' and name 'tennis_bot_perception'
[0.495s] Level 1:colcon.colcon_core.package_discovery:discover_packages(recursive) using defaults
[0.495s] Level 1:colcon.colcon_core.package_discovery:discover_packages(ignore) discover
[0.495s] Level 1:colcon.colcon_core.package_discovery:discover_packages(ignore) using defaults
[0.495s] Level 1:colcon.colcon_core.package_discovery:discover_packages(path) discover
[0.496s] Level 1:colcon.colcon_core.package_discovery:discover_packages(path) using defaults
[0.537s] INFO:colcon.colcon_core.package_selection:Skipping not selected package 'tennis_bot_description' in 'src/tennis_bot_description'
[0.537s] INFO:colcon.colcon_core.package_selection:Skipping not selected package 'tennis_bot_navigation' in 'src/tennis_bot_navigation'
[0.537s] INFO:colcon.colcon_core.package_selection:Skipping not selected package 'tennis_bot_bringup' in 'src/tennis_bot_bringup'
[0.537s] Level 1:colcon.colcon_core.package_discovery:discover_packages(prefix_path) check parameters
[0.537s] Level 1:colcon.colcon_core.package_discovery:discover_packages(prefix_path) discover
[0.539s] DEBUG:colcon.colcon_installed_package_information.package_discovery:Found 4 installed packages in /home/g0kh4n_2/tennis_bot_ws/install
[0.541s] DEBUG:colcon.colcon_installed_package_information.package_discovery:Found 373 installed packages in /opt/ros/humble
[0.543s] Level 1:colcon.colcon_core.package_discovery:discover_packages(prefix_path) using defaults
[0.601s] WARNING:colcon.colcon_core.package_selection:Some selected packages are already built in one or more underlay workspaces:
	'tennis_bot_perception' is in: /home/g0kh4n_2/tennis_bot_ws/install/tennis_bot_perception
If a package in a merged underlay workspace is overridden and it installs headers, then all packages in the overlay must sort their include directories by workspace order. Failure to do so may result in build failures or undefined behavior at run time.
If the overridden package is used by another package in any underlay, then the overriding package in the overlay must be API and ABI compatible or undefined behavior at run time may occur.

If you understand the risks and want to override a package anyways, add the following to the command line:
	--allow-overriding tennis_bot_perception

This may be promoted to an error in a future release of colcon-override-check.
[0.603s] Level 5:colcon.colcon_core.verb:set package 'tennis_bot_perception' build argument 'cmake_args' from command line to 'None'
[0.603s] Level 5:colcon.colcon_core.verb:set package 'tennis_bot_perception' build argument 'cmake_target' from command line to 'None'
[0.603s] Level 5:colcon.colcon_core.verb:set package 'tennis_bot_perception' build argument 'cmake_target_skip_unavailable' from command line to 'False'
[0.603s] Level 5:colcon.colcon_core.verb:set package 'tennis_bot_perception' build argument 'cmake_clean_cache' from command line to 'False'
[0.603s] Level 5:colcon.colcon_core.verb:set package 'tennis_bot_perception' build argument 'cmake_clean_first' from command line to 'False'
[0.603s] Level 5:colcon.colcon_core.verb:set package 'tennis_bot_perception' build argument 'cmake_force_configure' from command line to 'False'
[0.603s] Level 5:colcon.colcon_core.verb:set package 'tennis_bot_perception' build argument 'ament_cmake_args' from command line to 'None'
[0.603s] Level 5:colcon.colcon_core.verb:set package 'tennis_bot_perception' build argument 'catkin_cmake_args' from command line to 'None'
[0.603s] Level 5:colcon.colcon_core.verb:set package 'tennis_bot_perception' build argument 'catkin_skip_building_tests' from command line to 'False'
[0.603s] DEBUG:colcon.colcon_core.verb:Building package 'tennis_bot_perception' with the following arguments: {'ament_cmake_args': None, 'build_base': '/home/g0kh4n_2/tennis_bot_ws/build/tennis_bot_perception', 'catkin_cmake_args': None, 'catkin_skip_building_tests': False, 'cmake_args': None, 'cmake_clean_cache': False, 'cmake_clean_first': False, 'cmake_force_configure': False, 'cmake_target': None, 'cmake_target_skip_unavailable': False, 'install_base': '/home/g0kh4n_2/tennis_bot_ws/install/tennis_bot_perception', 'merge_install': False, 'path': '/home/g0kh4n_2/tennis_bot_ws/src/tennis_bot_perception', 'symlink_install': False, 'test_result_base': None}
[0.604s] INFO:colcon.colcon_core.executor:Executing jobs using 'parallel' executor
[0.605s] DEBUG:colcon.colcon_parallel_executor.executor.parallel:run_until_complete
[0.606s] INFO:colcon.colcon_ros.task.ament_python.build:Building ROS package in '/home/g0kh4n_2/tennis_bot_ws/src/tennis_bot_perception' with build type 'ament_python'
[0.606s] Level 1:colcon.colcon_core.shell:create_environment_hook('tennis_bot_perception', 'ament_prefix_path')
[0.610s] INFO:colcon.colcon_core.plugin_system:Skipping extension 'colcon_core.shell.bat': Not used on non-Windows systems
[0.610s] INFO:colcon.colcon_core.shell:Creating environment hook '/home/g0kh4n_2/tennis_bot_ws/install/tennis_bot_perception/share/tennis_bot_perception/hook/ament_prefix_path.ps1'
[0.611s] INFO:colcon.colcon_core.shell:Creating environment descriptor '/home/g0kh4n_2/tennis_bot_ws/install/tennis_bot_perception/share/tennis_bot_perception/hook/ament_prefix_path.dsv'
[0.611s] INFO:colcon.colcon_core.shell:Creating environment hook '/home/g0kh4n_2/tennis_bot_ws/install/tennis_bot_perception/share/tennis_bot_perception/hook/ament_prefix_path.sh'
[0.612s] INFO:colcon.colcon_core.shell:Skip shell extension 'powershell' for command environment: Not usable outside of PowerShell
[0.612s] DEBUG:colcon.colcon_core.shell:Skip shell extension 'dsv' for command environment
[0.927s] INFO:colcon.colcon_core.task.python.build:Building Python package in '/home/g0kh4n_2/tennis_bot_ws/src/tennis_bot_perception'
[0.928s] INFO:colcon.colcon_core.shell:Skip shell extension 'powershell' for command environment: Not usable outside of PowerShell
[0.928s] DEBUG:colcon.colcon_core.shell:Skip shell extension 'dsv' for command environment
[1.402s] DEBUG:colcon.colcon_core.task.python.build:Available setuptools commands: symlink_data, build_scripts, install, install_data, egg_info, install_egg_info, bdist_egg, compile_catalog, build_ext, saveopts, bdist_rpm, extract_messages, easy_install, bdist, setopt, sdist, bdist_dumb, develop, check, install_scripts, dist_info, build_clib, rotate, clean, upload_docs, alias, init_catalog, upload, build, update_catalog, register, test, install_headers, build_py, install_lib
[1.410s] DEBUG:colcon.colcon_core.event_handler.log_command:Invoking command in '/home/g0kh4n_2/tennis_bot_ws/src/tennis_bot_perception': PYTHONPATH=/home/g0kh4n_2/tennis_bot_ws/build/tennis_bot_perception/prefix_override:/usr/lib/python3/dist-packages/colcon_core/task/python/colcon_distutils_commands:/home/g0kh4n_2/tennis_bot_ws/install/tennis_bot_perception/lib/python3.10/site-packages:${PYTHONPATH} /usr/bin/python3 -W ignore:setup.py install is deprecated -W ignore:easy_install command is deprecated setup.py egg_info --egg-base ../../build/tennis_bot_perception build --build-base /home/g0kh4n_2/tennis_bot_ws/build/tennis_bot_perception/build install --record /home/g0kh4n_2/tennis_bot_ws/build/tennis_bot_perception/install.log --install-scripts $base/lib/tennis_bot_perception --single-version-externally-managed install_data
[1.701s] DEBUG:colcon.colcon_core.event_handler.log_command:Invoked command in '/home/g0kh4n_2/tennis_bot_ws/src/tennis_bot_perception' returned '0': PYTHONPATH=/home/g0kh4n_2/tennis_bot_ws/build/tennis_bot_perception/prefix_override:/usr/lib/python3/dist-packages/colcon_core/task/python/colcon_distutils_commands:/home/g0kh4n_2/tennis_bot_ws/install/tennis_bot_perception/lib/python3.10/site-packages:${PYTHONPATH} /usr/bin/python3 -W ignore:setup.py install is deprecated -W ignore:easy_install command is deprecated setup.py egg_info --egg-base ../../build/tennis_bot_perception build --build-base /home/g0kh4n_2/tennis_bot_ws/build/tennis_bot_perception/build install --record /home/g0kh4n_2/tennis_bot_ws/build/tennis_bot_perception/install.log --install-scripts $base/lib/tennis_bot_perception --single-version-externally-managed install_data
[1.703s] Level 1:colcon.colcon_core.environment:checking '/home/g0kh4n_2/tennis_bot_ws/install/tennis_bot_perception' for CMake module files
[1.704s] Level 1:colcon.colcon_core.environment:checking '/home/g0kh4n_2/tennis_bot_ws/install/tennis_bot_perception' for CMake config files
[1.704s] Level 1:colcon.colcon_core.environment:checking '/home/g0kh4n_2/tennis_bot_ws/install/tennis_bot_perception/lib'
[1.705s] Level 1:colcon.colcon_core.environment:checking '/home/g0kh4n_2/tennis_bot_ws/install/tennis_bot_perception/bin'
[1.705s] Level 1:colcon.colcon_core.environment:checking '/home/g0kh4n_2/tennis_bot_ws/install/tennis_bot_perception/lib/pkgconfig/tennis_bot_perception.pc'
[1.705s] Level 1:colcon.colcon_core.environment:checking '/home/g0kh4n_2/tennis_bot_ws/install/tennis_bot_perception/lib/python3.10/site-packages'
[1.705s] Level 1:colcon.colcon_core.shell:create_environment_hook('tennis_bot_perception', 'pythonpath')
[1.705s] INFO:colcon.colcon_core.shell:Creating environment hook '/home/g0kh4n_2/tennis_bot_ws/install/tennis_bot_perception/share/tennis_bot_perception/hook/pythonpath.ps1'
[1.706s] INFO:colcon.colcon_core.shell:Creating environment descriptor '/home/g0kh4n_2/tennis_bot_ws/install/tennis_bot_perception/share/tennis_bot_perception/hook/pythonpath.dsv'
[1.706s] INFO:colcon.colcon_core.shell:Creating environment hook '/home/g0kh4n_2/tennis_bot_ws/install/tennis_bot_perception/share/tennis_bot_perception/hook/pythonpath.sh'
[1.706s] Level 1:colcon.colcon_core.environment:checking '/home/g0kh4n_2/tennis_bot_ws/install/tennis_bot_perception/bin'
[1.706s] Level 1:colcon.colcon_core.environment:create_environment_scripts_only(tennis_bot_perception)
[1.707s] INFO:colcon.colcon_core.shell:Creating package script '/home/g0kh4n_2/tennis_bot_ws/install/tennis_bot_perception/share/tennis_bot_perception/package.ps1'
[1.708s] INFO:colcon.colcon_core.shell:Creating package descriptor '/home/g0kh4n_2/tennis_bot_ws/install/tennis_bot_perception/share/tennis_bot_perception/package.dsv'
[1.708s] INFO:colcon.colcon_core.shell:Creating package script '/home/g0kh4n_2/tennis_bot_ws/install/tennis_bot_perception/share/tennis_bot_perception/package.sh'
[1.709s] INFO:colcon.colcon_core.shell:Creating package script '/home/g0kh4n_2/tennis_bot_ws/install/tennis_bot_perception/share/tennis_bot_perception/package.bash'
[1.710s] INFO:colcon.colcon_core.shell:Creating package script '/home/g0kh4n_2/tennis_bot_ws/install/tennis_bot_perception/share/tennis_bot_perception/package.zsh'
[1.711s] Level 1:colcon.colcon_core.environment:create_file_with_runtime_dependencies(/home/g0kh4n_2/tennis_bot_ws/install/tennis_bot_perception/share/colcon-core/packages/tennis_bot_perception)
[1.711s] DEBUG:colcon.colcon_parallel_executor.executor.parallel:closing loop
[1.712s] DEBUG:colcon.colcon_parallel_executor.executor.parallel:loop closed
[1.712s] DEBUG:colcon.colcon_parallel_executor.executor.parallel:run_until_complete finished with '0'
[1.712s] DEBUG:colcon.colcon_core.event_reactor:joining thread
[1.788s] INFO:colcon.colcon_core.plugin_system:Skipping extension 'colcon_notification.desktop_notification.notify_send': Could not find 'notify-send'
[1.788s] INFO:colcon.colcon_core.plugin_system:Skipping extension 'colcon_notification.desktop_notification.terminal_notifier': Not used on non-Darwin systems
[1.788s] INFO:colcon.colcon_core.plugin_system:Skipping extension 'colcon_notification.desktop_notification.win32': Not used on non-Windows systems
[1.788s] INFO:colcon.colcon_notification.desktop_notification:Sending desktop notification using 'notify2'
[1.789s] DEBUG:colcon.colcon_notification.desktop_notification.notify2:Failed to initialize notify2: org.freedesktop.DBus.Error.FileNotFound: Failed to connect to socket /run/user/1000/bus: No such file or directory
[1.789s] DEBUG:colcon.colcon_core.event_reactor:joined thread
[1.789s] INFO:colcon.colcon_core.shell:Creating prefix script '/home/g0kh4n_2/tennis_bot_ws/install/local_setup.ps1'
[1.790s] INFO:colcon.colcon_core.shell:Creating prefix util module '/home/g0kh4n_2/tennis_bot_ws/install/_local_setup_util_ps1.py'
[1.792s] INFO:colcon.colcon_core.shell:Creating prefix chain script '/home/g0kh4n_2/tennis_bot_ws/install/setup.ps1'
[1.793s] INFO:colcon.colcon_core.shell:Creating prefix script '/home/g0kh4n_2/tennis_bot_ws/install/local_setup.sh'
[1.794s] INFO:colcon.colcon_core.shell:Creating prefix util module '/home/g0kh4n_2/tennis_bot_ws/install/_local_setup_util_sh.py'
[1.795s] INFO:colcon.colcon_core.shell:Creating prefix chain script '/home/g0kh4n_2/tennis_bot_ws/install/setup.sh'
[1.796s] INFO:colcon.colcon_core.shell:Creating prefix script '/home/g0kh4n_2/tennis_bot_ws/install/local_setup.bash'
[1.797s] INFO:colcon.colcon_core.shell:Creating prefix chain script '/home/g0kh4n_2/tennis_bot_ws/install/setup.bash'
[1.798s] INFO:colcon.colcon_core.shell:Creating prefix script '/home/g0kh4n_2/tennis_bot_ws/install/local_setup.zsh'
[1.799s] INFO:colcon.colcon_core.shell:Creating prefix chain script '/home/g0kh4n_2/tennis_bot_ws/install/setup.zsh'
