[0.033s] Invoking command in '/home/g0kh4n_2/tennis_bot_ws/build/tennis_bot_description': CMAKE_PREFIX_PATH=${CMAKE_PREFIX_PATH}:/home/g0kh4n_2/tennis_bot_ws/install/tennis_bot_perception:/home/g0kh4n_2/tennis_bot_ws/install/tennis_bot_navigation:/opt/ros/humble /usr/bin/cmake --build /home/g0kh4n_2/tennis_bot_ws/build/tennis_bot_description -- -j6 -l6
[0.548s] Invoked command in '/home/g0kh4n_2/tennis_bot_ws/build/tennis_bot_description' returned '0': CMAKE_PREFIX_PATH=${CMAKE_PREFIX_PATH}:/home/g0kh4n_2/tennis_bot_ws/install/tennis_bot_perception:/home/g0kh4n_2/tennis_bot_ws/install/tennis_bot_navigation:/opt/ros/humble /usr/bin/cmake --build /home/g0kh4n_2/tennis_bot_ws/build/tennis_bot_description -- -j6 -l6
[0.558s] Invoking command in '/home/g0kh4n_2/tennis_bot_ws/build/tennis_bot_description': CMAKE_PREFIX_PATH=${CMAKE_PREFIX_PATH}:/home/g0kh4n_2/tennis_bot_ws/install/tennis_bot_perception:/home/g0kh4n_2/tennis_bot_ws/install/tennis_bot_navigation:/opt/ros/humble /usr/bin/cmake --install /home/g0kh4n_2/tennis_bot_ws/build/tennis_bot_description
[0.566s] -- Install configuration: ""
[0.567s] -- Execute custom install script
[0.567s] -- Up-to-date symlink: /home/g0kh4n_2/tennis_bot_ws/install/tennis_bot_description/share/tennis_bot_description/urdf/gazebo_control.xacro
[0.568s] -- Up-to-date symlink: /home/g0kh4n_2/tennis_bot_ws/install/tennis_bot_description/share/tennis_bot_description/urdf/gazebo_sensors.xacro
[0.568s] -- Up-to-date symlink: /home/g0kh4n_2/tennis_bot_ws/install/tennis_bot_description/share/tennis_bot_description/urdf/materials.xacro
[0.568s] -- Up-to-date symlink: /home/g0kh4n_2/tennis_bot_ws/install/tennis_bot_description/share/tennis_bot_description/urdf/tennis_bot.urdf.xacro
[0.568s] -- Up-to-date symlink: /home/g0kh4n_2/tennis_bot_ws/install/tennis_bot_description/share/tennis_bot_description/launch/display.launch.py
[0.568s] -- Up-to-date symlink: /home/g0kh4n_2/tennis_bot_ws/install/tennis_bot_description/share/tennis_bot_description/launch/simulation.launch.py
[0.569s] -- Up-to-date symlink: /home/g0kh4n_2/tennis_bot_ws/install/tennis_bot_description/share/tennis_bot_description/config/bridge.yaml
[0.569s] -- Up-to-date symlink: /home/g0kh4n_2/tennis_bot_ws/install/tennis_bot_description/share/tennis_bot_description/config/controllers.yaml
[0.569s] -- Up-to-date symlink: /home/g0kh4n_2/tennis_bot_ws/install/tennis_bot_description/share/tennis_bot_description/config/robot_localization.yaml
[0.569s] -- Up-to-date symlink: /home/g0kh4n_2/tennis_bot_ws/install/tennis_bot_description/share/tennis_bot_description/worlds/tennis_court.sdf
[0.569s] -- Up-to-date symlink: /home/g0kh4n_2/tennis_bot_ws/install/tennis_bot_description/share/ament_index/resource_index/package_run_dependencies/tennis_bot_description
[0.570s] -- Up-to-date symlink: /home/g0kh4n_2/tennis_bot_ws/install/tennis_bot_description/share/ament_index/resource_index/parent_prefix_path/tennis_bot_description
[0.570s] -- Up-to-date symlink: /home/g0kh4n_2/tennis_bot_ws/install/tennis_bot_description/share/tennis_bot_description/environment/ament_prefix_path.sh
[0.570s] -- Up-to-date symlink: /home/g0kh4n_2/tennis_bot_ws/install/tennis_bot_description/share/tennis_bot_description/environment/ament_prefix_path.dsv
[0.570s] -- Up-to-date symlink: /home/g0kh4n_2/tennis_bot_ws/install/tennis_bot_description/share/tennis_bot_description/environment/path.sh
[0.570s] -- Up-to-date symlink: /home/g0kh4n_2/tennis_bot_ws/install/tennis_bot_description/share/tennis_bot_description/environment/path.dsv
[0.571s] -- Up-to-date symlink: /home/g0kh4n_2/tennis_bot_ws/install/tennis_bot_description/share/tennis_bot_description/local_setup.bash
[0.571s] -- Up-to-date symlink: /home/g0kh4n_2/tennis_bot_ws/install/tennis_bot_description/share/tennis_bot_description/local_setup.sh
[0.571s] -- Up-to-date symlink: /home/g0kh4n_2/tennis_bot_ws/install/tennis_bot_description/share/tennis_bot_description/local_setup.zsh
[0.571s] -- Up-to-date symlink: /home/g0kh4n_2/tennis_bot_ws/install/tennis_bot_description/share/tennis_bot_description/local_setup.dsv
[0.572s] -- Symlinking: /home/g0kh4n_2/tennis_bot_ws/install/tennis_bot_description/share/tennis_bot_description/package.dsv
[0.582s] -- Up-to-date symlink: /home/g0kh4n_2/tennis_bot_ws/install/tennis_bot_description/share/ament_index/resource_index/packages/tennis_bot_description
[0.582s] -- Up-to-date symlink: /home/g0kh4n_2/tennis_bot_ws/install/tennis_bot_description/share/tennis_bot_description/cmake/tennis_bot_descriptionConfig.cmake
[0.582s] -- Up-to-date symlink: /home/g0kh4n_2/tennis_bot_ws/install/tennis_bot_description/share/tennis_bot_description/cmake/tennis_bot_descriptionConfig-version.cmake
[0.582s] -- Up-to-date symlink: /home/g0kh4n_2/tennis_bot_ws/install/tennis_bot_description/share/tennis_bot_description/package.xml
[0.585s] Invoked command in '/home/g0kh4n_2/tennis_bot_ws/build/tennis_bot_description' returned '0': CMAKE_PREFIX_PATH=${CMAKE_PREFIX_PATH}:/home/g0kh4n_2/tennis_bot_ws/install/tennis_bot_perception:/home/g0kh4n_2/tennis_bot_ws/install/tennis_bot_navigation:/opt/ros/humble /usr/bin/cmake --install /home/g0kh4n_2/tennis_bot_ws/build/tennis_bot_description
