[0.309s] DEBUG:colcon:Command line arguments: ['/usr/bin/colcon', 'build', '--symlink-install']
[0.309s] DEBUG:colcon:Parsed command line arguments: Namespace(log_base=None, log_level=None, verb_name='build', build_base='build', install_base='install', merge_install=False, symlink_install=True, test_result_base=None, continue_on_error=False, executor='parallel', parallel_workers=6, event_handlers=None, ignore_user_meta=False, metas=['./colcon.meta'], base_paths=['.'], packages_ignore=None, packages_ignore_regex=None, paths=None, packages_up_to=None, packages_up_to_regex=None, packages_above=None, packages_above_and_dependencies=None, packages_above_depth=None, packages_select_by_dep=None, packages_skip_by_dep=None, packages_skip_up_to=None, packages_select_build_failed=False, packages_skip_build_finished=False, packages_select_test_failures=False, packages_skip_test_passed=False, packages_select=None, packages_skip=None, packages_select_regex=None, packages_skip_regex=None, packages_start=None, packages_end=None, allow_overriding=[], cmake_args=None, cmake_target=None, cmake_target_skip_unavailable=False, cmake_clean_cache=False, cmake_clean_first=False, cmake_force_configure=False, ament_cmake_args=None, catkin_cmake_args=None, catkin_skip_building_tests=False, verb_parser=<colcon_defaults.argument_parser.defaults.DefaultArgumentsDecorator object at 0x7d423443c670>, verb_extension=<colcon_core.verb.build.BuildVerb object at 0x7d423443c160>, main=<bound method BuildVerb.main of <colcon_core.verb.build.BuildVerb object at 0x7d423443c160>>)
[0.565s] Level 1:colcon.colcon_core.package_discovery:discover_packages(colcon_meta) check parameters
[0.565s] Level 1:colcon.colcon_core.package_discovery:discover_packages(recursive) check parameters
[0.565s] Level 1:colcon.colcon_core.package_discovery:discover_packages(ignore) check parameters
[0.565s] Level 1:colcon.colcon_core.package_discovery:discover_packages(path) check parameters
[0.565s] Level 1:colcon.colcon_core.package_discovery:discover_packages(colcon_meta) discover
[0.565s] Level 1:colcon.colcon_core.package_discovery:discover_packages(recursive) discover
[0.565s] INFO:colcon.colcon_core.package_discovery:Crawling recursively for packages in '/home/g0kh4n_2/tennis_bot_ws'
[0.565s] Level 1:colcon.colcon_core.package_identification:_identify(.) by extensions ['ignore', 'ignore_ament_install']
[0.565s] Level 1:colcon.colcon_core.package_identification:_identify(.) by extension 'ignore'
[0.565s] Level 1:colcon.colcon_core.package_identification:_identify(.) by extension 'ignore_ament_install'
[0.565s] Level 1:colcon.colcon_core.package_identification:_identify(.) by extensions ['colcon_pkg']
[0.565s] Level 1:colcon.colcon_core.package_identification:_identify(.) by extension 'colcon_pkg'
[0.566s] Level 1:colcon.colcon_core.package_identification:_identify(.) by extensions ['colcon_meta']
[0.566s] Level 1:colcon.colcon_core.package_identification:_identify(.) by extension 'colcon_meta'
[0.566s] Level 1:colcon.colcon_core.package_identification:_identify(.) by extensions ['ros']
[0.566s] Level 1:colcon.colcon_core.package_identification:_identify(.) by extension 'ros'
[0.581s] Level 1:colcon.colcon_core.package_identification:_identify(.) by extensions ['cmake', 'python']
[0.581s] Level 1:colcon.colcon_core.package_identification:_identify(.) by extension 'cmake'
[0.581s] Level 1:colcon.colcon_core.package_identification:_identify(.) by extension 'python'
[0.581s] Level 1:colcon.colcon_core.package_identification:_identify(.) by extensions ['python_setup_py']
[0.581s] Level 1:colcon.colcon_core.package_identification:_identify(.) by extension 'python_setup_py'
[0.581s] Level 1:colcon.colcon_core.package_identification:_identify(build) by extensions ['ignore', 'ignore_ament_install']
[0.581s] Level 1:colcon.colcon_core.package_identification:_identify(build) by extension 'ignore'
[0.581s] Level 1:colcon.colcon_core.package_identification:_identify(build) ignored
[0.581s] Level 1:colcon.colcon_core.package_identification:_identify(install) by extensions ['ignore', 'ignore_ament_install']
[0.582s] Level 1:colcon.colcon_core.package_identification:_identify(install) by extension 'ignore'
[0.582s] Level 1:colcon.colcon_core.package_identification:_identify(install) ignored
[0.582s] Level 1:colcon.colcon_core.package_identification:_identify(log) by extensions ['ignore', 'ignore_ament_install']
[0.582s] Level 1:colcon.colcon_core.package_identification:_identify(log) by extension 'ignore'
[0.582s] Level 1:colcon.colcon_core.package_identification:_identify(log) ignored
[0.582s] Level 1:colcon.colcon_core.package_identification:_identify(src) by extensions ['ignore', 'ignore_ament_install']
[0.582s] Level 1:colcon.colcon_core.package_identification:_identify(src) by extension 'ignore'
[0.582s] Level 1:colcon.colcon_core.package_identification:_identify(src) by extension 'ignore_ament_install'
[0.582s] Level 1:colcon.colcon_core.package_identification:_identify(src) by extensions ['colcon_pkg']
[0.582s] Level 1:colcon.colcon_core.package_identification:_identify(src) by extension 'colcon_pkg'
[0.582s] Level 1:colcon.colcon_core.package_identification:_identify(src) by extensions ['colcon_meta']
[0.582s] Level 1:colcon.colcon_core.package_identification:_identify(src) by extension 'colcon_meta'
[0.582s] Level 1:colcon.colcon_core.package_identification:_identify(src) by extensions ['ros']
[0.582s] Level 1:colcon.colcon_core.package_identification:_identify(src) by extension 'ros'
[0.582s] Level 1:colcon.colcon_core.package_identification:_identify(src) by extensions ['cmake', 'python']
[0.582s] Level 1:colcon.colcon_core.package_identification:_identify(src) by extension 'cmake'
[0.582s] Level 1:colcon.colcon_core.package_identification:_identify(src) by extension 'python'
[0.582s] Level 1:colcon.colcon_core.package_identification:_identify(src) by extensions ['python_setup_py']
[0.582s] Level 1:colcon.colcon_core.package_identification:_identify(src) by extension 'python_setup_py'
[0.583s] Level 1:colcon.colcon_core.package_identification:_identify(src/tennis_bot_bringup) by extensions ['ignore', 'ignore_ament_install']
[0.583s] Level 1:colcon.colcon_core.package_identification:_identify(src/tennis_bot_bringup) by extension 'ignore'
[0.583s] Level 1:colcon.colcon_core.package_identification:_identify(src/tennis_bot_bringup) by extension 'ignore_ament_install'
[0.583s] Level 1:colcon.colcon_core.package_identification:_identify(src/tennis_bot_bringup) by extensions ['colcon_pkg']
[0.583s] Level 1:colcon.colcon_core.package_identification:_identify(src/tennis_bot_bringup) by extension 'colcon_pkg'
[0.583s] Level 1:colcon.colcon_core.package_identification:_identify(src/tennis_bot_bringup) by extensions ['colcon_meta']
[0.583s] Level 1:colcon.colcon_core.package_identification:_identify(src/tennis_bot_bringup) by extension 'colcon_meta'
[0.583s] Level 1:colcon.colcon_core.package_identification:_identify(src/tennis_bot_bringup) by extensions ['ros']
[0.583s] Level 1:colcon.colcon_core.package_identification:_identify(src/tennis_bot_bringup) by extension 'ros'
[0.586s] DEBUG:colcon.colcon_core.package_identification:Package 'src/tennis_bot_bringup' with type 'ros.ament_cmake' and name 'tennis_bot_bringup'
[0.586s] Level 1:colcon.colcon_core.package_identification:_identify(src/tennis_bot_description) by extensions ['ignore', 'ignore_ament_install']
[0.586s] Level 1:colcon.colcon_core.package_identification:_identify(src/tennis_bot_description) by extension 'ignore'
[0.587s] Level 1:colcon.colcon_core.package_identification:_identify(src/tennis_bot_description) by extension 'ignore_ament_install'
[0.587s] Level 1:colcon.colcon_core.package_identification:_identify(src/tennis_bot_description) by extensions ['colcon_pkg']
[0.587s] Level 1:colcon.colcon_core.package_identification:_identify(src/tennis_bot_description) by extension 'colcon_pkg'
[0.587s] Level 1:colcon.colcon_core.package_identification:_identify(src/tennis_bot_description) by extensions ['colcon_meta']
[0.587s] Level 1:colcon.colcon_core.package_identification:_identify(src/tennis_bot_description) by extension 'colcon_meta'
[0.587s] Level 1:colcon.colcon_core.package_identification:_identify(src/tennis_bot_description) by extensions ['ros']
[0.587s] Level 1:colcon.colcon_core.package_identification:_identify(src/tennis_bot_description) by extension 'ros'
[0.588s] DEBUG:colcon.colcon_core.package_identification:Package 'src/tennis_bot_description' with type 'ros.ament_cmake' and name 'tennis_bot_description'
[0.588s] Level 1:colcon.colcon_core.package_identification:_identify(src/tennis_bot_navigation) by extensions ['ignore', 'ignore_ament_install']
[0.588s] Level 1:colcon.colcon_core.package_identification:_identify(src/tennis_bot_navigation) by extension 'ignore'
[0.588s] Level 1:colcon.colcon_core.package_identification:_identify(src/tennis_bot_navigation) by extension 'ignore_ament_install'
[0.588s] Level 1:colcon.colcon_core.package_identification:_identify(src/tennis_bot_navigation) by extensions ['colcon_pkg']
[0.588s] Level 1:colcon.colcon_core.package_identification:_identify(src/tennis_bot_navigation) by extension 'colcon_pkg'
[0.588s] Level 1:colcon.colcon_core.package_identification:_identify(src/tennis_bot_navigation) by extensions ['colcon_meta']
[0.588s] Level 1:colcon.colcon_core.package_identification:_identify(src/tennis_bot_navigation) by extension 'colcon_meta'
[0.589s] Level 1:colcon.colcon_core.package_identification:_identify(src/tennis_bot_navigation) by extensions ['ros']
[0.589s] Level 1:colcon.colcon_core.package_identification:_identify(src/tennis_bot_navigation) by extension 'ros'
[0.590s] DEBUG:colcon.colcon_core.package_identification:Package 'src/tennis_bot_navigation' with type 'ros.ament_python' and name 'tennis_bot_navigation'
[0.590s] Level 1:colcon.colcon_core.package_identification:_identify(src/tennis_bot_perception) by extensions ['ignore', 'ignore_ament_install']
[0.590s] Level 1:colcon.colcon_core.package_identification:_identify(src/tennis_bot_perception) by extension 'ignore'
[0.591s] Level 1:colcon.colcon_core.package_identification:_identify(src/tennis_bot_perception) by extension 'ignore_ament_install'
[0.591s] Level 1:colcon.colcon_core.package_identification:_identify(src/tennis_bot_perception) by extensions ['colcon_pkg']
[0.591s] Level 1:colcon.colcon_core.package_identification:_identify(src/tennis_bot_perception) by extension 'colcon_pkg'
[0.591s] Level 1:colcon.colcon_core.package_identification:_identify(src/tennis_bot_perception) by extensions ['colcon_meta']
[0.591s] Level 1:colcon.colcon_core.package_identification:_identify(src/tennis_bot_perception) by extension 'colcon_meta'
[0.591s] Level 1:colcon.colcon_core.package_identification:_identify(src/tennis_bot_perception) by extensions ['ros']
[0.591s] Level 1:colcon.colcon_core.package_identification:_identify(src/tennis_bot_perception) by extension 'ros'
[0.592s] DEBUG:colcon.colcon_core.package_identification:Package 'src/tennis_bot_perception' with type 'ros.ament_python' and name 'tennis_bot_perception'
[0.592s] Level 1:colcon.colcon_core.package_discovery:discover_packages(recursive) using defaults
[0.592s] Level 1:colcon.colcon_core.package_discovery:discover_packages(ignore) discover
[0.592s] Level 1:colcon.colcon_core.package_discovery:discover_packages(ignore) using defaults
[0.592s] Level 1:colcon.colcon_core.package_discovery:discover_packages(path) discover
[0.592s] Level 1:colcon.colcon_core.package_discovery:discover_packages(path) using defaults
[0.650s] Level 1:colcon.colcon_core.package_discovery:discover_packages(prefix_path) check parameters
[0.650s] Level 1:colcon.colcon_core.package_discovery:discover_packages(prefix_path) discover
[0.653s] DEBUG:colcon.colcon_installed_package_information.package_discovery:Found 4 installed packages in /home/g0kh4n_2/tennis_bot_ws/install
[0.655s] DEBUG:colcon.colcon_installed_package_information.package_discovery:Found 373 installed packages in /opt/ros/humble
[0.657s] Level 1:colcon.colcon_core.package_discovery:discover_packages(prefix_path) using defaults
[0.704s] Level 5:colcon.colcon_core.verb:set package 'tennis_bot_description' build argument 'cmake_args' from command line to 'None'
[0.704s] Level 5:colcon.colcon_core.verb:set package 'tennis_bot_description' build argument 'cmake_target' from command line to 'None'
[0.704s] Level 5:colcon.colcon_core.verb:set package 'tennis_bot_description' build argument 'cmake_target_skip_unavailable' from command line to 'False'
[0.704s] Level 5:colcon.colcon_core.verb:set package 'tennis_bot_description' build argument 'cmake_clean_cache' from command line to 'False'
[0.704s] Level 5:colcon.colcon_core.verb:set package 'tennis_bot_description' build argument 'cmake_clean_first' from command line to 'False'
[0.704s] Level 5:colcon.colcon_core.verb:set package 'tennis_bot_description' build argument 'cmake_force_configure' from command line to 'False'
[0.704s] Level 5:colcon.colcon_core.verb:set package 'tennis_bot_description' build argument 'ament_cmake_args' from command line to 'None'
[0.704s] Level 5:colcon.colcon_core.verb:set package 'tennis_bot_description' build argument 'catkin_cmake_args' from command line to 'None'
[0.704s] Level 5:colcon.colcon_core.verb:set package 'tennis_bot_description' build argument 'catkin_skip_building_tests' from command line to 'False'
[0.704s] DEBUG:colcon.colcon_core.verb:Building package 'tennis_bot_description' with the following arguments: {'ament_cmake_args': None, 'build_base': '/home/g0kh4n_2/tennis_bot_ws/build/tennis_bot_description', 'catkin_cmake_args': None, 'catkin_skip_building_tests': False, 'cmake_args': None, 'cmake_clean_cache': False, 'cmake_clean_first': False, 'cmake_force_configure': False, 'cmake_target': None, 'cmake_target_skip_unavailable': False, 'install_base': '/home/g0kh4n_2/tennis_bot_ws/install/tennis_bot_description', 'merge_install': False, 'path': '/home/g0kh4n_2/tennis_bot_ws/src/tennis_bot_description', 'symlink_install': True, 'test_result_base': None}
[0.704s] Level 5:colcon.colcon_core.verb:set package 'tennis_bot_navigation' build argument 'cmake_args' from command line to 'None'
[0.704s] Level 5:colcon.colcon_core.verb:set package 'tennis_bot_navigation' build argument 'cmake_target' from command line to 'None'
[0.704s] Level 5:colcon.colcon_core.verb:set package 'tennis_bot_navigation' build argument 'cmake_target_skip_unavailable' from command line to 'False'
[0.704s] Level 5:colcon.colcon_core.verb:set package 'tennis_bot_navigation' build argument 'cmake_clean_cache' from command line to 'False'
[0.704s] Level 5:colcon.colcon_core.verb:set package 'tennis_bot_navigation' build argument 'cmake_clean_first' from command line to 'False'
[0.704s] Level 5:colcon.colcon_core.verb:set package 'tennis_bot_navigation' build argument 'cmake_force_configure' from command line to 'False'
[0.704s] Level 5:colcon.colcon_core.verb:set package 'tennis_bot_navigation' build argument 'ament_cmake_args' from command line to 'None'
[0.704s] Level 5:colcon.colcon_core.verb:set package 'tennis_bot_navigation' build argument 'catkin_cmake_args' from command line to 'None'
[0.704s] Level 5:colcon.colcon_core.verb:set package 'tennis_bot_navigation' build argument 'catkin_skip_building_tests' from command line to 'False'
[0.704s] DEBUG:colcon.colcon_core.verb:Building package 'tennis_bot_navigation' with the following arguments: {'ament_cmake_args': None, 'build_base': '/home/g0kh4n_2/tennis_bot_ws/build/tennis_bot_navigation', 'catkin_cmake_args': None, 'catkin_skip_building_tests': False, 'cmake_args': None, 'cmake_clean_cache': False, 'cmake_clean_first': False, 'cmake_force_configure': False, 'cmake_target': None, 'cmake_target_skip_unavailable': False, 'install_base': '/home/g0kh4n_2/tennis_bot_ws/install/tennis_bot_navigation', 'merge_install': False, 'path': '/home/g0kh4n_2/tennis_bot_ws/src/tennis_bot_navigation', 'symlink_install': True, 'test_result_base': None}
[0.705s] Level 5:colcon.colcon_core.verb:set package 'tennis_bot_perception' build argument 'cmake_args' from command line to 'None'
[0.705s] Level 5:colcon.colcon_core.verb:set package 'tennis_bot_perception' build argument 'cmake_target' from command line to 'None'
[0.705s] Level 5:colcon.colcon_core.verb:set package 'tennis_bot_perception' build argument 'cmake_target_skip_unavailable' from command line to 'False'
[0.705s] Level 5:colcon.colcon_core.verb:set package 'tennis_bot_perception' build argument 'cmake_clean_cache' from command line to 'False'
[0.705s] Level 5:colcon.colcon_core.verb:set package 'tennis_bot_perception' build argument 'cmake_clean_first' from command line to 'False'
[0.705s] Level 5:colcon.colcon_core.verb:set package 'tennis_bot_perception' build argument 'cmake_force_configure' from command line to 'False'
[0.705s] Level 5:colcon.colcon_core.verb:set package 'tennis_bot_perception' build argument 'ament_cmake_args' from command line to 'None'
[0.705s] Level 5:colcon.colcon_core.verb:set package 'tennis_bot_perception' build argument 'catkin_cmake_args' from command line to 'None'
[0.705s] Level 5:colcon.colcon_core.verb:set package 'tennis_bot_perception' build argument 'catkin_skip_building_tests' from command line to 'False'
[0.705s] DEBUG:colcon.colcon_core.verb:Building package 'tennis_bot_perception' with the following arguments: {'ament_cmake_args': None, 'build_base': '/home/g0kh4n_2/tennis_bot_ws/build/tennis_bot_perception', 'catkin_cmake_args': None, 'catkin_skip_building_tests': False, 'cmake_args': None, 'cmake_clean_cache': False, 'cmake_clean_first': False, 'cmake_force_configure': False, 'cmake_target': None, 'cmake_target_skip_unavailable': False, 'install_base': '/home/g0kh4n_2/tennis_bot_ws/install/tennis_bot_perception', 'merge_install': False, 'path': '/home/g0kh4n_2/tennis_bot_ws/src/tennis_bot_perception', 'symlink_install': True, 'test_result_base': None}
[0.705s] Level 5:colcon.colcon_core.verb:set package 'tennis_bot_bringup' build argument 'cmake_args' from command line to 'None'
[0.705s] Level 5:colcon.colcon_core.verb:set package 'tennis_bot_bringup' build argument 'cmake_target' from command line to 'None'
[0.705s] Level 5:colcon.colcon_core.verb:set package 'tennis_bot_bringup' build argument 'cmake_target_skip_unavailable' from command line to 'False'
[0.705s] Level 5:colcon.colcon_core.verb:set package 'tennis_bot_bringup' build argument 'cmake_clean_cache' from command line to 'False'
[0.705s] Level 5:colcon.colcon_core.verb:set package 'tennis_bot_bringup' build argument 'cmake_clean_first' from command line to 'False'
[0.705s] Level 5:colcon.colcon_core.verb:set package 'tennis_bot_bringup' build argument 'cmake_force_configure' from command line to 'False'
[0.705s] Level 5:colcon.colcon_core.verb:set package 'tennis_bot_bringup' build argument 'ament_cmake_args' from command line to 'None'
[0.705s] Level 5:colcon.colcon_core.verb:set package 'tennis_bot_bringup' build argument 'catkin_cmake_args' from command line to 'None'
[0.705s] Level 5:colcon.colcon_core.verb:set package 'tennis_bot_bringup' build argument 'catkin_skip_building_tests' from command line to 'False'
[0.705s] DEBUG:colcon.colcon_core.verb:Building package 'tennis_bot_bringup' with the following arguments: {'ament_cmake_args': None, 'build_base': '/home/g0kh4n_2/tennis_bot_ws/build/tennis_bot_bringup', 'catkin_cmake_args': None, 'catkin_skip_building_tests': False, 'cmake_args': None, 'cmake_clean_cache': False, 'cmake_clean_first': False, 'cmake_force_configure': False, 'cmake_target': None, 'cmake_target_skip_unavailable': False, 'install_base': '/home/g0kh4n_2/tennis_bot_ws/install/tennis_bot_bringup', 'merge_install': False, 'path': '/home/g0kh4n_2/tennis_bot_ws/src/tennis_bot_bringup', 'symlink_install': True, 'test_result_base': None}
[0.705s] INFO:colcon.colcon_core.executor:Executing jobs using 'parallel' executor
[0.707s] DEBUG:colcon.colcon_parallel_executor.executor.parallel:run_until_complete
[0.708s] INFO:colcon.colcon_ros.task.ament_cmake.build:Building ROS package in '/home/g0kh4n_2/tennis_bot_ws/src/tennis_bot_description' with build type 'ament_cmake'
[0.708s] INFO:colcon.colcon_cmake.task.cmake.build:Building CMake package in '/home/g0kh4n_2/tennis_bot_ws/src/tennis_bot_description'
[0.714s] INFO:colcon.colcon_core.plugin_system:Skipping extension 'colcon_core.shell.bat': Not used on non-Windows systems
[0.714s] INFO:colcon.colcon_core.shell:Skip shell extension 'powershell' for command environment: Not usable outside of PowerShell
[0.714s] DEBUG:colcon.colcon_core.shell:Skip shell extension 'dsv' for command environment
[0.720s] INFO:colcon.colcon_ros.task.ament_python.build:Building ROS package in '/home/g0kh4n_2/tennis_bot_ws/src/tennis_bot_navigation' with build type 'ament_python'
[0.720s] Level 1:colcon.colcon_core.shell:create_environment_hook('tennis_bot_navigation', 'ament_prefix_path')
[0.720s] INFO:colcon.colcon_core.shell:Creating environment hook '/home/g0kh4n_2/tennis_bot_ws/install/tennis_bot_navigation/share/tennis_bot_navigation/hook/ament_prefix_path.ps1'
[0.722s] INFO:colcon.colcon_core.shell:Creating environment descriptor '/home/g0kh4n_2/tennis_bot_ws/install/tennis_bot_navigation/share/tennis_bot_navigation/hook/ament_prefix_path.dsv'
[0.723s] INFO:colcon.colcon_core.shell:Creating environment hook '/home/g0kh4n_2/tennis_bot_ws/install/tennis_bot_navigation/share/tennis_bot_navigation/hook/ament_prefix_path.sh'
[0.725s] INFO:colcon.colcon_core.shell:Skip shell extension 'powershell' for command environment: Not usable outside of PowerShell
[0.725s] DEBUG:colcon.colcon_core.shell:Skip shell extension 'dsv' for command environment
[0.730s] INFO:colcon.colcon_ros.task.ament_python.build:Building ROS package in '/home/g0kh4n_2/tennis_bot_ws/src/tennis_bot_perception' with build type 'ament_python'
[0.731s] Level 1:colcon.colcon_core.shell:create_environment_hook('tennis_bot_perception', 'ament_prefix_path')
[0.731s] INFO:colcon.colcon_core.shell:Creating environment hook '/home/g0kh4n_2/tennis_bot_ws/install/tennis_bot_perception/share/tennis_bot_perception/hook/ament_prefix_path.ps1'
[0.733s] INFO:colcon.colcon_core.shell:Creating environment descriptor '/home/g0kh4n_2/tennis_bot_ws/install/tennis_bot_perception/share/tennis_bot_perception/hook/ament_prefix_path.dsv'
[0.735s] INFO:colcon.colcon_core.shell:Creating environment hook '/home/g0kh4n_2/tennis_bot_ws/install/tennis_bot_perception/share/tennis_bot_perception/hook/ament_prefix_path.sh'
[0.736s] INFO:colcon.colcon_core.shell:Skip shell extension 'powershell' for command environment: Not usable outside of PowerShell
[0.736s] DEBUG:colcon.colcon_core.shell:Skip shell extension 'dsv' for command environment
[0.752s] DEBUG:colcon.colcon_core.event_handler.log_command:Invoking command in '/home/g0kh4n_2/tennis_bot_ws/build/tennis_bot_description': CMAKE_PREFIX_PATH=${CMAKE_PREFIX_PATH}:/home/g0kh4n_2/tennis_bot_ws/install/tennis_bot_perception:/home/g0kh4n_2/tennis_bot_ws/install/tennis_bot_navigation:/opt/ros/humble /usr/bin/cmake /home/g0kh4n_2/tennis_bot_ws/src/tennis_bot_description -DAMENT_CMAKE_SYMLINK_INSTALL=1 -DCMAKE_INSTALL_PREFIX=/home/g0kh4n_2/tennis_bot_ws/install/tennis_bot_description
[1.217s] INFO:colcon.colcon_core.task.python.build:Building Python package in '/home/g0kh4n_2/tennis_bot_ws/src/tennis_bot_navigation'
[1.218s] INFO:colcon.colcon_core.shell:Skip shell extension 'powershell' for command environment: Not usable outside of PowerShell
[1.218s] DEBUG:colcon.colcon_core.shell:Skip shell extension 'dsv' for command environment
[1.500s] INFO:colcon.colcon_core.task.python.build:Building Python package in '/home/g0kh4n_2/tennis_bot_ws/src/tennis_bot_perception'
[1.501s] INFO:colcon.colcon_core.shell:Skip shell extension 'powershell' for command environment: Not usable outside of PowerShell
[1.501s] DEBUG:colcon.colcon_core.shell:Skip shell extension 'dsv' for command environment
[1.511s] DEBUG:colcon.colcon_core.event_handler.log_command:Invoked command in '/home/g0kh4n_2/tennis_bot_ws/build/tennis_bot_description' returned '0': CMAKE_PREFIX_PATH=${CMAKE_PREFIX_PATH}:/home/g0kh4n_2/tennis_bot_ws/install/tennis_bot_perception:/home/g0kh4n_2/tennis_bot_ws/install/tennis_bot_navigation:/opt/ros/humble /usr/bin/cmake /home/g0kh4n_2/tennis_bot_ws/src/tennis_bot_description -DAMENT_CMAKE_SYMLINK_INSTALL=1 -DCMAKE_INSTALL_PREFIX=/home/g0kh4n_2/tennis_bot_ws/install/tennis_bot_description
[1.514s] DEBUG:colcon.colcon_core.event_handler.log_command:Invoking command in '/home/g0kh4n_2/tennis_bot_ws/build/tennis_bot_description': CMAKE_PREFIX_PATH=${CMAKE_PREFIX_PATH}:/home/g0kh4n_2/tennis_bot_ws/install/tennis_bot_perception:/home/g0kh4n_2/tennis_bot_ws/install/tennis_bot_navigation:/opt/ros/humble /usr/bin/cmake --build /home/g0kh4n_2/tennis_bot_ws/build/tennis_bot_description -- -j6 -l6
[1.562s] DEBUG:colcon.colcon_core.event_handler.log_command:Invoked command in '/home/g0kh4n_2/tennis_bot_ws/build/tennis_bot_description' returned '0': CMAKE_PREFIX_PATH=${CMAKE_PREFIX_PATH}:/home/g0kh4n_2/tennis_bot_ws/install/tennis_bot_perception:/home/g0kh4n_2/tennis_bot_ws/install/tennis_bot_navigation:/opt/ros/humble /usr/bin/cmake --build /home/g0kh4n_2/tennis_bot_ws/build/tennis_bot_description -- -j6 -l6
[1.577s] DEBUG:colcon.colcon_core.event_handler.log_command:Invoking command in '/home/g0kh4n_2/tennis_bot_ws/build/tennis_bot_description': CMAKE_PREFIX_PATH=${CMAKE_PREFIX_PATH}:/home/g0kh4n_2/tennis_bot_ws/install/tennis_bot_perception:/home/g0kh4n_2/tennis_bot_ws/install/tennis_bot_navigation:/opt/ros/humble /usr/bin/cmake --install /home/g0kh4n_2/tennis_bot_ws/build/tennis_bot_description
[1.612s] Level 1:colcon.colcon_core.environment:create_environment_scripts_only(tennis_bot_description)
[1.613s] DEBUG:colcon.colcon_core.event_handler.log_command:Invoked command in '/home/g0kh4n_2/tennis_bot_ws/build/tennis_bot_description' returned '0': CMAKE_PREFIX_PATH=${CMAKE_PREFIX_PATH}:/home/g0kh4n_2/tennis_bot_ws/install/tennis_bot_perception:/home/g0kh4n_2/tennis_bot_ws/install/tennis_bot_navigation:/opt/ros/humble /usr/bin/cmake --install /home/g0kh4n_2/tennis_bot_ws/build/tennis_bot_description
[1.616s] Level 1:colcon.colcon_core.environment:checking '/home/g0kh4n_2/tennis_bot_ws/install/tennis_bot_description' for CMake module files
[1.617s] Level 1:colcon.colcon_core.environment:checking '/home/g0kh4n_2/tennis_bot_ws/install/tennis_bot_description' for CMake config files
[1.618s] Level 1:colcon.colcon_core.shell:create_environment_hook('tennis_bot_description', 'cmake_prefix_path')
[1.619s] INFO:colcon.colcon_core.shell:Creating environment hook '/home/g0kh4n_2/tennis_bot_ws/install/tennis_bot_description/share/tennis_bot_description/hook/cmake_prefix_path.ps1'
[1.619s] INFO:colcon.colcon_core.shell:Creating environment descriptor '/home/g0kh4n_2/tennis_bot_ws/install/tennis_bot_description/share/tennis_bot_description/hook/cmake_prefix_path.dsv'
[1.620s] INFO:colcon.colcon_core.shell:Creating environment hook '/home/g0kh4n_2/tennis_bot_ws/install/tennis_bot_description/share/tennis_bot_description/hook/cmake_prefix_path.sh'
[1.620s] Level 1:colcon.colcon_core.environment:checking '/home/g0kh4n_2/tennis_bot_ws/install/tennis_bot_description/bin'
[1.621s] Level 1:colcon.colcon_core.environment:checking '/home/g0kh4n_2/tennis_bot_ws/install/tennis_bot_description/lib/pkgconfig/tennis_bot_description.pc'
[1.621s] Level 1:colcon.colcon_core.environment:checking '/home/g0kh4n_2/tennis_bot_ws/install/tennis_bot_description/lib/python3.10/site-packages'
[1.621s] Level 1:colcon.colcon_core.environment:checking '/home/g0kh4n_2/tennis_bot_ws/install/tennis_bot_description/bin'
[1.621s] INFO:colcon.colcon_core.shell:Creating package script '/home/g0kh4n_2/tennis_bot_ws/install/tennis_bot_description/share/tennis_bot_description/package.ps1'
[1.623s] INFO:colcon.colcon_core.shell:Creating package descriptor '/home/g0kh4n_2/tennis_bot_ws/install/tennis_bot_description/share/tennis_bot_description/package.dsv'
[1.624s] INFO:colcon.colcon_core.shell:Creating package script '/home/g0kh4n_2/tennis_bot_ws/install/tennis_bot_description/share/tennis_bot_description/package.sh'
[1.625s] INFO:colcon.colcon_core.shell:Creating package script '/home/g0kh4n_2/tennis_bot_ws/install/tennis_bot_description/share/tennis_bot_description/package.bash'
[1.625s] INFO:colcon.colcon_core.shell:Creating package script '/home/g0kh4n_2/tennis_bot_ws/install/tennis_bot_description/share/tennis_bot_description/package.zsh'
[1.626s] Level 1:colcon.colcon_core.environment:create_file_with_runtime_dependencies(/home/g0kh4n_2/tennis_bot_ws/install/tennis_bot_description/share/colcon-core/packages/tennis_bot_description)
[1.627s] Level 1:colcon.colcon_core.environment:create_environment_scripts_only(tennis_bot_description)
[1.627s] Level 1:colcon.colcon_core.environment:checking '/home/g0kh4n_2/tennis_bot_ws/install/tennis_bot_description' for CMake module files
[1.628s] Level 1:colcon.colcon_core.environment:checking '/home/g0kh4n_2/tennis_bot_ws/install/tennis_bot_description' for CMake config files
[1.628s] Level 1:colcon.colcon_core.shell:create_environment_hook('tennis_bot_description', 'cmake_prefix_path')
[1.628s] INFO:colcon.colcon_core.shell:Creating environment hook '/home/g0kh4n_2/tennis_bot_ws/install/tennis_bot_description/share/tennis_bot_description/hook/cmake_prefix_path.ps1'
[1.629s] INFO:colcon.colcon_core.shell:Creating environment descriptor '/home/g0kh4n_2/tennis_bot_ws/install/tennis_bot_description/share/tennis_bot_description/hook/cmake_prefix_path.dsv'
[1.629s] INFO:colcon.colcon_core.shell:Creating environment hook '/home/g0kh4n_2/tennis_bot_ws/install/tennis_bot_description/share/tennis_bot_description/hook/cmake_prefix_path.sh'
[1.630s] Level 1:colcon.colcon_core.environment:checking '/home/g0kh4n_2/tennis_bot_ws/install/tennis_bot_description/bin'
[1.630s] Level 1:colcon.colcon_core.environment:checking '/home/g0kh4n_2/tennis_bot_ws/install/tennis_bot_description/lib/pkgconfig/tennis_bot_description.pc'
[1.630s] Level 1:colcon.colcon_core.environment:checking '/home/g0kh4n_2/tennis_bot_ws/install/tennis_bot_description/lib/python3.10/site-packages'
[1.630s] Level 1:colcon.colcon_core.environment:checking '/home/g0kh4n_2/tennis_bot_ws/install/tennis_bot_description/bin'
[1.631s] INFO:colcon.colcon_core.shell:Creating package script '/home/g0kh4n_2/tennis_bot_ws/install/tennis_bot_description/share/tennis_bot_description/package.ps1'
[1.631s] INFO:colcon.colcon_core.shell:Creating package descriptor '/home/g0kh4n_2/tennis_bot_ws/install/tennis_bot_description/share/tennis_bot_description/package.dsv'
[1.632s] INFO:colcon.colcon_core.shell:Creating package script '/home/g0kh4n_2/tennis_bot_ws/install/tennis_bot_description/share/tennis_bot_description/package.sh'
[1.633s] INFO:colcon.colcon_core.shell:Creating package script '/home/g0kh4n_2/tennis_bot_ws/install/tennis_bot_description/share/tennis_bot_description/package.bash'
[1.633s] INFO:colcon.colcon_core.shell:Creating package script '/home/g0kh4n_2/tennis_bot_ws/install/tennis_bot_description/share/tennis_bot_description/package.zsh'
[1.633s] Level 1:colcon.colcon_core.environment:create_file_with_runtime_dependencies(/home/g0kh4n_2/tennis_bot_ws/install/tennis_bot_description/share/colcon-core/packages/tennis_bot_description)
[2.183s] DEBUG:colcon.colcon_core.task.python.build:Available setuptools commands: install_egg_info, rotate, setopt, build_scripts, register, upload, symlink_data, egg_info, install_headers, test, compile_catalog, init_catalog, install_scripts, develop, saveopts, update_catalog, sdist, dist_info, build, upload_docs, bdist_dumb, build_py, build_clib, clean, install_data, alias, bdist_rpm, bdist_egg, install, install_lib, check, easy_install, build_ext, bdist, extract_messages
[2.185s] DEBUG:colcon.colcon_core.task.python.build:Available setuptools commands: install_egg_info, rotate, setopt, build_scripts, register, upload, symlink_data, egg_info, install_headers, test, compile_catalog, init_catalog, install_scripts, develop, saveopts, update_catalog, sdist, dist_info, build, upload_docs, bdist_dumb, build_py, build_clib, clean, install_data, alias, bdist_rpm, bdist_egg, install, install_lib, check, easy_install, build_ext, bdist, extract_messages
[2.546s] DEBUG:colcon.colcon_core.task.python.build:Available setuptools 'develop' options: --upgrade, --install-dir, --verbose, --allow-hosts, --zip-ok, --no-user-cfg, --always-unzip, --egg-path, --help, --optimize, --multi-version, --uninstall, --local-snapshots-ok, --record, --user, --dry-run, --build-directory, --index-url, --find-links, --script-dir, --quiet, --no-deps, --version, --prefix, --always-copy, --exclude-scripts, --no-find-links, --site-dirs, --install-layout, --editable, --force-installation-into-system-dir
[2.550s] DEBUG:colcon.colcon_core.task.python.build:While undoing a previous installation files outside the Python library path are being ignored: /home/g0kh4n_2/tennis_bot_ws/install/tennis_bot_navigation/share/ament_index/resource_index/packages/tennis_bot_navigation
[2.551s] DEBUG:colcon.colcon_core.task.python.build:While undoing a previous installation files outside the Python library path are being ignored: /home/g0kh4n_2/tennis_bot_ws/install/tennis_bot_navigation/share/tennis_bot_navigation/package.xml
[2.551s] DEBUG:colcon.colcon_core.task.python.build:While undoing a previous installation files outside the Python library path are being ignored: /home/g0kh4n_2/tennis_bot_ws/install/tennis_bot_navigation/share/tennis_bot_navigation/launch/mapping.launch.py
[2.551s] DEBUG:colcon.colcon_core.task.python.build:While undoing a previous installation files outside the Python library path are being ignored: /home/g0kh4n_2/tennis_bot_ws/install/tennis_bot_navigation/share/tennis_bot_navigation/launch/navigation.launch.py
[2.551s] DEBUG:colcon.colcon_core.task.python.build:While undoing a previous installation files outside the Python library path are being ignored: /home/g0kh4n_2/tennis_bot_ws/install/tennis_bot_navigation/share/tennis_bot_navigation/config/slam_toolbox.yaml
[2.551s] DEBUG:colcon.colcon_core.task.python.build:While undoing a previous installation files outside the Python library path are being ignored: /home/g0kh4n_2/tennis_bot_ws/install/tennis_bot_navigation/share/tennis_bot_navigation/config/nav2_params.yaml
[2.551s] DEBUG:colcon.colcon_core.task.python.build:While undoing a previous installation files outside the Python library path are being ignored: /home/g0kh4n_2/tennis_bot_ws/install/tennis_bot_navigation/share/tennis_bot_navigation/config/planner.yaml
[2.552s] DEBUG:colcon.colcon_core.task.python.build:While undoing a previous installation files outside the Python library path are being ignored: /home/g0kh4n_2/tennis_bot_ws/install/tennis_bot_navigation/share/tennis_bot_navigation/maps
[2.552s] DEBUG:colcon.colcon_core.task.python.build:While undoing a previous installation files outside the Python library path are being ignored: /home/g0kh4n_2/tennis_bot_ws/install/tennis_bot_navigation/lib/tennis_bot_navigation/cmd_vel_relay_node
[2.552s] DEBUG:colcon.colcon_core.task.python.build:While undoing a previous installation files outside the Python library path are being ignored: /home/g0kh4n_2/tennis_bot_ws/install/tennis_bot_navigation/lib/tennis_bot_navigation/collection_planner_node
[2.566s] DEBUG:colcon.colcon_core.task.python.build:Available setuptools 'develop' options: --upgrade, --install-dir, --verbose, --allow-hosts, --zip-ok, --no-user-cfg, --always-unzip, --egg-path, --help, --optimize, --multi-version, --uninstall, --local-snapshots-ok, --record, --user, --dry-run, --build-directory, --index-url, --find-links, --script-dir, --quiet, --no-deps, --version, --prefix, --always-copy, --exclude-scripts, --no-find-links, --site-dirs, --install-layout, --editable, --force-installation-into-system-dir
[2.569s] DEBUG:colcon.colcon_core.event_handler.log_command:Invoking command in '/home/g0kh4n_2/tennis_bot_ws/build/tennis_bot_navigation': PYTHONPATH=/home/g0kh4n_2/tennis_bot_ws/build/tennis_bot_navigation/prefix_override:/usr/lib/python3/dist-packages/colcon_core/task/python/colcon_distutils_commands:/home/g0kh4n_2/tennis_bot_ws/install/tennis_bot_navigation/lib/python3.10/site-packages:${PYTHONPATH} /usr/bin/python3 -W ignore:setup.py install is deprecated -W ignore:easy_install command is deprecated setup.py develop --editable --build-directory /home/g0kh4n_2/tennis_bot_ws/build/tennis_bot_navigation/build --no-deps symlink_data --force
[2.569s] DEBUG:colcon.colcon_core.task.python.build:While undoing a previous installation files outside the Python library path are being ignored: /home/g0kh4n_2/tennis_bot_ws/install/tennis_bot_perception/share/ament_index/resource_index/packages/tennis_bot_perception
[2.570s] DEBUG:colcon.colcon_core.task.python.build:While undoing a previous installation files outside the Python library path are being ignored: /home/g0kh4n_2/tennis_bot_ws/install/tennis_bot_perception/share/tennis_bot_perception/package.xml
[2.570s] DEBUG:colcon.colcon_core.task.python.build:While undoing a previous installation files outside the Python library path are being ignored: /home/g0kh4n_2/tennis_bot_ws/install/tennis_bot_perception/share/tennis_bot_perception/launch/perception.launch.py
[2.570s] DEBUG:colcon.colcon_core.task.python.build:While undoing a previous installation files outside the Python library path are being ignored: /home/g0kh4n_2/tennis_bot_ws/install/tennis_bot_perception/share/tennis_bot_perception/config/ball_detector.yaml
[2.571s] DEBUG:colcon.colcon_core.task.python.build:While undoing a previous installation files outside the Python library path are being ignored: /home/g0kh4n_2/tennis_bot_ws/install/tennis_bot_perception/lib/tennis_bot_perception/ball_detector_node
[2.589s] DEBUG:colcon.colcon_core.event_handler.log_command:Invoking command in '/home/g0kh4n_2/tennis_bot_ws/build/tennis_bot_perception': PYTHONPATH=/home/g0kh4n_2/tennis_bot_ws/build/tennis_bot_perception/prefix_override:/usr/lib/python3/dist-packages/colcon_core/task/python/colcon_distutils_commands:/home/g0kh4n_2/tennis_bot_ws/install/tennis_bot_perception/lib/python3.10/site-packages:${PYTHONPATH} /usr/bin/python3 -W ignore:setup.py install is deprecated -W ignore:easy_install command is deprecated setup.py develop --editable --build-directory /home/g0kh4n_2/tennis_bot_ws/build/tennis_bot_perception/build --no-deps symlink_data --force
[3.086s] Level 1:colcon.colcon_core.shell:create_environment_hook('tennis_bot_perception', 'pythonpath_develop')
[3.087s] DEBUG:colcon.colcon_core.event_handler.log_command:Invoked command in '/home/g0kh4n_2/tennis_bot_ws/build/tennis_bot_perception' returned '0': PYTHONPATH=/home/g0kh4n_2/tennis_bot_ws/build/tennis_bot_perception/prefix_override:/usr/lib/python3/dist-packages/colcon_core/task/python/colcon_distutils_commands:/home/g0kh4n_2/tennis_bot_ws/install/tennis_bot_perception/lib/python3.10/site-packages:${PYTHONPATH} /usr/bin/python3 -W ignore:setup.py install is deprecated -W ignore:easy_install command is deprecated setup.py develop --editable --build-directory /home/g0kh4n_2/tennis_bot_ws/build/tennis_bot_perception/build --no-deps symlink_data --force
[3.087s] INFO:colcon.colcon_core.shell:Creating environment hook '/home/g0kh4n_2/tennis_bot_ws/build/tennis_bot_perception/share/tennis_bot_perception/hook/pythonpath_develop.ps1'
[3.090s] INFO:colcon.colcon_core.shell:Creating environment descriptor '/home/g0kh4n_2/tennis_bot_ws/build/tennis_bot_perception/share/tennis_bot_perception/hook/pythonpath_develop.dsv'
[3.090s] INFO:colcon.colcon_core.shell:Creating environment hook '/home/g0kh4n_2/tennis_bot_ws/build/tennis_bot_perception/share/tennis_bot_perception/hook/pythonpath_develop.sh'
[3.091s] Level 1:colcon.colcon_core.environment:checking '/home/g0kh4n_2/tennis_bot_ws/install/tennis_bot_perception' for CMake module files
[3.092s] Level 1:colcon.colcon_core.environment:checking '/home/g0kh4n_2/tennis_bot_ws/install/tennis_bot_perception' for CMake config files
[3.094s] Level 1:colcon.colcon_core.environment:checking '/home/g0kh4n_2/tennis_bot_ws/install/tennis_bot_perception/lib'
[3.094s] Level 1:colcon.colcon_core.environment:checking '/home/g0kh4n_2/tennis_bot_ws/install/tennis_bot_perception/bin'
[3.094s] Level 1:colcon.colcon_core.environment:checking '/home/g0kh4n_2/tennis_bot_ws/install/tennis_bot_perception/lib/pkgconfig/tennis_bot_perception.pc'
[3.094s] Level 1:colcon.colcon_core.environment:checking '/home/g0kh4n_2/tennis_bot_ws/install/tennis_bot_perception/lib/python3.10/site-packages'
[3.095s] Level 1:colcon.colcon_core.shell:create_environment_hook('tennis_bot_perception', 'pythonpath')
[3.095s] INFO:colcon.colcon_core.shell:Creating environment hook '/home/g0kh4n_2/tennis_bot_ws/install/tennis_bot_perception/share/tennis_bot_perception/hook/pythonpath.ps1'
[3.096s] INFO:colcon.colcon_core.shell:Creating environment descriptor '/home/g0kh4n_2/tennis_bot_ws/install/tennis_bot_perception/share/tennis_bot_perception/hook/pythonpath.dsv'
[3.097s] INFO:colcon.colcon_core.shell:Creating environment hook '/home/g0kh4n_2/tennis_bot_ws/install/tennis_bot_perception/share/tennis_bot_perception/hook/pythonpath.sh'
[3.098s] Level 1:colcon.colcon_core.environment:checking '/home/g0kh4n_2/tennis_bot_ws/install/tennis_bot_perception/bin'
[3.098s] Level 1:colcon.colcon_core.environment:create_environment_scripts_only(tennis_bot_perception)
[3.098s] INFO:colcon.colcon_core.shell:Creating package script '/home/g0kh4n_2/tennis_bot_ws/install/tennis_bot_perception/share/tennis_bot_perception/package.ps1'
[3.100s] INFO:colcon.colcon_core.shell:Creating package descriptor '/home/g0kh4n_2/tennis_bot_ws/install/tennis_bot_perception/share/tennis_bot_perception/package.dsv'
[3.101s] INFO:colcon.colcon_core.shell:Creating package script '/home/g0kh4n_2/tennis_bot_ws/install/tennis_bot_perception/share/tennis_bot_perception/package.sh'
[3.101s] INFO:colcon.colcon_core.shell:Creating package script '/home/g0kh4n_2/tennis_bot_ws/install/tennis_bot_perception/share/tennis_bot_perception/package.bash'
[3.102s] INFO:colcon.colcon_core.shell:Creating package script '/home/g0kh4n_2/tennis_bot_ws/install/tennis_bot_perception/share/tennis_bot_perception/package.zsh'
[3.102s] Level 1:colcon.colcon_core.environment:create_file_with_runtime_dependencies(/home/g0kh4n_2/tennis_bot_ws/install/tennis_bot_perception/share/colcon-core/packages/tennis_bot_perception)
[3.106s] Level 1:colcon.colcon_core.shell:create_environment_hook('tennis_bot_navigation', 'pythonpath_develop')
[3.106s] DEBUG:colcon.colcon_core.event_handler.log_command:Invoked command in '/home/g0kh4n_2/tennis_bot_ws/build/tennis_bot_navigation' returned '0': PYTHONPATH=/home/g0kh4n_2/tennis_bot_ws/build/tennis_bot_navigation/prefix_override:/usr/lib/python3/dist-packages/colcon_core/task/python/colcon_distutils_commands:/home/g0kh4n_2/tennis_bot_ws/install/tennis_bot_navigation/lib/python3.10/site-packages:${PYTHONPATH} /usr/bin/python3 -W ignore:setup.py install is deprecated -W ignore:easy_install command is deprecated setup.py develop --editable --build-directory /home/g0kh4n_2/tennis_bot_ws/build/tennis_bot_navigation/build --no-deps symlink_data --force
[3.107s] INFO:colcon.colcon_core.shell:Creating environment hook '/home/g0kh4n_2/tennis_bot_ws/build/tennis_bot_navigation/share/tennis_bot_navigation/hook/pythonpath_develop.ps1'
[3.109s] INFO:colcon.colcon_core.shell:Creating environment descriptor '/home/g0kh4n_2/tennis_bot_ws/build/tennis_bot_navigation/share/tennis_bot_navigation/hook/pythonpath_develop.dsv'
[3.109s] INFO:colcon.colcon_core.shell:Creating environment hook '/home/g0kh4n_2/tennis_bot_ws/build/tennis_bot_navigation/share/tennis_bot_navigation/hook/pythonpath_develop.sh'
[3.110s] Level 1:colcon.colcon_core.environment:checking '/home/g0kh4n_2/tennis_bot_ws/install/tennis_bot_navigation' for CMake module files
[3.110s] Level 1:colcon.colcon_core.environment:checking '/home/g0kh4n_2/tennis_bot_ws/install/tennis_bot_navigation' for CMake config files
[3.111s] Level 1:colcon.colcon_core.environment:checking '/home/g0kh4n_2/tennis_bot_ws/install/tennis_bot_navigation/lib'
[3.111s] Level 1:colcon.colcon_core.environment:checking '/home/g0kh4n_2/tennis_bot_ws/install/tennis_bot_navigation/bin'
[3.112s] Level 1:colcon.colcon_core.environment:checking '/home/g0kh4n_2/tennis_bot_ws/install/tennis_bot_navigation/lib/pkgconfig/tennis_bot_navigation.pc'
[3.112s] Level 1:colcon.colcon_core.environment:checking '/home/g0kh4n_2/tennis_bot_ws/install/tennis_bot_navigation/lib/python3.10/site-packages'
[3.112s] Level 1:colcon.colcon_core.shell:create_environment_hook('tennis_bot_navigation', 'pythonpath')
[3.112s] INFO:colcon.colcon_core.shell:Creating environment hook '/home/g0kh4n_2/tennis_bot_ws/install/tennis_bot_navigation/share/tennis_bot_navigation/hook/pythonpath.ps1'
[3.112s] INFO:colcon.colcon_core.shell:Creating environment descriptor '/home/g0kh4n_2/tennis_bot_ws/install/tennis_bot_navigation/share/tennis_bot_navigation/hook/pythonpath.dsv'
[3.113s] INFO:colcon.colcon_core.shell:Creating environment hook '/home/g0kh4n_2/tennis_bot_ws/install/tennis_bot_navigation/share/tennis_bot_navigation/hook/pythonpath.sh'
[3.114s] Level 1:colcon.colcon_core.environment:checking '/home/g0kh4n_2/tennis_bot_ws/install/tennis_bot_navigation/bin'
[3.114s] Level 1:colcon.colcon_core.environment:create_environment_scripts_only(tennis_bot_navigation)
[3.114s] INFO:colcon.colcon_core.shell:Creating package script '/home/g0kh4n_2/tennis_bot_ws/install/tennis_bot_navigation/share/tennis_bot_navigation/package.ps1'
[3.115s] INFO:colcon.colcon_core.shell:Creating package descriptor '/home/g0kh4n_2/tennis_bot_ws/install/tennis_bot_navigation/share/tennis_bot_navigation/package.dsv'
[3.115s] INFO:colcon.colcon_core.shell:Creating package script '/home/g0kh4n_2/tennis_bot_ws/install/tennis_bot_navigation/share/tennis_bot_navigation/package.sh'
[3.116s] INFO:colcon.colcon_core.shell:Creating package script '/home/g0kh4n_2/tennis_bot_ws/install/tennis_bot_navigation/share/tennis_bot_navigation/package.bash'
[3.117s] INFO:colcon.colcon_core.shell:Creating package script '/home/g0kh4n_2/tennis_bot_ws/install/tennis_bot_navigation/share/tennis_bot_navigation/package.zsh'
[3.117s] Level 1:colcon.colcon_core.environment:create_file_with_runtime_dependencies(/home/g0kh4n_2/tennis_bot_ws/install/tennis_bot_navigation/share/colcon-core/packages/tennis_bot_navigation)
[3.118s] INFO:colcon.colcon_ros.task.ament_cmake.build:Building ROS package in '/home/g0kh4n_2/tennis_bot_ws/src/tennis_bot_bringup' with build type 'ament_cmake'
[3.118s] INFO:colcon.colcon_cmake.task.cmake.build:Building CMake package in '/home/g0kh4n_2/tennis_bot_ws/src/tennis_bot_bringup'
[3.118s] INFO:colcon.colcon_core.shell:Skip shell extension 'powershell' for command environment: Not usable outside of PowerShell
[3.119s] DEBUG:colcon.colcon_core.shell:Skip shell extension 'dsv' for command environment
[3.834s] DEBUG:colcon.colcon_core.event_handler.log_command:Invoking command in '/home/g0kh4n_2/tennis_bot_ws/build/tennis_bot_bringup': AMENT_PREFIX_PATH=/home/g0kh4n_2/tennis_bot_ws/install/tennis_bot_perception:/home/g0kh4n_2/tennis_bot_ws/install/tennis_bot_navigation:/home/g0kh4n_2/tennis_bot_ws/install/tennis_bot_bringup:/home/g0kh4n_2/tennis_bot_ws/install/tennis_bot_description:/opt/ros/humble CMAKE_PREFIX_PATH=/home/g0kh4n_2/tennis_bot_ws/install/tennis_bot_description:/home/g0kh4n_2/tennis_bot_ws/install/tennis_bot_bringup:/home/g0kh4n_2/tennis_bot_ws/install/tennis_bot_perception:/home/g0kh4n_2/tennis_bot_ws/install/tennis_bot_navigation:/opt/ros/humble PYTHONPATH=/home/g0kh4n_2/tennis_bot_ws/build/tennis_bot_perception:/home/g0kh4n_2/tennis_bot_ws/install/tennis_bot_perception/lib/python3.10/site-packages:/home/g0kh4n_2/tennis_bot_ws/build/tennis_bot_navigation:/home/g0kh4n_2/tennis_bot_ws/install/tennis_bot_navigation/lib/python3.10/site-packages:/opt/ros/humble/lib/python3.10/site-packages:/opt/ros/humble/local/lib/python3.10/dist-packages /usr/bin/cmake /home/g0kh4n_2/tennis_bot_ws/src/tennis_bot_bringup -DAMENT_CMAKE_SYMLINK_INSTALL=1 -DCMAKE_INSTALL_PREFIX=/home/g0kh4n_2/tennis_bot_ws/install/tennis_bot_bringup
[4.089s] DEBUG:colcon.colcon_core.event_handler.log_command:Invoked command in '/home/g0kh4n_2/tennis_bot_ws/build/tennis_bot_bringup' returned '0': AMENT_PREFIX_PATH=/home/g0kh4n_2/tennis_bot_ws/install/tennis_bot_perception:/home/g0kh4n_2/tennis_bot_ws/install/tennis_bot_navigation:/home/g0kh4n_2/tennis_bot_ws/install/tennis_bot_bringup:/home/g0kh4n_2/tennis_bot_ws/install/tennis_bot_description:/opt/ros/humble CMAKE_PREFIX_PATH=/home/g0kh4n_2/tennis_bot_ws/install/tennis_bot_description:/home/g0kh4n_2/tennis_bot_ws/install/tennis_bot_bringup:/home/g0kh4n_2/tennis_bot_ws/install/tennis_bot_perception:/home/g0kh4n_2/tennis_bot_ws/install/tennis_bot_navigation:/opt/ros/humble PYTHONPATH=/home/g0kh4n_2/tennis_bot_ws/build/tennis_bot_perception:/home/g0kh4n_2/tennis_bot_ws/install/tennis_bot_perception/lib/python3.10/site-packages:/home/g0kh4n_2/tennis_bot_ws/build/tennis_bot_navigation:/home/g0kh4n_2/tennis_bot_ws/install/tennis_bot_navigation/lib/python3.10/site-packages:/opt/ros/humble/lib/python3.10/site-packages:/opt/ros/humble/local/lib/python3.10/dist-packages /usr/bin/cmake /home/g0kh4n_2/tennis_bot_ws/src/tennis_bot_bringup -DAMENT_CMAKE_SYMLINK_INSTALL=1 -DCMAKE_INSTALL_PREFIX=/home/g0kh4n_2/tennis_bot_ws/install/tennis_bot_bringup
[4.093s] DEBUG:colcon.colcon_core.event_handler.log_command:Invoking command in '/home/g0kh4n_2/tennis_bot_ws/build/tennis_bot_bringup': AMENT_PREFIX_PATH=/home/g0kh4n_2/tennis_bot_ws/install/tennis_bot_perception:/home/g0kh4n_2/tennis_bot_ws/install/tennis_bot_navigation:/home/g0kh4n_2/tennis_bot_ws/install/tennis_bot_bringup:/home/g0kh4n_2/tennis_bot_ws/install/tennis_bot_description:/opt/ros/humble CMAKE_PREFIX_PATH=/home/g0kh4n_2/tennis_bot_ws/install/tennis_bot_description:/home/g0kh4n_2/tennis_bot_ws/install/tennis_bot_bringup:/home/g0kh4n_2/tennis_bot_ws/install/tennis_bot_perception:/home/g0kh4n_2/tennis_bot_ws/install/tennis_bot_navigation:/opt/ros/humble PYTHONPATH=/home/g0kh4n_2/tennis_bot_ws/build/tennis_bot_perception:/home/g0kh4n_2/tennis_bot_ws/install/tennis_bot_perception/lib/python3.10/site-packages:/home/g0kh4n_2/tennis_bot_ws/build/tennis_bot_navigation:/home/g0kh4n_2/tennis_bot_ws/install/tennis_bot_navigation/lib/python3.10/site-packages:/opt/ros/humble/lib/python3.10/site-packages:/opt/ros/humble/local/lib/python3.10/dist-packages /usr/bin/cmake --build /home/g0kh4n_2/tennis_bot_ws/build/tennis_bot_bringup -- -j6 -l6
[4.133s] DEBUG:colcon.colcon_core.event_handler.log_command:Invoked command in '/home/g0kh4n_2/tennis_bot_ws/build/tennis_bot_bringup' returned '0': AMENT_PREFIX_PATH=/home/g0kh4n_2/tennis_bot_ws/install/tennis_bot_perception:/home/g0kh4n_2/tennis_bot_ws/install/tennis_bot_navigation:/home/g0kh4n_2/tennis_bot_ws/install/tennis_bot_bringup:/home/g0kh4n_2/tennis_bot_ws/install/tennis_bot_description:/opt/ros/humble CMAKE_PREFIX_PATH=/home/g0kh4n_2/tennis_bot_ws/install/tennis_bot_description:/home/g0kh4n_2/tennis_bot_ws/install/tennis_bot_bringup:/home/g0kh4n_2/tennis_bot_ws/install/tennis_bot_perception:/home/g0kh4n_2/tennis_bot_ws/install/tennis_bot_navigation:/opt/ros/humble PYTHONPATH=/home/g0kh4n_2/tennis_bot_ws/build/tennis_bot_perception:/home/g0kh4n_2/tennis_bot_ws/install/tennis_bot_perception/lib/python3.10/site-packages:/home/g0kh4n_2/tennis_bot_ws/build/tennis_bot_navigation:/home/g0kh4n_2/tennis_bot_ws/install/tennis_bot_navigation/lib/python3.10/site-packages:/opt/ros/humble/lib/python3.10/site-packages:/opt/ros/humble/local/lib/python3.10/dist-packages /usr/bin/cmake --build /home/g0kh4n_2/tennis_bot_ws/build/tennis_bot_bringup -- -j6 -l6
[4.135s] DEBUG:colcon.colcon_core.event_handler.log_command:Invoking command in '/home/g0kh4n_2/tennis_bot_ws/build/tennis_bot_bringup': AMENT_PREFIX_PATH=/home/g0kh4n_2/tennis_bot_ws/install/tennis_bot_perception:/home/g0kh4n_2/tennis_bot_ws/install/tennis_bot_navigation:/home/g0kh4n_2/tennis_bot_ws/install/tennis_bot_bringup:/home/g0kh4n_2/tennis_bot_ws/install/tennis_bot_description:/opt/ros/humble CMAKE_PREFIX_PATH=/home/g0kh4n_2/tennis_bot_ws/install/tennis_bot_description:/home/g0kh4n_2/tennis_bot_ws/install/tennis_bot_bringup:/home/g0kh4n_2/tennis_bot_ws/install/tennis_bot_perception:/home/g0kh4n_2/tennis_bot_ws/install/tennis_bot_navigation:/opt/ros/humble PYTHONPATH=/home/g0kh4n_2/tennis_bot_ws/build/tennis_bot_perception:/home/g0kh4n_2/tennis_bot_ws/install/tennis_bot_perception/lib/python3.10/site-packages:/home/g0kh4n_2/tennis_bot_ws/build/tennis_bot_navigation:/home/g0kh4n_2/tennis_bot_ws/install/tennis_bot_navigation/lib/python3.10/site-packages:/opt/ros/humble/lib/python3.10/site-packages:/opt/ros/humble/local/lib/python3.10/dist-packages /usr/bin/cmake --install /home/g0kh4n_2/tennis_bot_ws/build/tennis_bot_bringup
[4.332s] Level 1:colcon.colcon_core.environment:create_environment_scripts_only(tennis_bot_bringup)
[4.333s] DEBUG:colcon.colcon_core.event_handler.log_command:Invoked command in '/home/g0kh4n_2/tennis_bot_ws/build/tennis_bot_bringup' returned '0': AMENT_PREFIX_PATH=/home/g0kh4n_2/tennis_bot_ws/install/tennis_bot_perception:/home/g0kh4n_2/tennis_bot_ws/install/tennis_bot_navigation:/home/g0kh4n_2/tennis_bot_ws/install/tennis_bot_bringup:/home/g0kh4n_2/tennis_bot_ws/install/tennis_bot_description:/opt/ros/humble CMAKE_PREFIX_PATH=/home/g0kh4n_2/tennis_bot_ws/install/tennis_bot_description:/home/g0kh4n_2/tennis_bot_ws/install/tennis_bot_bringup:/home/g0kh4n_2/tennis_bot_ws/install/tennis_bot_perception:/home/g0kh4n_2/tennis_bot_ws/install/tennis_bot_navigation:/opt/ros/humble PYTHONPATH=/home/g0kh4n_2/tennis_bot_ws/build/tennis_bot_perception:/home/g0kh4n_2/tennis_bot_ws/install/tennis_bot_perception/lib/python3.10/site-packages:/home/g0kh4n_2/tennis_bot_ws/build/tennis_bot_navigation:/home/g0kh4n_2/tennis_bot_ws/install/tennis_bot_navigation/lib/python3.10/site-packages:/opt/ros/humble/lib/python3.10/site-packages:/opt/ros/humble/local/lib/python3.10/dist-packages /usr/bin/cmake --install /home/g0kh4n_2/tennis_bot_ws/build/tennis_bot_bringup
[4.333s] Level 1:colcon.colcon_core.environment:checking '/home/g0kh4n_2/tennis_bot_ws/install/tennis_bot_bringup' for CMake module files
[4.334s] Level 1:colcon.colcon_core.environment:checking '/home/g0kh4n_2/tennis_bot_ws/install/tennis_bot_bringup' for CMake config files
[4.336s] Level 1:colcon.colcon_core.shell:create_environment_hook('tennis_bot_bringup', 'cmake_prefix_path')
[4.337s] INFO:colcon.colcon_core.shell:Creating environment hook '/home/g0kh4n_2/tennis_bot_ws/install/tennis_bot_bringup/share/tennis_bot_bringup/hook/cmake_prefix_path.ps1'
[4.337s] INFO:colcon.colcon_core.shell:Creating environment descriptor '/home/g0kh4n_2/tennis_bot_ws/install/tennis_bot_bringup/share/tennis_bot_bringup/hook/cmake_prefix_path.dsv'
[4.338s] INFO:colcon.colcon_core.shell:Creating environment hook '/home/g0kh4n_2/tennis_bot_ws/install/tennis_bot_bringup/share/tennis_bot_bringup/hook/cmake_prefix_path.sh'
[4.338s] Level 1:colcon.colcon_core.environment:checking '/home/g0kh4n_2/tennis_bot_ws/install/tennis_bot_bringup/bin'
[4.338s] Level 1:colcon.colcon_core.environment:checking '/home/g0kh4n_2/tennis_bot_ws/install/tennis_bot_bringup/lib/pkgconfig/tennis_bot_bringup.pc'
[4.339s] Level 1:colcon.colcon_core.environment:checking '/home/g0kh4n_2/tennis_bot_ws/install/tennis_bot_bringup/lib/python3.10/site-packages'
[4.339s] Level 1:colcon.colcon_core.environment:checking '/home/g0kh4n_2/tennis_bot_ws/install/tennis_bot_bringup/bin'
[4.339s] INFO:colcon.colcon_core.shell:Creating package script '/home/g0kh4n_2/tennis_bot_ws/install/tennis_bot_bringup/share/tennis_bot_bringup/package.ps1'
[4.340s] INFO:colcon.colcon_core.shell:Creating package descriptor '/home/g0kh4n_2/tennis_bot_ws/install/tennis_bot_bringup/share/tennis_bot_bringup/package.dsv'
[4.341s] INFO:colcon.colcon_core.shell:Creating package script '/home/g0kh4n_2/tennis_bot_ws/install/tennis_bot_bringup/share/tennis_bot_bringup/package.sh'
[4.342s] INFO:colcon.colcon_core.shell:Creating package script '/home/g0kh4n_2/tennis_bot_ws/install/tennis_bot_bringup/share/tennis_bot_bringup/package.bash'
[4.343s] INFO:colcon.colcon_core.shell:Creating package script '/home/g0kh4n_2/tennis_bot_ws/install/tennis_bot_bringup/share/tennis_bot_bringup/package.zsh'
[4.344s] Level 1:colcon.colcon_core.environment:create_file_with_runtime_dependencies(/home/g0kh4n_2/tennis_bot_ws/install/tennis_bot_bringup/share/colcon-core/packages/tennis_bot_bringup)
[4.345s] Level 1:colcon.colcon_core.environment:create_environment_scripts_only(tennis_bot_bringup)
[4.345s] Level 1:colcon.colcon_core.environment:checking '/home/g0kh4n_2/tennis_bot_ws/install/tennis_bot_bringup' for CMake module files
[4.346s] Level 1:colcon.colcon_core.environment:checking '/home/g0kh4n_2/tennis_bot_ws/install/tennis_bot_bringup' for CMake config files
[4.346s] Level 1:colcon.colcon_core.shell:create_environment_hook('tennis_bot_bringup', 'cmake_prefix_path')
[4.346s] INFO:colcon.colcon_core.shell:Creating environment hook '/home/g0kh4n_2/tennis_bot_ws/install/tennis_bot_bringup/share/tennis_bot_bringup/hook/cmake_prefix_path.ps1'
[4.347s] INFO:colcon.colcon_core.shell:Creating environment descriptor '/home/g0kh4n_2/tennis_bot_ws/install/tennis_bot_bringup/share/tennis_bot_bringup/hook/cmake_prefix_path.dsv'
[4.348s] INFO:colcon.colcon_core.shell:Creating environment hook '/home/g0kh4n_2/tennis_bot_ws/install/tennis_bot_bringup/share/tennis_bot_bringup/hook/cmake_prefix_path.sh'
[4.349s] Level 1:colcon.colcon_core.environment:checking '/home/g0kh4n_2/tennis_bot_ws/install/tennis_bot_bringup/bin'
[4.349s] Level 1:colcon.colcon_core.environment:checking '/home/g0kh4n_2/tennis_bot_ws/install/tennis_bot_bringup/lib/pkgconfig/tennis_bot_bringup.pc'
[4.349s] Level 1:colcon.colcon_core.environment:checking '/home/g0kh4n_2/tennis_bot_ws/install/tennis_bot_bringup/lib/python3.10/site-packages'
[4.349s] Level 1:colcon.colcon_core.environment:checking '/home/g0kh4n_2/tennis_bot_ws/install/tennis_bot_bringup/bin'
[4.349s] INFO:colcon.colcon_core.shell:Creating package script '/home/g0kh4n_2/tennis_bot_ws/install/tennis_bot_bringup/share/tennis_bot_bringup/package.ps1'
[4.350s] INFO:colcon.colcon_core.shell:Creating package descriptor '/home/g0kh4n_2/tennis_bot_ws/install/tennis_bot_bringup/share/tennis_bot_bringup/package.dsv'
[4.351s] INFO:colcon.colcon_core.shell:Creating package script '/home/g0kh4n_2/tennis_bot_ws/install/tennis_bot_bringup/share/tennis_bot_bringup/package.sh'
[4.352s] INFO:colcon.colcon_core.shell:Creating package script '/home/g0kh4n_2/tennis_bot_ws/install/tennis_bot_bringup/share/tennis_bot_bringup/package.bash'
[4.352s] INFO:colcon.colcon_core.shell:Creating package script '/home/g0kh4n_2/tennis_bot_ws/install/tennis_bot_bringup/share/tennis_bot_bringup/package.zsh'
[4.353s] Level 1:colcon.colcon_core.environment:create_file_with_runtime_dependencies(/home/g0kh4n_2/tennis_bot_ws/install/tennis_bot_bringup/share/colcon-core/packages/tennis_bot_bringup)
[4.353s] DEBUG:colcon.colcon_parallel_executor.executor.parallel:closing loop
[4.355s] DEBUG:colcon.colcon_parallel_executor.executor.parallel:loop closed
[4.355s] DEBUG:colcon.colcon_parallel_executor.executor.parallel:run_until_complete finished with '0'
[4.355s] DEBUG:colcon.colcon_core.event_reactor:joining thread
[4.456s] INFO:colcon.colcon_core.plugin_system:Skipping extension 'colcon_notification.desktop_notification.notify_send': Could not find 'notify-send'
[4.456s] INFO:colcon.colcon_core.plugin_system:Skipping extension 'colcon_notification.desktop_notification.terminal_notifier': Not used on non-Darwin systems
[4.456s] INFO:colcon.colcon_core.plugin_system:Skipping extension 'colcon_notification.desktop_notification.win32': Not used on non-Windows systems
[4.456s] INFO:colcon.colcon_notification.desktop_notification:Sending desktop notification using 'notify2'
[4.457s] DEBUG:colcon.colcon_notification.desktop_notification.notify2:Failed to initialize notify2: org.freedesktop.DBus.Error.FileNotFound: Failed to connect to socket /run/user/1000/bus: No such file or directory
[4.457s] DEBUG:colcon.colcon_core.event_reactor:joined thread
[4.457s] INFO:colcon.colcon_core.shell:Creating prefix script '/home/g0kh4n_2/tennis_bot_ws/install/local_setup.ps1'
[4.458s] INFO:colcon.colcon_core.shell:Creating prefix util module '/home/g0kh4n_2/tennis_bot_ws/install/_local_setup_util_ps1.py'
[4.460s] INFO:colcon.colcon_core.shell:Creating prefix chain script '/home/g0kh4n_2/tennis_bot_ws/install/setup.ps1'
[4.461s] INFO:colcon.colcon_core.shell:Creating prefix script '/home/g0kh4n_2/tennis_bot_ws/install/local_setup.sh'
[4.463s] INFO:colcon.colcon_core.shell:Creating prefix util module '/home/g0kh4n_2/tennis_bot_ws/install/_local_setup_util_sh.py'
[4.464s] INFO:colcon.colcon_core.shell:Creating prefix chain script '/home/g0kh4n_2/tennis_bot_ws/install/setup.sh'
[4.466s] INFO:colcon.colcon_core.shell:Creating prefix script '/home/g0kh4n_2/tennis_bot_ws/install/local_setup.bash'
[4.466s] INFO:colcon.colcon_core.shell:Creating prefix chain script '/home/g0kh4n_2/tennis_bot_ws/install/setup.bash'
[4.468s] INFO:colcon.colcon_core.shell:Creating prefix script '/home/g0kh4n_2/tennis_bot_ws/install/local_setup.zsh'
[4.470s] INFO:colcon.colcon_core.shell:Creating prefix chain script '/home/g0kh4n_2/tennis_bot_ws/install/setup.zsh'
