running egg_info
writing ../../build/tennis_bot_navigation/tennis_bot_navigation.egg-info/PKG-INFO
writing dependency_links to ../../build/tennis_bot_navigation/tennis_bot_navigation.egg-info/dependency_links.txt
writing entry points to ../../build/tennis_bot_navigation/tennis_bot_navigation.egg-info/entry_points.txt
writing requirements to ../../build/tennis_bot_navigation/tennis_bot_navigation.egg-info/requires.txt
writing top-level names to ../../build/tennis_bot_navigation/tennis_bot_navigation.egg-info/top_level.txt
reading manifest file '../../build/tennis_bot_navigation/tennis_bot_navigation.egg-info/SOURCES.txt'
writing manifest file '../../build/tennis_bot_navigation/tennis_bot_navigation.egg-info/SOURCES.txt'
running build
running build_py
running install
running install_lib
running install_data
copying launch/navigation.launch.py -> /home/g0kh4n_2/tennis_bot_ws/install/tennis_bot_navigation/share/tennis_bot_navigation/launch
running install_egg_info
removing '/home/g0kh4n_2/tennis_bot_ws/install/tennis_bot_navigation/lib/python3.10/site-packages/tennis_bot_navigation-0.0.0-py3.10.egg-info' (and everything under it)
Copying ../../build/tennis_bot_navigation/tennis_bot_navigation.egg-info to /home/g0kh4n_2/tennis_bot_ws/install/tennis_bot_navigation/lib/python3.10/site-packages/tennis_bot_navigation-0.0.0-py3.10.egg-info
running install_scripts
Installing cmd_vel_relay_node script to /home/g0kh4n_2/tennis_bot_ws/install/tennis_bot_navigation/lib/tennis_bot_navigation
Installing collection_planner_node script to /home/g0kh4n_2/tennis_bot_ws/install/tennis_bot_navigation/lib/tennis_bot_navigation
writing list of installed files to '/home/g0kh4n_2/tennis_bot_ws/build/tennis_bot_navigation/install.log'
