-- Install configuration: ""
-- Execute custom install script
-- Up-to-date symlink: /home/g0kh4n_2/tennis_bot_ws/install/tennis_bot_description/share/tennis_bot_description/urdf/gazebo_control.xacro
-- Up-to-date symlink: /home/g0kh4n_2/tennis_bot_ws/install/tennis_bot_description/share/tennis_bot_description/urdf/gazebo_sensors.xacro
-- Up-to-date symlink: /home/g0kh4n_2/tennis_bot_ws/install/tennis_bot_description/share/tennis_bot_description/urdf/materials.xacro
-- Up-to-date symlink: /home/g0kh4n_2/tennis_bot_ws/install/tennis_bot_description/share/tennis_bot_description/urdf/tennis_bot.urdf.xacro
-- Up-to-date symlink: /home/g0kh4n_2/tennis_bot_ws/install/tennis_bot_description/share/tennis_bot_description/launch/display.launch.py
-- Up-to-date symlink: /home/g0kh4n_2/tennis_bot_ws/install/tennis_bot_description/share/tennis_bot_description/launch/simulation.launch.py
-- Up-to-date symlink: /home/g0kh4n_2/tennis_bot_ws/install/tennis_bot_description/share/tennis_bot_description/config/bridge.yaml
-- Up-to-date symlink: /home/g0kh4n_2/tennis_bot_ws/install/tennis_bot_description/share/tennis_bot_description/config/controllers.yaml
-- Up-to-date symlink: /home/g0kh4n_2/tennis_bot_ws/install/tennis_bot_description/share/tennis_bot_description/config/robot_localization.yaml
-- Up-to-date symlink: /home/g0kh4n_2/tennis_bot_ws/install/tennis_bot_description/share/tennis_bot_description/worlds/tennis_court.sdf
-- Up-to-date symlink: /home/g0kh4n_2/tennis_bot_ws/install/tennis_bot_description/share/ament_index/resource_index/package_run_dependencies/tennis_bot_description
-- Up-to-date symlink: /home/g0kh4n_2/tennis_bot_ws/install/tennis_bot_description/share/ament_index/resource_index/parent_prefix_path/tennis_bot_description
-- Up-to-date symlink: /home/g0kh4n_2/tennis_bot_ws/install/tennis_bot_description/share/tennis_bot_description/environment/ament_prefix_path.sh
-- Up-to-date symlink: /home/g0kh4n_2/tennis_bot_ws/install/tennis_bot_description/share/tennis_bot_description/environment/ament_prefix_path.dsv
-- Up-to-date symlink: /home/g0kh4n_2/tennis_bot_ws/install/tennis_bot_description/share/tennis_bot_description/environment/path.sh
-- Up-to-date symlink: /home/g0kh4n_2/tennis_bot_ws/install/tennis_bot_description/share/tennis_bot_description/environment/path.dsv
-- Up-to-date symlink: /home/g0kh4n_2/tennis_bot_ws/install/tennis_bot_description/share/tennis_bot_description/local_setup.bash
-- Up-to-date symlink: /home/g0kh4n_2/tennis_bot_ws/install/tennis_bot_description/share/tennis_bot_description/local_setup.sh
-- Up-to-date symlink: /home/g0kh4n_2/tennis_bot_ws/install/tennis_bot_description/share/tennis_bot_description/local_setup.zsh
-- Up-to-date symlink: /home/g0kh4n_2/tennis_bot_ws/install/tennis_bot_description/share/tennis_bot_description/local_setup.dsv
-- Symlinking: /home/g0kh4n_2/tennis_bot_ws/install/tennis_bot_description/share/tennis_bot_description/package.dsv
-- Up-to-date symlink: /home/g0kh4n_2/tennis_bot_ws/install/tennis_bot_description/share/ament_index/resource_index/packages/tennis_bot_description
-- Up-to-date symlink: /home/g0kh4n_2/tennis_bot_ws/install/tennis_bot_description/share/tennis_bot_description/cmake/tennis_bot_descriptionConfig.cmake
-- Up-to-date symlink: /home/g0kh4n_2/tennis_bot_ws/install/tennis_bot_description/share/tennis_bot_description/cmake/tennis_bot_descriptionConfig-version.cmake
-- Up-to-date symlink: /home/g0kh4n_2/tennis_bot_ws/install/tennis_bot_description/share/tennis_bot_description/package.xml
