-- Found ament_cmake: 1.3.14 (/opt/ros/humble/share/ament_cmake/cmake)
-- Override CMake install command with custom implementation using symlinks instead of copying resources
-- Found ament_lint_auto: 0.12.15 (/opt/ros/humble/share/ament_lint_auto/cmake)
-- Added test 'flake8' to check Python code syntax and style conventions
-- Added test 'lint_cmake' to check CMake code style
-- Added test 'pep257' to check Python code against some of the docstring style conventions in PEP 257
-- Added test 'xmllint' to check XML markup files
-- Configuring done
-- Generating done
-- Build files have been written to: /home/g0kh4n_2/tennis_bot_ws/build/tennis_bot_bringup
-- Install configuration: ""
-- Execute custom install script
-- Symlinking: /home/g0kh4n_2/tennis_bot_ws/install/tennis_bot_bringup/share/tennis_bot_bringup/launch/tennis_bot.launch.py
-- Symlinking: /home/g0kh4n_2/tennis_bot_ws/install/tennis_bot_bringup/share/ament_index/resource_index/package_run_dependencies/tennis_bot_bringup
-- Symlinking: /home/g0kh4n_2/tennis_bot_ws/install/tennis_bot_bringup/share/ament_index/resource_index/parent_prefix_path/tennis_bot_bringup
-- Symlinking: /home/g0kh4n_2/tennis_bot_ws/install/tennis_bot_bringup/share/tennis_bot_bringup/environment/ament_prefix_path.sh
-- Symlinking: /home/g0kh4n_2/tennis_bot_ws/install/tennis_bot_bringup/share/tennis_bot_bringup/environment/ament_prefix_path.dsv
-- Symlinking: /home/g0kh4n_2/tennis_bot_ws/install/tennis_bot_bringup/share/tennis_bot_bringup/environment/path.sh
-- Symlinking: /home/g0kh4n_2/tennis_bot_ws/install/tennis_bot_bringup/share/tennis_bot_bringup/environment/path.dsv
-- Symlinking: /home/g0kh4n_2/tennis_bot_ws/install/tennis_bot_bringup/share/tennis_bot_bringup/local_setup.bash
-- Symlinking: /home/g0kh4n_2/tennis_bot_ws/install/tennis_bot_bringup/share/tennis_bot_bringup/local_setup.sh
-- Symlinking: /home/g0kh4n_2/tennis_bot_ws/install/tennis_bot_bringup/share/tennis_bot_bringup/local_setup.zsh
-- Symlinking: /home/g0kh4n_2/tennis_bot_ws/install/tennis_bot_bringup/share/tennis_bot_bringup/local_setup.dsv
-- Symlinking: /home/g0kh4n_2/tennis_bot_ws/install/tennis_bot_bringup/share/tennis_bot_bringup/package.dsv
-- Symlinking: /home/g0kh4n_2/tennis_bot_ws/install/tennis_bot_bringup/share/ament_index/resource_index/packages/tennis_bot_bringup
-- Symlinking: /home/g0kh4n_2/tennis_bot_ws/install/tennis_bot_bringup/share/tennis_bot_bringup/cmake/tennis_bot_bringupConfig.cmake
-- Symlinking: /home/g0kh4n_2/tennis_bot_ws/install/tennis_bot_bringup/share/tennis_bot_bringup/cmake/tennis_bot_bringupConfig-version.cmake
-- Symlinking: /home/g0kh4n_2/tennis_bot_ws/install/tennis_bot_bringup/share/tennis_bot_bringup/package.xml
