[0.714s] Invoking command in '/home/g0kh4n_2/tennis_bot_ws/build/tennis_bot_bringup': AMENT_PREFIX_PATH=/home/g0kh4n_2/tennis_bot_ws/install/tennis_bot_perception:/home/g0kh4n_2/tennis_bot_ws/install/tennis_bot_navigation:/home/g0kh4n_2/tennis_bot_ws/install/tennis_bot_bringup:/home/g0kh4n_2/tennis_bot_ws/install/tennis_bot_description:/opt/ros/humble CMAKE_PREFIX_PATH=/home/g0kh4n_2/tennis_bot_ws/install/tennis_bot_description:/home/g0kh4n_2/tennis_bot_ws/install/tennis_bot_bringup:/home/g0kh4n_2/tennis_bot_ws/install/tennis_bot_perception:/home/g0kh4n_2/tennis_bot_ws/install/tennis_bot_navigation:/opt/ros/humble PYTHONPATH=/home/g0kh4n_2/tennis_bot_ws/build/tennis_bot_perception:/home/g0kh4n_2/tennis_bot_ws/install/tennis_bot_perception/lib/python3.10/site-packages:/home/g0kh4n_2/tennis_bot_ws/build/tennis_bot_navigation:/home/g0kh4n_2/tennis_bot_ws/install/tennis_bot_navigation/lib/python3.10/site-packages:/opt/ros/humble/lib/python3.10/site-packages:/opt/ros/humble/local/lib/python3.10/dist-packages /usr/bin/cmake /home/g0kh4n_2/tennis_bot_ws/src/tennis_bot_bringup -DAMENT_CMAKE_SYMLINK_INSTALL=1 -DCMAKE_INSTALL_PREFIX=/home/g0kh4n_2/tennis_bot_ws/install/tennis_bot_bringup
[0.726s] -- Found ament_cmake: 1.3.14 (/opt/ros/humble/share/ament_cmake/cmake)
[0.855s] -- Override CMake install command with custom implementation using symlinks instead of copying resources
[0.863s] -- Found ament_lint_auto: 0.12.15 (/opt/ros/humble/share/ament_lint_auto/cmake)
[0.947s] -- Added test 'flake8' to check Python code syntax and style conventions
[0.947s] -- Added test 'lint_cmake' to check CMake code style
[0.948s] -- Added test 'pep257' to check Python code against some of the docstring style conventions in PEP 257
[0.949s] -- Added test 'xmllint' to check XML markup files
[0.952s] -- Configuring done
[0.962s] -- Generating done
[0.965s] -- Build files have been written to: /home/g0kh4n_2/tennis_bot_ws/build/tennis_bot_bringup
[0.969s] Invoked command in '/home/g0kh4n_2/tennis_bot_ws/build/tennis_bot_bringup' returned '0': AMENT_PREFIX_PATH=/home/g0kh4n_2/tennis_bot_ws/install/tennis_bot_perception:/home/g0kh4n_2/tennis_bot_ws/install/tennis_bot_navigation:/home/g0kh4n_2/tennis_bot_ws/install/tennis_bot_bringup:/home/g0kh4n_2/tennis_bot_ws/install/tennis_bot_description:/opt/ros/humble CMAKE_PREFIX_PATH=/home/g0kh4n_2/tennis_bot_ws/install/tennis_bot_description:/home/g0kh4n_2/tennis_bot_ws/install/tennis_bot_bringup:/home/g0kh4n_2/tennis_bot_ws/install/tennis_bot_perception:/home/g0kh4n_2/tennis_bot_ws/install/tennis_bot_navigation:/opt/ros/humble PYTHONPATH=/home/g0kh4n_2/tennis_bot_ws/build/tennis_bot_perception:/home/g0kh4n_2/tennis_bot_ws/install/tennis_bot_perception/lib/python3.10/site-packages:/home/g0kh4n_2/tennis_bot_ws/build/tennis_bot_navigation:/home/g0kh4n_2/tennis_bot_ws/install/tennis_bot_navigation/lib/python3.10/site-packages:/opt/ros/humble/lib/python3.10/site-packages:/opt/ros/humble/local/lib/python3.10/dist-packages /usr/bin/cmake /home/g0kh4n_2/tennis_bot_ws/src/tennis_bot_bringup -DAMENT_CMAKE_SYMLINK_INSTALL=1 -DCMAKE_INSTALL_PREFIX=/home/g0kh4n_2/tennis_bot_ws/install/tennis_bot_bringup
[0.972s] Invoking command in '/home/g0kh4n_2/tennis_bot_ws/build/tennis_bot_bringup': AMENT_PREFIX_PATH=/home/g0kh4n_2/tennis_bot_ws/install/tennis_bot_perception:/home/g0kh4n_2/tennis_bot_ws/install/tennis_bot_navigation:/home/g0kh4n_2/tennis_bot_ws/install/tennis_bot_bringup:/home/g0kh4n_2/tennis_bot_ws/install/tennis_bot_description:/opt/ros/humble CMAKE_PREFIX_PATH=/home/g0kh4n_2/tennis_bot_ws/install/tennis_bot_description:/home/g0kh4n_2/tennis_bot_ws/install/tennis_bot_bringup:/home/g0kh4n_2/tennis_bot_ws/install/tennis_bot_perception:/home/g0kh4n_2/tennis_bot_ws/install/tennis_bot_navigation:/opt/ros/humble PYTHONPATH=/home/g0kh4n_2/tennis_bot_ws/build/tennis_bot_perception:/home/g0kh4n_2/tennis_bot_ws/install/tennis_bot_perception/lib/python3.10/site-packages:/home/g0kh4n_2/tennis_bot_ws/build/tennis_bot_navigation:/home/g0kh4n_2/tennis_bot_ws/install/tennis_bot_navigation/lib/python3.10/site-packages:/opt/ros/humble/lib/python3.10/site-packages:/opt/ros/humble/local/lib/python3.10/dist-packages /usr/bin/cmake --build /home/g0kh4n_2/tennis_bot_ws/build/tennis_bot_bringup -- -j6 -l6
[1.013s] Invoked command in '/home/g0kh4n_2/tennis_bot_ws/build/tennis_bot_bringup' returned '0': AMENT_PREFIX_PATH=/home/g0kh4n_2/tennis_bot_ws/install/tennis_bot_perception:/home/g0kh4n_2/tennis_bot_ws/install/tennis_bot_navigation:/home/g0kh4n_2/tennis_bot_ws/install/tennis_bot_bringup:/home/g0kh4n_2/tennis_bot_ws/install/tennis_bot_description:/opt/ros/humble CMAKE_PREFIX_PATH=/home/g0kh4n_2/tennis_bot_ws/install/tennis_bot_description:/home/g0kh4n_2/tennis_bot_ws/install/tennis_bot_bringup:/home/g0kh4n_2/tennis_bot_ws/install/tennis_bot_perception:/home/g0kh4n_2/tennis_bot_ws/install/tennis_bot_navigation:/opt/ros/humble PYTHONPATH=/home/g0kh4n_2/tennis_bot_ws/build/tennis_bot_perception:/home/g0kh4n_2/tennis_bot_ws/install/tennis_bot_perception/lib/python3.10/site-packages:/home/g0kh4n_2/tennis_bot_ws/build/tennis_bot_navigation:/home/g0kh4n_2/tennis_bot_ws/install/tennis_bot_navigation/lib/python3.10/site-packages:/opt/ros/humble/lib/python3.10/site-packages:/opt/ros/humble/local/lib/python3.10/dist-packages /usr/bin/cmake --build /home/g0kh4n_2/tennis_bot_ws/build/tennis_bot_bringup -- -j6 -l6
[1.016s] Invoking command in '/home/g0kh4n_2/tennis_bot_ws/build/tennis_bot_bringup': AMENT_PREFIX_PATH=/home/g0kh4n_2/tennis_bot_ws/install/tennis_bot_perception:/home/g0kh4n_2/tennis_bot_ws/install/tennis_bot_navigation:/home/g0kh4n_2/tennis_bot_ws/install/tennis_bot_bringup:/home/g0kh4n_2/tennis_bot_ws/install/tennis_bot_description:/opt/ros/humble CMAKE_PREFIX_PATH=/home/g0kh4n_2/tennis_bot_ws/install/tennis_bot_description:/home/g0kh4n_2/tennis_bot_ws/install/tennis_bot_bringup:/home/g0kh4n_2/tennis_bot_ws/install/tennis_bot_perception:/home/g0kh4n_2/tennis_bot_ws/install/tennis_bot_navigation:/opt/ros/humble PYTHONPATH=/home/g0kh4n_2/tennis_bot_ws/build/tennis_bot_perception:/home/g0kh4n_2/tennis_bot_ws/install/tennis_bot_perception/lib/python3.10/site-packages:/home/g0kh4n_2/tennis_bot_ws/build/tennis_bot_navigation:/home/g0kh4n_2/tennis_bot_ws/install/tennis_bot_navigation/lib/python3.10/site-packages:/opt/ros/humble/lib/python3.10/site-packages:/opt/ros/humble/local/lib/python3.10/dist-packages /usr/bin/cmake --install /home/g0kh4n_2/tennis_bot_ws/build/tennis_bot_bringup
[1.023s] -- Install configuration: ""
[1.023s] -- Execute custom install script
[1.023s] -- Symlinking: /home/g0kh4n_2/tennis_bot_ws/install/tennis_bot_bringup/share/tennis_bot_bringup/launch/tennis_bot.launch.py
[1.035s] -- Symlinking: /home/g0kh4n_2/tennis_bot_ws/install/tennis_bot_bringup/share/ament_index/resource_index/package_run_dependencies/tennis_bot_bringup
[1.047s] -- Symlinking: /home/g0kh4n_2/tennis_bot_ws/install/tennis_bot_bringup/share/ament_index/resource_index/parent_prefix_path/tennis_bot_bringup
[1.060s] -- Symlinking: /home/g0kh4n_2/tennis_bot_ws/install/tennis_bot_bringup/share/tennis_bot_bringup/environment/ament_prefix_path.sh
[1.070s] -- Symlinking: /home/g0kh4n_2/tennis_bot_ws/install/tennis_bot_bringup/share/tennis_bot_bringup/environment/ament_prefix_path.dsv
[1.080s] -- Symlinking: /home/g0kh4n_2/tennis_bot_ws/install/tennis_bot_bringup/share/tennis_bot_bringup/environment/path.sh
[1.090s] -- Symlinking: /home/g0kh4n_2/tennis_bot_ws/install/tennis_bot_bringup/share/tennis_bot_bringup/environment/path.dsv
[1.101s] -- Symlinking: /home/g0kh4n_2/tennis_bot_ws/install/tennis_bot_bringup/share/tennis_bot_bringup/local_setup.bash
[1.112s] -- Symlinking: /home/g0kh4n_2/tennis_bot_ws/install/tennis_bot_bringup/share/tennis_bot_bringup/local_setup.sh
[1.123s] -- Symlinking: /home/g0kh4n_2/tennis_bot_ws/install/tennis_bot_bringup/share/tennis_bot_bringup/local_setup.zsh
[1.134s] -- Symlinking: /home/g0kh4n_2/tennis_bot_ws/install/tennis_bot_bringup/share/tennis_bot_bringup/local_setup.dsv
[1.145s] -- Symlinking: /home/g0kh4n_2/tennis_bot_ws/install/tennis_bot_bringup/share/tennis_bot_bringup/package.dsv
[1.157s] -- Symlinking: /home/g0kh4n_2/tennis_bot_ws/install/tennis_bot_bringup/share/ament_index/resource_index/packages/tennis_bot_bringup
[1.177s] -- Symlinking: /home/g0kh4n_2/tennis_bot_ws/install/tennis_bot_bringup/share/tennis_bot_bringup/cmake/tennis_bot_bringupConfig.cmake
[1.188s] -- Symlinking: /home/g0kh4n_2/tennis_bot_ws/install/tennis_bot_bringup/share/tennis_bot_bringup/cmake/tennis_bot_bringupConfig-version.cmake
[1.199s] -- Symlinking: /home/g0kh4n_2/tennis_bot_ws/install/tennis_bot_bringup/share/tennis_bot_bringup/package.xml
[1.213s] Invoked command in '/home/g0kh4n_2/tennis_bot_ws/build/tennis_bot_bringup' returned '0': AMENT_PREFIX_PATH=/home/g0kh4n_2/tennis_bot_ws/install/tennis_bot_perception:/home/g0kh4n_2/tennis_bot_ws/install/tennis_bot_navigation:/home/g0kh4n_2/tennis_bot_ws/install/tennis_bot_bringup:/home/g0kh4n_2/tennis_bot_ws/install/tennis_bot_description:/opt/ros/humble CMAKE_PREFIX_PATH=/home/g0kh4n_2/tennis_bot_ws/install/tennis_bot_description:/home/g0kh4n_2/tennis_bot_ws/install/tennis_bot_bringup:/home/g0kh4n_2/tennis_bot_ws/install/tennis_bot_perception:/home/g0kh4n_2/tennis_bot_ws/install/tennis_bot_navigation:/opt/ros/humble PYTHONPATH=/home/g0kh4n_2/tennis_bot_ws/build/tennis_bot_perception:/home/g0kh4n_2/tennis_bot_ws/install/tennis_bot_perception/lib/python3.10/site-packages:/home/g0kh4n_2/tennis_bot_ws/build/tennis_bot_navigation:/home/g0kh4n_2/tennis_bot_ws/install/tennis_bot_navigation/lib/python3.10/site-packages:/opt/ros/humble/lib/python3.10/site-packages:/opt/ros/humble/local/lib/python3.10/dist-packages /usr/bin/cmake --install /home/g0kh4n_2/tennis_bot_ws/build/tennis_bot_bringup
