-- Found ament_cmake: 1.3.14 (/opt/ros/humble/share/ament_cmake/cmake)
-- Override CMake install command with custom implementation using symlinks instead of copying resources
-- Found ament_lint_auto: 0.12.15 (/opt/ros/humble/share/ament_lint_auto/cmake)
-- Added test 'flake8' to check Python code syntax and style conventions
-- Added test 'lint_cmake' to check CMake code style
-- Added test 'pep257' to check Python code against some of the docstring style conventions in PEP 257
-- Added test 'xmllint' to check XML markup files
-- Configuring done
-- Generating done
-- Build files have been written to: /home/g0kh4n_2/tennis_bot_ws/build/tennis_bot_description
-- Install configuration: ""
-- Execute custom install script
-- Symlinking: /home/g0kh4n_2/tennis_bot_ws/install/tennis_bot_description/share/tennis_bot_description/urdf/gazebo_control.xacro
-- Symlinking: /home/g0kh4n_2/tennis_bot_ws/install/tennis_bot_description/share/tennis_bot_description/urdf/gazebo_sensors.xacro
-- Symlinking: /home/g0kh4n_2/tennis_bot_ws/install/tennis_bot_description/share/tennis_bot_description/urdf/materials.xacro
-- Symlinking: /home/g0kh4n_2/tennis_bot_ws/install/tennis_bot_description/share/tennis_bot_description/urdf/tennis_bot.urdf.xacro
-- Symlinking: /home/g0kh4n_2/tennis_bot_ws/install/tennis_bot_description/share/tennis_bot_description/launch/display.launch.py
-- Symlinking: /home/g0kh4n_2/tennis_bot_ws/install/tennis_bot_description/share/tennis_bot_description/launch/simulation.launch.py
-- Symlinking: /home/g0kh4n_2/tennis_bot_ws/install/tennis_bot_description/share/tennis_bot_description/config/bridge.yaml
-- Symlinking: /home/g0kh4n_2/tennis_bot_ws/install/tennis_bot_description/share/tennis_bot_description/config/controllers.yaml
-- Symlinking: /home/g0kh4n_2/tennis_bot_ws/install/tennis_bot_description/share/tennis_bot_description/config/robot_localization.yaml
-- Symlinking: /home/g0kh4n_2/tennis_bot_ws/install/tennis_bot_description/share/tennis_bot_description/worlds/tennis_court.sdf
-- Symlinking: /home/g0kh4n_2/tennis_bot_ws/install/tennis_bot_description/share/ament_index/resource_index/package_run_dependencies/tennis_bot_description
-- Symlinking: /home/g0kh4n_2/tennis_bot_ws/install/tennis_bot_description/share/ament_index/resource_index/parent_prefix_path/tennis_bot_description
-- Symlinking: /home/g0kh4n_2/tennis_bot_ws/install/tennis_bot_description/share/tennis_bot_description/environment/ament_prefix_path.sh
-- Symlinking: /home/g0kh4n_2/tennis_bot_ws/install/tennis_bot_description/share/tennis_bot_description/environment/ament_prefix_path.dsv
-- Symlinking: /home/g0kh4n_2/tennis_bot_ws/install/tennis_bot_description/share/tennis_bot_description/environment/path.sh
-- Symlinking: /home/g0kh4n_2/tennis_bot_ws/install/tennis_bot_description/share/tennis_bot_description/environment/path.dsv
-- Symlinking: /home/g0kh4n_2/tennis_bot_ws/install/tennis_bot_description/share/tennis_bot_description/local_setup.bash
-- Symlinking: /home/g0kh4n_2/tennis_bot_ws/install/tennis_bot_description/share/tennis_bot_description/local_setup.sh
-- Symlinking: /home/g0kh4n_2/tennis_bot_ws/install/tennis_bot_description/share/tennis_bot_description/local_setup.zsh
-- Symlinking: /home/g0kh4n_2/tennis_bot_ws/install/tennis_bot_description/share/tennis_bot_description/local_setup.dsv
-- Symlinking: /home/g0kh4n_2/tennis_bot_ws/install/tennis_bot_description/share/tennis_bot_description/package.dsv
-- Symlinking: /home/g0kh4n_2/tennis_bot_ws/install/tennis_bot_description/share/ament_index/resource_index/packages/tennis_bot_description
-- Symlinking: /home/g0kh4n_2/tennis_bot_ws/install/tennis_bot_description/share/tennis_bot_description/cmake/tennis_bot_descriptionConfig.cmake
-- Symlinking: /home/g0kh4n_2/tennis_bot_ws/install/tennis_bot_description/share/tennis_bot_description/cmake/tennis_bot_descriptionConfig-version.cmake
-- Symlinking: /home/g0kh4n_2/tennis_bot_ws/install/tennis_bot_description/share/tennis_bot_description/package.xml
