[0.216s] DEBUG:colcon:Command line arguments: ['/usr/bin/colcon', 'build']
[0.216s] DEBUG:colcon:Parsed command line arguments: Namespace(log_base=None, log_level=None, verb_name='build', build_base='build', install_base='install', merge_install=False, symlink_install=False, test_result_base=None, continue_on_error=False, executor='parallel', parallel_workers=6, event_handlers=None, ignore_user_meta=False, metas=['./colcon.meta'], base_paths=['.'], packages_ignore=None, packages_ignore_regex=None, paths=None, packages_up_to=None, packages_up_to_regex=None, packages_above=None, packages_above_and_dependencies=None, packages_above_depth=None, packages_select_by_dep=None, packages_skip_by_dep=None, packages_skip_up_to=None, packages_select_build_failed=False, packages_skip_build_finished=False, packages_select_test_failures=False, packages_skip_test_passed=False, packages_select=None, packages_skip=None, packages_select_regex=None, packages_skip_regex=None, packages_start=None, packages_end=None, allow_overriding=[], cmake_args=None, cmake_target=None, cmake_target_skip_unavailable=False, cmake_clean_cache=False, cmake_clean_first=False, cmake_force_configure=False, ament_cmake_args=None, catkin_cmake_args=None, catkin_skip_building_tests=False, verb_parser=<colcon_defaults.argument_parser.defaults.DefaultArgumentsDecorator object at 0x789372758040>, verb_extension=<colcon_core.verb.build.BuildVerb object at 0x78937271faf0>, main=<bound method BuildVerb.main of <colcon_core.verb.build.BuildVerb object at 0x78937271faf0>>)
[0.368s] Level 1:colcon.colcon_core.package_discovery:discover_packages(colcon_meta) check parameters
[0.369s] Level 1:colcon.colcon_core.package_discovery:discover_packages(recursive) check parameters
[0.369s] Level 1:colcon.colcon_core.package_discovery:discover_packages(ignore) check parameters
[0.369s] Level 1:colcon.colcon_core.package_discovery:discover_packages(path) check parameters
[0.369s] Level 1:colcon.colcon_core.package_discovery:discover_packages(colcon_meta) discover
[0.369s] Level 1:colcon.colcon_core.package_discovery:discover_packages(recursive) discover
[0.369s] INFO:colcon.colcon_core.package_discovery:Crawling recursively for packages in '/home/g0kh4n_2/tennis_bot_ws'
[0.369s] Level 1:colcon.colcon_core.package_identification:_identify(.) by extensions ['ignore', 'ignore_ament_install']
[0.369s] Level 1:colcon.colcon_core.package_identification:_identify(.) by extension 'ignore'
[0.369s] Level 1:colcon.colcon_core.package_identification:_identify(.) by extension 'ignore_ament_install'
[0.369s] Level 1:colcon.colcon_core.package_identification:_identify(.) by extensions ['colcon_pkg']
[0.370s] Level 1:colcon.colcon_core.package_identification:_identify(.) by extension 'colcon_pkg'
[0.370s] Level 1:colcon.colcon_core.package_identification:_identify(.) by extensions ['colcon_meta']
[0.370s] Level 1:colcon.colcon_core.package_identification:_identify(.) by extension 'colcon_meta'
[0.370s] Level 1:colcon.colcon_core.package_identification:_identify(.) by extensions ['ros']
[0.370s] Level 1:colcon.colcon_core.package_identification:_identify(.) by extension 'ros'
[0.381s] Level 1:colcon.colcon_core.package_identification:_identify(.) by extensions ['cmake', 'python']
[0.382s] Level 1:colcon.colcon_core.package_identification:_identify(.) by extension 'cmake'
[0.382s] Level 1:colcon.colcon_core.package_identification:_identify(.) by extension 'python'
[0.382s] Level 1:colcon.colcon_core.package_identification:_identify(.) by extensions ['python_setup_py']
[0.382s] Level 1:colcon.colcon_core.package_identification:_identify(.) by extension 'python_setup_py'
[0.382s] Level 1:colcon.colcon_core.package_identification:_identify(build) by extensions ['ignore', 'ignore_ament_install']
[0.382s] Level 1:colcon.colcon_core.package_identification:_identify(build) by extension 'ignore'
[0.382s] Level 1:colcon.colcon_core.package_identification:_identify(build) ignored
[0.382s] Level 1:colcon.colcon_core.package_identification:_identify(install) by extensions ['ignore', 'ignore_ament_install']
[0.382s] Level 1:colcon.colcon_core.package_identification:_identify(install) by extension 'ignore'
[0.382s] Level 1:colcon.colcon_core.package_identification:_identify(install) ignored
[0.383s] Level 1:colcon.colcon_core.package_identification:_identify(log) by extensions ['ignore', 'ignore_ament_install']
[0.383s] Level 1:colcon.colcon_core.package_identification:_identify(log) by extension 'ignore'
[0.383s] Level 1:colcon.colcon_core.package_identification:_identify(log) ignored
[0.383s] Level 1:colcon.colcon_core.package_identification:_identify(src) by extensions ['ignore', 'ignore_ament_install']
[0.383s] Level 1:colcon.colcon_core.package_identification:_identify(src) by extension 'ignore'
[0.383s] Level 1:colcon.colcon_core.package_identification:_identify(src) by extension 'ignore_ament_install'
[0.383s] Level 1:colcon.colcon_core.package_identification:_identify(src) by extensions ['colcon_pkg']
[0.383s] Level 1:colcon.colcon_core.package_identification:_identify(src) by extension 'colcon_pkg'
[0.383s] Level 1:colcon.colcon_core.package_identification:_identify(src) by extensions ['colcon_meta']
[0.383s] Level 1:colcon.colcon_core.package_identification:_identify(src) by extension 'colcon_meta'
[0.383s] Level 1:colcon.colcon_core.package_identification:_identify(src) by extensions ['ros']
[0.383s] Level 1:colcon.colcon_core.package_identification:_identify(src) by extension 'ros'
[0.383s] Level 1:colcon.colcon_core.package_identification:_identify(src) by extensions ['cmake', 'python']
[0.383s] Level 1:colcon.colcon_core.package_identification:_identify(src) by extension 'cmake'
[0.383s] Level 1:colcon.colcon_core.package_identification:_identify(src) by extension 'python'
[0.383s] Level 1:colcon.colcon_core.package_identification:_identify(src) by extensions ['python_setup_py']
[0.383s] Level 1:colcon.colcon_core.package_identification:_identify(src) by extension 'python_setup_py'
[0.383s] Level 1:colcon.colcon_core.package_identification:_identify(src/tennis_bot_bringup) by extensions ['ignore', 'ignore_ament_install']
[0.384s] Level 1:colcon.colcon_core.package_identification:_identify(src/tennis_bot_bringup) by extension 'ignore'
[0.384s] Level 1:colcon.colcon_core.package_identification:_identify(src/tennis_bot_bringup) by extension 'ignore_ament_install'
[0.384s] Level 1:colcon.colcon_core.package_identification:_identify(src/tennis_bot_bringup) by extensions ['colcon_pkg']
[0.384s] Level 1:colcon.colcon_core.package_identification:_identify(src/tennis_bot_bringup) by extension 'colcon_pkg'
[0.384s] Level 1:colcon.colcon_core.package_identification:_identify(src/tennis_bot_bringup) by extensions ['colcon_meta']
[0.384s] Level 1:colcon.colcon_core.package_identification:_identify(src/tennis_bot_bringup) by extension 'colcon_meta'
[0.384s] Level 1:colcon.colcon_core.package_identification:_identify(src/tennis_bot_bringup) by extensions ['ros']
[0.384s] Level 1:colcon.colcon_core.package_identification:_identify(src/tennis_bot_bringup) by extension 'ros'
[0.386s] DEBUG:colcon.colcon_core.package_identification:Package 'src/tennis_bot_bringup' with type 'ros.ament_cmake' and name 'tennis_bot_bringup'
[0.387s] Level 1:colcon.colcon_core.package_identification:_identify(src/tennis_bot_description) by extensions ['ignore', 'ignore_ament_install']
[0.387s] Level 1:colcon.colcon_core.package_identification:_identify(src/tennis_bot_description) by extension 'ignore'
[0.387s] Level 1:colcon.colcon_core.package_identification:_identify(src/tennis_bot_description) by extension 'ignore_ament_install'
[0.387s] Level 1:colcon.colcon_core.package_identification:_identify(src/tennis_bot_description) by extensions ['colcon_pkg']
[0.387s] Level 1:colcon.colcon_core.package_identification:_identify(src/tennis_bot_description) by extension 'colcon_pkg'
[0.387s] Level 1:colcon.colcon_core.package_identification:_identify(src/tennis_bot_description) by extensions ['colcon_meta']
[0.387s] Level 1:colcon.colcon_core.package_identification:_identify(src/tennis_bot_description) by extension 'colcon_meta'
[0.387s] Level 1:colcon.colcon_core.package_identification:_identify(src/tennis_bot_description) by extensions ['ros']
[0.387s] Level 1:colcon.colcon_core.package_identification:_identify(src/tennis_bot_description) by extension 'ros'
[0.389s] DEBUG:colcon.colcon_core.package_identification:Package 'src/tennis_bot_description' with type 'ros.ament_cmake' and name 'tennis_bot_description'
[0.389s] Level 1:colcon.colcon_core.package_identification:_identify(src/tennis_bot_navigation) by extensions ['ignore', 'ignore_ament_install']
[0.389s] Level 1:colcon.colcon_core.package_identification:_identify(src/tennis_bot_navigation) by extension 'ignore'
[0.389s] Level 1:colcon.colcon_core.package_identification:_identify(src/tennis_bot_navigation) by extension 'ignore_ament_install'
[0.389s] Level 1:colcon.colcon_core.package_identification:_identify(src/tennis_bot_navigation) by extensions ['colcon_pkg']
[0.389s] Level 1:colcon.colcon_core.package_identification:_identify(src/tennis_bot_navigation) by extension 'colcon_pkg'
[0.389s] Level 1:colcon.colcon_core.package_identification:_identify(src/tennis_bot_navigation) by extensions ['colcon_meta']
[0.390s] Level 1:colcon.colcon_core.package_identification:_identify(src/tennis_bot_navigation) by extension 'colcon_meta'
[0.390s] Level 1:colcon.colcon_core.package_identification:_identify(src/tennis_bot_navigation) by extensions ['ros']
[0.390s] Level 1:colcon.colcon_core.package_identification:_identify(src/tennis_bot_navigation) by extension 'ros'
[0.391s] DEBUG:colcon.colcon_core.package_identification:Package 'src/tennis_bot_navigation' with type 'ros.ament_python' and name 'tennis_bot_navigation'
[0.391s] Level 1:colcon.colcon_core.package_identification:_identify(src/tennis_bot_perception) by extensions ['ignore', 'ignore_ament_install']
[0.391s] Level 1:colcon.colcon_core.package_identification:_identify(src/tennis_bot_perception) by extension 'ignore'
[0.391s] Level 1:colcon.colcon_core.package_identification:_identify(src/tennis_bot_perception) by extension 'ignore_ament_install'
[0.391s] Level 1:colcon.colcon_core.package_identification:_identify(src/tennis_bot_perception) by extensions ['colcon_pkg']
[0.391s] Level 1:colcon.colcon_core.package_identification:_identify(src/tennis_bot_perception) by extension 'colcon_pkg'
[0.391s] Level 1:colcon.colcon_core.package_identification:_identify(src/tennis_bot_perception) by extensions ['colcon_meta']
[0.391s] Level 1:colcon.colcon_core.package_identification:_identify(src/tennis_bot_perception) by extension 'colcon_meta'
[0.392s] Level 1:colcon.colcon_core.package_identification:_identify(src/tennis_bot_perception) by extensions ['ros']
[0.392s] Level 1:colcon.colcon_core.package_identification:_identify(src/tennis_bot_perception) by extension 'ros'
[0.393s] DEBUG:colcon.colcon_core.package_identification:Package 'src/tennis_bot_perception' with type 'ros.ament_python' and name 'tennis_bot_perception'
[0.393s] Level 1:colcon.colcon_core.package_discovery:discover_packages(recursive) using defaults
[0.393s] Level 1:colcon.colcon_core.package_discovery:discover_packages(ignore) discover
[0.393s] Level 1:colcon.colcon_core.package_discovery:discover_packages(ignore) using defaults
[0.393s] Level 1:colcon.colcon_core.package_discovery:discover_packages(path) discover
[0.393s] Level 1:colcon.colcon_core.package_discovery:discover_packages(path) using defaults
[0.431s] Level 1:colcon.colcon_core.package_discovery:discover_packages(prefix_path) check parameters
[0.431s] Level 1:colcon.colcon_core.package_discovery:discover_packages(prefix_path) discover
[0.433s] DEBUG:colcon.colcon_installed_package_information.package_discovery:Found 1 installed packages in /home/g0kh4n_2/tennis_bot_ws/install
[0.435s] DEBUG:colcon.colcon_installed_package_information.package_discovery:Found 373 installed packages in /opt/ros/humble
[0.436s] Level 1:colcon.colcon_core.package_discovery:discover_packages(prefix_path) using defaults
[0.479s] Level 5:colcon.colcon_core.verb:set package 'tennis_bot_description' build argument 'cmake_args' from command line to 'None'
[0.480s] Level 5:colcon.colcon_core.verb:set package 'tennis_bot_description' build argument 'cmake_target' from command line to 'None'
[0.480s] Level 5:colcon.colcon_core.verb:set package 'tennis_bot_description' build argument 'cmake_target_skip_unavailable' from command line to 'False'
[0.480s] Level 5:colcon.colcon_core.verb:set package 'tennis_bot_description' build argument 'cmake_clean_cache' from command line to 'False'
[0.480s] Level 5:colcon.colcon_core.verb:set package 'tennis_bot_description' build argument 'cmake_clean_first' from command line to 'False'
[0.480s] Level 5:colcon.colcon_core.verb:set package 'tennis_bot_description' build argument 'cmake_force_configure' from command line to 'False'
[0.480s] Level 5:colcon.colcon_core.verb:set package 'tennis_bot_description' build argument 'ament_cmake_args' from command line to 'None'
[0.480s] Level 5:colcon.colcon_core.verb:set package 'tennis_bot_description' build argument 'catkin_cmake_args' from command line to 'None'
[0.480s] Level 5:colcon.colcon_core.verb:set package 'tennis_bot_description' build argument 'catkin_skip_building_tests' from command line to 'False'
[0.480s] DEBUG:colcon.colcon_core.verb:Building package 'tennis_bot_description' with the following arguments: {'ament_cmake_args': None, 'build_base': '/home/g0kh4n_2/tennis_bot_ws/build/tennis_bot_description', 'catkin_cmake_args': None, 'catkin_skip_building_tests': False, 'cmake_args': None, 'cmake_clean_cache': False, 'cmake_clean_first': False, 'cmake_force_configure': False, 'cmake_target': None, 'cmake_target_skip_unavailable': False, 'install_base': '/home/g0kh4n_2/tennis_bot_ws/install/tennis_bot_description', 'merge_install': False, 'path': '/home/g0kh4n_2/tennis_bot_ws/src/tennis_bot_description', 'symlink_install': False, 'test_result_base': None}
[0.480s] Level 5:colcon.colcon_core.verb:set package 'tennis_bot_navigation' build argument 'cmake_args' from command line to 'None'
[0.480s] Level 5:colcon.colcon_core.verb:set package 'tennis_bot_navigation' build argument 'cmake_target' from command line to 'None'
[0.480s] Level 5:colcon.colcon_core.verb:set package 'tennis_bot_navigation' build argument 'cmake_target_skip_unavailable' from command line to 'False'
[0.480s] Level 5:colcon.colcon_core.verb:set package 'tennis_bot_navigation' build argument 'cmake_clean_cache' from command line to 'False'
[0.480s] Level 5:colcon.colcon_core.verb:set package 'tennis_bot_navigation' build argument 'cmake_clean_first' from command line to 'False'
[0.480s] Level 5:colcon.colcon_core.verb:set package 'tennis_bot_navigation' build argument 'cmake_force_configure' from command line to 'False'
[0.480s] Level 5:colcon.colcon_core.verb:set package 'tennis_bot_navigation' build argument 'ament_cmake_args' from command line to 'None'
[0.480s] Level 5:colcon.colcon_core.verb:set package 'tennis_bot_navigation' build argument 'catkin_cmake_args' from command line to 'None'
[0.480s] Level 5:colcon.colcon_core.verb:set package 'tennis_bot_navigation' build argument 'catkin_skip_building_tests' from command line to 'False'
[0.480s] DEBUG:colcon.colcon_core.verb:Building package 'tennis_bot_navigation' with the following arguments: {'ament_cmake_args': None, 'build_base': '/home/g0kh4n_2/tennis_bot_ws/build/tennis_bot_navigation', 'catkin_cmake_args': None, 'catkin_skip_building_tests': False, 'cmake_args': None, 'cmake_clean_cache': False, 'cmake_clean_first': False, 'cmake_force_configure': False, 'cmake_target': None, 'cmake_target_skip_unavailable': False, 'install_base': '/home/g0kh4n_2/tennis_bot_ws/install/tennis_bot_navigation', 'merge_install': False, 'path': '/home/g0kh4n_2/tennis_bot_ws/src/tennis_bot_navigation', 'symlink_install': False, 'test_result_base': None}
[0.481s] Level 5:colcon.colcon_core.verb:set package 'tennis_bot_perception' build argument 'cmake_args' from command line to 'None'
[0.481s] Level 5:colcon.colcon_core.verb:set package 'tennis_bot_perception' build argument 'cmake_target' from command line to 'None'
[0.481s] Level 5:colcon.colcon_core.verb:set package 'tennis_bot_perception' build argument 'cmake_target_skip_unavailable' from command line to 'False'
[0.481s] Level 5:colcon.colcon_core.verb:set package 'tennis_bot_perception' build argument 'cmake_clean_cache' from command line to 'False'
[0.481s] Level 5:colcon.colcon_core.verb:set package 'tennis_bot_perception' build argument 'cmake_clean_first' from command line to 'False'
[0.481s] Level 5:colcon.colcon_core.verb:set package 'tennis_bot_perception' build argument 'cmake_force_configure' from command line to 'False'
[0.481s] Level 5:colcon.colcon_core.verb:set package 'tennis_bot_perception' build argument 'ament_cmake_args' from command line to 'None'
[0.481s] Level 5:colcon.colcon_core.verb:set package 'tennis_bot_perception' build argument 'catkin_cmake_args' from command line to 'None'
[0.481s] Level 5:colcon.colcon_core.verb:set package 'tennis_bot_perception' build argument 'catkin_skip_building_tests' from command line to 'False'
[0.481s] DEBUG:colcon.colcon_core.verb:Building package 'tennis_bot_perception' with the following arguments: {'ament_cmake_args': None, 'build_base': '/home/g0kh4n_2/tennis_bot_ws/build/tennis_bot_perception', 'catkin_cmake_args': None, 'catkin_skip_building_tests': False, 'cmake_args': None, 'cmake_clean_cache': False, 'cmake_clean_first': False, 'cmake_force_configure': False, 'cmake_target': None, 'cmake_target_skip_unavailable': False, 'install_base': '/home/g0kh4n_2/tennis_bot_ws/install/tennis_bot_perception', 'merge_install': False, 'path': '/home/g0kh4n_2/tennis_bot_ws/src/tennis_bot_perception', 'symlink_install': False, 'test_result_base': None}
[0.482s] Level 5:colcon.colcon_core.verb:set package 'tennis_bot_bringup' build argument 'cmake_args' from command line to 'None'
[0.482s] Level 5:colcon.colcon_core.verb:set package 'tennis_bot_bringup' build argument 'cmake_target' from command line to 'None'
[0.482s] Level 5:colcon.colcon_core.verb:set package 'tennis_bot_bringup' build argument 'cmake_target_skip_unavailable' from command line to 'False'
[0.482s] Level 5:colcon.colcon_core.verb:set package 'tennis_bot_bringup' build argument 'cmake_clean_cache' from command line to 'False'
[0.482s] Level 5:colcon.colcon_core.verb:set package 'tennis_bot_bringup' build argument 'cmake_clean_first' from command line to 'False'
[0.482s] Level 5:colcon.colcon_core.verb:set package 'tennis_bot_bringup' build argument 'cmake_force_configure' from command line to 'False'
[0.482s] Level 5:colcon.colcon_core.verb:set package 'tennis_bot_bringup' build argument 'ament_cmake_args' from command line to 'None'
[0.482s] Level 5:colcon.colcon_core.verb:set package 'tennis_bot_bringup' build argument 'catkin_cmake_args' from command line to 'None'
[0.482s] Level 5:colcon.colcon_core.verb:set package 'tennis_bot_bringup' build argument 'catkin_skip_building_tests' from command line to 'False'
[0.482s] DEBUG:colcon.colcon_core.verb:Building package 'tennis_bot_bringup' with the following arguments: {'ament_cmake_args': None, 'build_base': '/home/g0kh4n_2/tennis_bot_ws/build/tennis_bot_bringup', 'catkin_cmake_args': None, 'catkin_skip_building_tests': False, 'cmake_args': None, 'cmake_clean_cache': False, 'cmake_clean_first': False, 'cmake_force_configure': False, 'cmake_target': None, 'cmake_target_skip_unavailable': False, 'install_base': '/home/g0kh4n_2/tennis_bot_ws/install/tennis_bot_bringup', 'merge_install': False, 'path': '/home/g0kh4n_2/tennis_bot_ws/src/tennis_bot_bringup', 'symlink_install': False, 'test_result_base': None}
[0.482s] INFO:colcon.colcon_core.executor:Executing jobs using 'parallel' executor
[0.483s] DEBUG:colcon.colcon_parallel_executor.executor.parallel:run_until_complete
[0.484s] INFO:colcon.colcon_ros.task.ament_cmake.build:Building ROS package in '/home/g0kh4n_2/tennis_bot_ws/src/tennis_bot_description' with build type 'ament_cmake'
[0.484s] INFO:colcon.colcon_cmake.task.cmake.build:Building CMake package in '/home/g0kh4n_2/tennis_bot_ws/src/tennis_bot_description'
[0.486s] INFO:colcon.colcon_core.plugin_system:Skipping extension 'colcon_core.shell.bat': Not used on non-Windows systems
[0.487s] INFO:colcon.colcon_core.shell:Skip shell extension 'powershell' for command environment: Not usable outside of PowerShell
[0.487s] DEBUG:colcon.colcon_core.shell:Skip shell extension 'dsv' for command environment
[0.491s] INFO:colcon.colcon_ros.task.ament_python.build:Building ROS package in '/home/g0kh4n_2/tennis_bot_ws/src/tennis_bot_navigation' with build type 'ament_python'
[0.492s] Level 1:colcon.colcon_core.shell:create_environment_hook('tennis_bot_navigation', 'ament_prefix_path')
[0.492s] INFO:colcon.colcon_core.shell:Creating environment hook '/home/g0kh4n_2/tennis_bot_ws/install/tennis_bot_navigation/share/tennis_bot_navigation/hook/ament_prefix_path.ps1'
[0.494s] INFO:colcon.colcon_core.shell:Creating environment descriptor '/home/g0kh4n_2/tennis_bot_ws/install/tennis_bot_navigation/share/tennis_bot_navigation/hook/ament_prefix_path.dsv'
[0.495s] INFO:colcon.colcon_core.shell:Creating environment hook '/home/g0kh4n_2/tennis_bot_ws/install/tennis_bot_navigation/share/tennis_bot_navigation/hook/ament_prefix_path.sh'
[0.496s] INFO:colcon.colcon_core.shell:Skip shell extension 'powershell' for command environment: Not usable outside of PowerShell
[0.496s] DEBUG:colcon.colcon_core.shell:Skip shell extension 'dsv' for command environment
[0.499s] INFO:colcon.colcon_ros.task.ament_python.build:Building ROS package in '/home/g0kh4n_2/tennis_bot_ws/src/tennis_bot_perception' with build type 'ament_python'
[0.500s] Level 1:colcon.colcon_core.shell:create_environment_hook('tennis_bot_perception', 'ament_prefix_path')
[0.500s] INFO:colcon.colcon_core.shell:Creating environment hook '/home/g0kh4n_2/tennis_bot_ws/install/tennis_bot_perception/share/tennis_bot_perception/hook/ament_prefix_path.ps1'
[0.502s] INFO:colcon.colcon_core.shell:Creating environment descriptor '/home/g0kh4n_2/tennis_bot_ws/install/tennis_bot_perception/share/tennis_bot_perception/hook/ament_prefix_path.dsv'
[0.504s] INFO:colcon.colcon_core.shell:Creating environment hook '/home/g0kh4n_2/tennis_bot_ws/install/tennis_bot_perception/share/tennis_bot_perception/hook/ament_prefix_path.sh'
[0.505s] INFO:colcon.colcon_core.shell:Skip shell extension 'powershell' for command environment: Not usable outside of PowerShell
[0.505s] DEBUG:colcon.colcon_core.shell:Skip shell extension 'dsv' for command environment
[0.525s] DEBUG:colcon.colcon_core.event_handler.log_command:Invoking command in '/home/g0kh4n_2/tennis_bot_ws/build/tennis_bot_description': CMAKE_PREFIX_PATH=${CMAKE_PREFIX_PATH}:/opt/ros/humble /usr/bin/cmake --build /home/g0kh4n_2/tennis_bot_ws/build/tennis_bot_description -- -j6 -l6
[0.830s] INFO:colcon.colcon_core.task.python.build:Building Python package in '/home/g0kh4n_2/tennis_bot_ws/src/tennis_bot_navigation'
[0.830s] INFO:colcon.colcon_core.shell:Skip shell extension 'powershell' for command environment: Not usable outside of PowerShell
[0.830s] DEBUG:colcon.colcon_core.shell:Skip shell extension 'dsv' for command environment
[1.080s] INFO:colcon.colcon_core.task.python.build:Building Python package in '/home/g0kh4n_2/tennis_bot_ws/src/tennis_bot_perception'
[1.080s] INFO:colcon.colcon_core.shell:Skip shell extension 'powershell' for command environment: Not usable outside of PowerShell
[1.080s] DEBUG:colcon.colcon_core.shell:Skip shell extension 'dsv' for command environment
[1.085s] DEBUG:colcon.colcon_core.event_handler.log_command:Invoked command in '/home/g0kh4n_2/tennis_bot_ws/build/tennis_bot_description' returned '0': CMAKE_PREFIX_PATH=${CMAKE_PREFIX_PATH}:/opt/ros/humble /usr/bin/cmake --build /home/g0kh4n_2/tennis_bot_ws/build/tennis_bot_description -- -j6 -l6
[1.100s] DEBUG:colcon.colcon_core.event_handler.log_command:Invoking command in '/home/g0kh4n_2/tennis_bot_ws/build/tennis_bot_description': CMAKE_PREFIX_PATH=${CMAKE_PREFIX_PATH}:/opt/ros/humble /usr/bin/cmake --install /home/g0kh4n_2/tennis_bot_ws/build/tennis_bot_description
[1.128s] Level 1:colcon.colcon_core.environment:create_environment_scripts_only(tennis_bot_description)
[1.130s] DEBUG:colcon.colcon_core.event_handler.log_command:Invoked command in '/home/g0kh4n_2/tennis_bot_ws/build/tennis_bot_description' returned '0': CMAKE_PREFIX_PATH=${CMAKE_PREFIX_PATH}:/opt/ros/humble /usr/bin/cmake --install /home/g0kh4n_2/tennis_bot_ws/build/tennis_bot_description
[1.141s] Level 1:colcon.colcon_core.environment:checking '/home/g0kh4n_2/tennis_bot_ws/install/tennis_bot_description' for CMake module files
[1.142s] Level 1:colcon.colcon_core.environment:checking '/home/g0kh4n_2/tennis_bot_ws/install/tennis_bot_description' for CMake config files
[1.143s] Level 1:colcon.colcon_core.shell:create_environment_hook('tennis_bot_description', 'cmake_prefix_path')
[1.143s] INFO:colcon.colcon_core.shell:Creating environment hook '/home/g0kh4n_2/tennis_bot_ws/install/tennis_bot_description/share/tennis_bot_description/hook/cmake_prefix_path.ps1'
[1.144s] INFO:colcon.colcon_core.shell:Creating environment descriptor '/home/g0kh4n_2/tennis_bot_ws/install/tennis_bot_description/share/tennis_bot_description/hook/cmake_prefix_path.dsv'
[1.144s] INFO:colcon.colcon_core.shell:Creating environment hook '/home/g0kh4n_2/tennis_bot_ws/install/tennis_bot_description/share/tennis_bot_description/hook/cmake_prefix_path.sh'
[1.145s] Level 1:colcon.colcon_core.environment:checking '/home/g0kh4n_2/tennis_bot_ws/install/tennis_bot_description/bin'
[1.146s] Level 1:colcon.colcon_core.environment:checking '/home/g0kh4n_2/tennis_bot_ws/install/tennis_bot_description/lib/pkgconfig/tennis_bot_description.pc'
[1.146s] Level 1:colcon.colcon_core.environment:checking '/home/g0kh4n_2/tennis_bot_ws/install/tennis_bot_description/lib/python3.10/site-packages'
[1.146s] Level 1:colcon.colcon_core.environment:checking '/home/g0kh4n_2/tennis_bot_ws/install/tennis_bot_description/bin'
[1.146s] INFO:colcon.colcon_core.shell:Creating package script '/home/g0kh4n_2/tennis_bot_ws/install/tennis_bot_description/share/tennis_bot_description/package.ps1'
[1.148s] INFO:colcon.colcon_core.shell:Creating package descriptor '/home/g0kh4n_2/tennis_bot_ws/install/tennis_bot_description/share/tennis_bot_description/package.dsv'
[1.150s] INFO:colcon.colcon_core.shell:Creating package script '/home/g0kh4n_2/tennis_bot_ws/install/tennis_bot_description/share/tennis_bot_description/package.sh'
[1.151s] INFO:colcon.colcon_core.shell:Creating package script '/home/g0kh4n_2/tennis_bot_ws/install/tennis_bot_description/share/tennis_bot_description/package.bash'
[1.153s] INFO:colcon.colcon_core.shell:Creating package script '/home/g0kh4n_2/tennis_bot_ws/install/tennis_bot_description/share/tennis_bot_description/package.zsh'
[1.155s] Level 1:colcon.colcon_core.environment:create_file_with_runtime_dependencies(/home/g0kh4n_2/tennis_bot_ws/install/tennis_bot_description/share/colcon-core/packages/tennis_bot_description)
[1.156s] Level 1:colcon.colcon_core.environment:create_environment_scripts_only(tennis_bot_description)
[1.156s] Level 1:colcon.colcon_core.environment:checking '/home/g0kh4n_2/tennis_bot_ws/install/tennis_bot_description' for CMake module files
[1.157s] Level 1:colcon.colcon_core.environment:checking '/home/g0kh4n_2/tennis_bot_ws/install/tennis_bot_description' for CMake config files
[1.157s] Level 1:colcon.colcon_core.shell:create_environment_hook('tennis_bot_description', 'cmake_prefix_path')
[1.158s] INFO:colcon.colcon_core.shell:Creating environment hook '/home/g0kh4n_2/tennis_bot_ws/install/tennis_bot_description/share/tennis_bot_description/hook/cmake_prefix_path.ps1'
[1.159s] INFO:colcon.colcon_core.shell:Creating environment descriptor '/home/g0kh4n_2/tennis_bot_ws/install/tennis_bot_description/share/tennis_bot_description/hook/cmake_prefix_path.dsv'
[1.159s] INFO:colcon.colcon_core.shell:Creating environment hook '/home/g0kh4n_2/tennis_bot_ws/install/tennis_bot_description/share/tennis_bot_description/hook/cmake_prefix_path.sh'
[1.160s] Level 1:colcon.colcon_core.environment:checking '/home/g0kh4n_2/tennis_bot_ws/install/tennis_bot_description/bin'
[1.160s] Level 1:colcon.colcon_core.environment:checking '/home/g0kh4n_2/tennis_bot_ws/install/tennis_bot_description/lib/pkgconfig/tennis_bot_description.pc'
[1.160s] Level 1:colcon.colcon_core.environment:checking '/home/g0kh4n_2/tennis_bot_ws/install/tennis_bot_description/lib/python3.10/site-packages'
[1.161s] Level 1:colcon.colcon_core.environment:checking '/home/g0kh4n_2/tennis_bot_ws/install/tennis_bot_description/bin'
[1.161s] INFO:colcon.colcon_core.shell:Creating package script '/home/g0kh4n_2/tennis_bot_ws/install/tennis_bot_description/share/tennis_bot_description/package.ps1'
[1.162s] INFO:colcon.colcon_core.shell:Creating package descriptor '/home/g0kh4n_2/tennis_bot_ws/install/tennis_bot_description/share/tennis_bot_description/package.dsv'
[1.162s] INFO:colcon.colcon_core.shell:Creating package script '/home/g0kh4n_2/tennis_bot_ws/install/tennis_bot_description/share/tennis_bot_description/package.sh'
[1.163s] INFO:colcon.colcon_core.shell:Creating package script '/home/g0kh4n_2/tennis_bot_ws/install/tennis_bot_description/share/tennis_bot_description/package.bash'
[1.164s] INFO:colcon.colcon_core.shell:Creating package script '/home/g0kh4n_2/tennis_bot_ws/install/tennis_bot_description/share/tennis_bot_description/package.zsh'
[1.164s] Level 1:colcon.colcon_core.environment:create_file_with_runtime_dependencies(/home/g0kh4n_2/tennis_bot_ws/install/tennis_bot_description/share/colcon-core/packages/tennis_bot_description)
[1.783s] DEBUG:colcon.colcon_core.task.python.build:Available setuptools commands: upload_docs, build_ext, install_data, egg_info, bdist_egg, rotate, bdist_rpm, alias, easy_install, test, build_py, symlink_data, saveopts, install_egg_info, install_lib, build_scripts, dist_info, upload, sdist, bdist_dumb, build_clib, extract_messages, clean, bdist, check, install, build, develop, setopt, compile_catalog, init_catalog, register, install_scripts, install_headers, update_catalog
[1.788s] DEBUG:colcon.colcon_core.task.python.build:Available setuptools commands: upload_docs, build_ext, install_data, egg_info, bdist_egg, rotate, bdist_rpm, alias, easy_install, test, build_py, symlink_data, saveopts, install_egg_info, install_lib, build_scripts, dist_info, upload, sdist, bdist_dumb, build_clib, extract_messages, clean, bdist, check, install, build, develop, setopt, compile_catalog, init_catalog, register, install_scripts, install_headers, update_catalog
[1.794s] DEBUG:colcon.colcon_core.event_handler.log_command:Invoking command in '/home/g0kh4n_2/tennis_bot_ws/src/tennis_bot_navigation': PYTHONPATH=/home/g0kh4n_2/tennis_bot_ws/build/tennis_bot_navigation/prefix_override:/usr/lib/python3/dist-packages/colcon_core/task/python/colcon_distutils_commands:/home/g0kh4n_2/tennis_bot_ws/install/tennis_bot_navigation/lib/python3.10/site-packages:${PYTHONPATH} /usr/bin/python3 -W ignore:setup.py install is deprecated -W ignore:easy_install command is deprecated setup.py egg_info --egg-base ../../build/tennis_bot_navigation build --build-base /home/g0kh4n_2/tennis_bot_ws/build/tennis_bot_navigation/build install --record /home/g0kh4n_2/tennis_bot_ws/build/tennis_bot_navigation/install.log --install-scripts $base/lib/tennis_bot_navigation --single-version-externally-managed install_data
[1.797s] DEBUG:colcon.colcon_core.event_handler.log_command:Invoking command in '/home/g0kh4n_2/tennis_bot_ws/src/tennis_bot_perception': PYTHONPATH=/home/g0kh4n_2/tennis_bot_ws/build/tennis_bot_perception/prefix_override:/usr/lib/python3/dist-packages/colcon_core/task/python/colcon_distutils_commands:/home/g0kh4n_2/tennis_bot_ws/install/tennis_bot_perception/lib/python3.10/site-packages:${PYTHONPATH} /usr/bin/python3 -W ignore:setup.py install is deprecated -W ignore:easy_install command is deprecated setup.py egg_info --egg-base ../../build/tennis_bot_perception build --build-base /home/g0kh4n_2/tennis_bot_ws/build/tennis_bot_perception/build install --record /home/g0kh4n_2/tennis_bot_ws/build/tennis_bot_perception/install.log --install-scripts $base/lib/tennis_bot_perception --single-version-externally-managed install_data
[2.129s] Level 1:colcon.colcon_core.environment:checking '/home/g0kh4n_2/tennis_bot_ws/install/tennis_bot_navigation' for CMake module files
[2.130s] DEBUG:colcon.colcon_core.event_handler.log_command:Invoked command in '/home/g0kh4n_2/tennis_bot_ws/src/tennis_bot_navigation' returned '0': PYTHONPATH=/home/g0kh4n_2/tennis_bot_ws/build/tennis_bot_navigation/prefix_override:/usr/lib/python3/dist-packages/colcon_core/task/python/colcon_distutils_commands:/home/g0kh4n_2/tennis_bot_ws/install/tennis_bot_navigation/lib/python3.10/site-packages:${PYTHONPATH} /usr/bin/python3 -W ignore:setup.py install is deprecated -W ignore:easy_install command is deprecated setup.py egg_info --egg-base ../../build/tennis_bot_navigation build --build-base /home/g0kh4n_2/tennis_bot_ws/build/tennis_bot_navigation/build install --record /home/g0kh4n_2/tennis_bot_ws/build/tennis_bot_navigation/install.log --install-scripts $base/lib/tennis_bot_navigation --single-version-externally-managed install_data
[2.131s] Level 1:colcon.colcon_core.environment:checking '/home/g0kh4n_2/tennis_bot_ws/install/tennis_bot_navigation' for CMake config files
[2.131s] Level 1:colcon.colcon_core.environment:checking '/home/g0kh4n_2/tennis_bot_ws/install/tennis_bot_navigation/lib'
[2.132s] Level 1:colcon.colcon_core.environment:checking '/home/g0kh4n_2/tennis_bot_ws/install/tennis_bot_navigation/bin'
[2.132s] Level 1:colcon.colcon_core.environment:checking '/home/g0kh4n_2/tennis_bot_ws/install/tennis_bot_navigation/lib/pkgconfig/tennis_bot_navigation.pc'
[2.132s] Level 1:colcon.colcon_core.environment:checking '/home/g0kh4n_2/tennis_bot_ws/install/tennis_bot_navigation/lib/python3.10/site-packages'
[2.132s] Level 1:colcon.colcon_core.shell:create_environment_hook('tennis_bot_navigation', 'pythonpath')
[2.133s] INFO:colcon.colcon_core.shell:Creating environment hook '/home/g0kh4n_2/tennis_bot_ws/install/tennis_bot_navigation/share/tennis_bot_navigation/hook/pythonpath.ps1'
[2.134s] INFO:colcon.colcon_core.shell:Creating environment descriptor '/home/g0kh4n_2/tennis_bot_ws/install/tennis_bot_navigation/share/tennis_bot_navigation/hook/pythonpath.dsv'
[2.134s] INFO:colcon.colcon_core.shell:Creating environment hook '/home/g0kh4n_2/tennis_bot_ws/install/tennis_bot_navigation/share/tennis_bot_navigation/hook/pythonpath.sh'
[2.135s] Level 1:colcon.colcon_core.environment:checking '/home/g0kh4n_2/tennis_bot_ws/install/tennis_bot_navigation/bin'
[2.135s] Level 1:colcon.colcon_core.environment:create_environment_scripts_only(tennis_bot_navigation)
[2.136s] INFO:colcon.colcon_core.shell:Creating package script '/home/g0kh4n_2/tennis_bot_ws/install/tennis_bot_navigation/share/tennis_bot_navigation/package.ps1'
[2.137s] INFO:colcon.colcon_core.shell:Creating package descriptor '/home/g0kh4n_2/tennis_bot_ws/install/tennis_bot_navigation/share/tennis_bot_navigation/package.dsv'
[2.137s] INFO:colcon.colcon_core.shell:Creating package script '/home/g0kh4n_2/tennis_bot_ws/install/tennis_bot_navigation/share/tennis_bot_navigation/package.sh'
[2.138s] INFO:colcon.colcon_core.shell:Creating package script '/home/g0kh4n_2/tennis_bot_ws/install/tennis_bot_navigation/share/tennis_bot_navigation/package.bash'
[2.139s] INFO:colcon.colcon_core.shell:Creating package script '/home/g0kh4n_2/tennis_bot_ws/install/tennis_bot_navigation/share/tennis_bot_navigation/package.zsh'
[2.139s] Level 1:colcon.colcon_core.environment:create_file_with_runtime_dependencies(/home/g0kh4n_2/tennis_bot_ws/install/tennis_bot_navigation/share/colcon-core/packages/tennis_bot_navigation)
[2.141s] Level 1:colcon.colcon_core.environment:checking '/home/g0kh4n_2/tennis_bot_ws/install/tennis_bot_perception' for CMake module files
[2.143s] Level 1:colcon.colcon_core.environment:checking '/home/g0kh4n_2/tennis_bot_ws/install/tennis_bot_perception' for CMake config files
[2.144s] DEBUG:colcon.colcon_core.event_handler.log_command:Invoked command in '/home/g0kh4n_2/tennis_bot_ws/src/tennis_bot_perception' returned '0': PYTHONPATH=/home/g0kh4n_2/tennis_bot_ws/build/tennis_bot_perception/prefix_override:/usr/lib/python3/dist-packages/colcon_core/task/python/colcon_distutils_commands:/home/g0kh4n_2/tennis_bot_ws/install/tennis_bot_perception/lib/python3.10/site-packages:${PYTHONPATH} /usr/bin/python3 -W ignore:setup.py install is deprecated -W ignore:easy_install command is deprecated setup.py egg_info --egg-base ../../build/tennis_bot_perception build --build-base /home/g0kh4n_2/tennis_bot_ws/build/tennis_bot_perception/build install --record /home/g0kh4n_2/tennis_bot_ws/build/tennis_bot_perception/install.log --install-scripts $base/lib/tennis_bot_perception --single-version-externally-managed install_data
[2.144s] Level 1:colcon.colcon_core.environment:checking '/home/g0kh4n_2/tennis_bot_ws/install/tennis_bot_perception/lib'
[2.145s] Level 1:colcon.colcon_core.environment:checking '/home/g0kh4n_2/tennis_bot_ws/install/tennis_bot_perception/bin'
[2.145s] Level 1:colcon.colcon_core.environment:checking '/home/g0kh4n_2/tennis_bot_ws/install/tennis_bot_perception/lib/pkgconfig/tennis_bot_perception.pc'
[2.145s] Level 1:colcon.colcon_core.environment:checking '/home/g0kh4n_2/tennis_bot_ws/install/tennis_bot_perception/lib/python3.10/site-packages'
[2.145s] Level 1:colcon.colcon_core.shell:create_environment_hook('tennis_bot_perception', 'pythonpath')
[2.145s] INFO:colcon.colcon_core.shell:Creating environment hook '/home/g0kh4n_2/tennis_bot_ws/install/tennis_bot_perception/share/tennis_bot_perception/hook/pythonpath.ps1'
[2.146s] INFO:colcon.colcon_core.shell:Creating environment descriptor '/home/g0kh4n_2/tennis_bot_ws/install/tennis_bot_perception/share/tennis_bot_perception/hook/pythonpath.dsv'
[2.146s] INFO:colcon.colcon_core.shell:Creating environment hook '/home/g0kh4n_2/tennis_bot_ws/install/tennis_bot_perception/share/tennis_bot_perception/hook/pythonpath.sh'
[2.147s] Level 1:colcon.colcon_core.environment:checking '/home/g0kh4n_2/tennis_bot_ws/install/tennis_bot_perception/bin'
[2.147s] Level 1:colcon.colcon_core.environment:create_environment_scripts_only(tennis_bot_perception)
[2.148s] INFO:colcon.colcon_core.shell:Creating package script '/home/g0kh4n_2/tennis_bot_ws/install/tennis_bot_perception/share/tennis_bot_perception/package.ps1'
[2.148s] INFO:colcon.colcon_core.shell:Creating package descriptor '/home/g0kh4n_2/tennis_bot_ws/install/tennis_bot_perception/share/tennis_bot_perception/package.dsv'
[2.149s] INFO:colcon.colcon_core.shell:Creating package script '/home/g0kh4n_2/tennis_bot_ws/install/tennis_bot_perception/share/tennis_bot_perception/package.sh'
[2.149s] INFO:colcon.colcon_core.shell:Creating package script '/home/g0kh4n_2/tennis_bot_ws/install/tennis_bot_perception/share/tennis_bot_perception/package.bash'
[2.150s] INFO:colcon.colcon_core.shell:Creating package script '/home/g0kh4n_2/tennis_bot_ws/install/tennis_bot_perception/share/tennis_bot_perception/package.zsh'
[2.151s] Level 1:colcon.colcon_core.environment:create_file_with_runtime_dependencies(/home/g0kh4n_2/tennis_bot_ws/install/tennis_bot_perception/share/colcon-core/packages/tennis_bot_perception)
[2.153s] INFO:colcon.colcon_ros.task.ament_cmake.build:Building ROS package in '/home/g0kh4n_2/tennis_bot_ws/src/tennis_bot_bringup' with build type 'ament_cmake'
[2.153s] INFO:colcon.colcon_cmake.task.cmake.build:Building CMake package in '/home/g0kh4n_2/tennis_bot_ws/src/tennis_bot_bringup'
[2.154s] INFO:colcon.colcon_core.shell:Skip shell extension 'powershell' for command environment: Not usable outside of PowerShell
[2.155s] DEBUG:colcon.colcon_core.shell:Skip shell extension 'dsv' for command environment
[2.543s] DEBUG:colcon.colcon_core.event_handler.log_command:Invoking command in '/home/g0kh4n_2/tennis_bot_ws/build/tennis_bot_bringup': AMENT_PREFIX_PATH=/home/g0kh4n_2/tennis_bot_ws/install/tennis_bot_perception:/home/g0kh4n_2/tennis_bot_ws/install/tennis_bot_navigation:${AMENT_PREFIX_PATH} CMAKE_PREFIX_PATH=${CMAKE_PREFIX_PATH}:/opt/ros/humble PYTHONPATH=/home/g0kh4n_2/tennis_bot_ws/install/tennis_bot_perception/lib/python3.10/site-packages:/home/g0kh4n_2/tennis_bot_ws/install/tennis_bot_navigation/lib/python3.10/site-packages:${PYTHONPATH} /usr/bin/cmake /home/g0kh4n_2/tennis_bot_ws/src/tennis_bot_bringup -DCMAKE_INSTALL_PREFIX=/home/g0kh4n_2/tennis_bot_ws/install/tennis_bot_bringup
[4.801s] DEBUG:colcon.colcon_core.event_handler.log_command:Invoked command in '/home/g0kh4n_2/tennis_bot_ws/build/tennis_bot_bringup' returned '0': AMENT_PREFIX_PATH=/home/g0kh4n_2/tennis_bot_ws/install/tennis_bot_perception:/home/g0kh4n_2/tennis_bot_ws/install/tennis_bot_navigation:${AMENT_PREFIX_PATH} CMAKE_PREFIX_PATH=${CMAKE_PREFIX_PATH}:/opt/ros/humble PYTHONPATH=/home/g0kh4n_2/tennis_bot_ws/install/tennis_bot_perception/lib/python3.10/site-packages:/home/g0kh4n_2/tennis_bot_ws/install/tennis_bot_navigation/lib/python3.10/site-packages:${PYTHONPATH} /usr/bin/cmake /home/g0kh4n_2/tennis_bot_ws/src/tennis_bot_bringup -DCMAKE_INSTALL_PREFIX=/home/g0kh4n_2/tennis_bot_ws/install/tennis_bot_bringup
[4.804s] DEBUG:colcon.colcon_core.event_handler.log_command:Invoking command in '/home/g0kh4n_2/tennis_bot_ws/build/tennis_bot_bringup': AMENT_PREFIX_PATH=/home/g0kh4n_2/tennis_bot_ws/install/tennis_bot_perception:/home/g0kh4n_2/tennis_bot_ws/install/tennis_bot_navigation:${AMENT_PREFIX_PATH} CMAKE_PREFIX_PATH=${CMAKE_PREFIX_PATH}:/opt/ros/humble PYTHONPATH=/home/g0kh4n_2/tennis_bot_ws/install/tennis_bot_perception/lib/python3.10/site-packages:/home/g0kh4n_2/tennis_bot_ws/install/tennis_bot_navigation/lib/python3.10/site-packages:${PYTHONPATH} /usr/bin/cmake --build /home/g0kh4n_2/tennis_bot_ws/build/tennis_bot_bringup -- -j6 -l6
[4.846s] DEBUG:colcon.colcon_core.event_handler.log_command:Invoked command in '/home/g0kh4n_2/tennis_bot_ws/build/tennis_bot_bringup' returned '0': AMENT_PREFIX_PATH=/home/g0kh4n_2/tennis_bot_ws/install/tennis_bot_perception:/home/g0kh4n_2/tennis_bot_ws/install/tennis_bot_navigation:${AMENT_PREFIX_PATH} CMAKE_PREFIX_PATH=${CMAKE_PREFIX_PATH}:/opt/ros/humble PYTHONPATH=/home/g0kh4n_2/tennis_bot_ws/install/tennis_bot_perception/lib/python3.10/site-packages:/home/g0kh4n_2/tennis_bot_ws/install/tennis_bot_navigation/lib/python3.10/site-packages:${PYTHONPATH} /usr/bin/cmake --build /home/g0kh4n_2/tennis_bot_ws/build/tennis_bot_bringup -- -j6 -l6
[4.849s] DEBUG:colcon.colcon_core.event_handler.log_command:Invoking command in '/home/g0kh4n_2/tennis_bot_ws/build/tennis_bot_bringup': AMENT_PREFIX_PATH=/home/g0kh4n_2/tennis_bot_ws/install/tennis_bot_perception:/home/g0kh4n_2/tennis_bot_ws/install/tennis_bot_navigation:${AMENT_PREFIX_PATH} CMAKE_PREFIX_PATH=${CMAKE_PREFIX_PATH}:/opt/ros/humble PYTHONPATH=/home/g0kh4n_2/tennis_bot_ws/install/tennis_bot_perception/lib/python3.10/site-packages:/home/g0kh4n_2/tennis_bot_ws/install/tennis_bot_navigation/lib/python3.10/site-packages:${PYTHONPATH} /usr/bin/cmake --install /home/g0kh4n_2/tennis_bot_ws/build/tennis_bot_bringup
[4.870s] Level 1:colcon.colcon_core.environment:create_environment_scripts_only(tennis_bot_bringup)
[4.870s] Level 1:colcon.colcon_core.environment:checking '/home/g0kh4n_2/tennis_bot_ws/install/tennis_bot_bringup' for CMake module files
[4.871s] DEBUG:colcon.colcon_core.event_handler.log_command:Invoked command in '/home/g0kh4n_2/tennis_bot_ws/build/tennis_bot_bringup' returned '0': AMENT_PREFIX_PATH=/home/g0kh4n_2/tennis_bot_ws/install/tennis_bot_perception:/home/g0kh4n_2/tennis_bot_ws/install/tennis_bot_navigation:${AMENT_PREFIX_PATH} CMAKE_PREFIX_PATH=${CMAKE_PREFIX_PATH}:/opt/ros/humble PYTHONPATH=/home/g0kh4n_2/tennis_bot_ws/install/tennis_bot_perception/lib/python3.10/site-packages:/home/g0kh4n_2/tennis_bot_ws/install/tennis_bot_navigation/lib/python3.10/site-packages:${PYTHONPATH} /usr/bin/cmake --install /home/g0kh4n_2/tennis_bot_ws/build/tennis_bot_bringup
[4.871s] Level 1:colcon.colcon_core.environment:checking '/home/g0kh4n_2/tennis_bot_ws/install/tennis_bot_bringup' for CMake config files
[4.872s] Level 1:colcon.colcon_core.shell:create_environment_hook('tennis_bot_bringup', 'cmake_prefix_path')
[4.872s] INFO:colcon.colcon_core.shell:Creating environment hook '/home/g0kh4n_2/tennis_bot_ws/install/tennis_bot_bringup/share/tennis_bot_bringup/hook/cmake_prefix_path.ps1'
[4.873s] INFO:colcon.colcon_core.shell:Creating environment descriptor '/home/g0kh4n_2/tennis_bot_ws/install/tennis_bot_bringup/share/tennis_bot_bringup/hook/cmake_prefix_path.dsv'
[4.874s] INFO:colcon.colcon_core.shell:Creating environment hook '/home/g0kh4n_2/tennis_bot_ws/install/tennis_bot_bringup/share/tennis_bot_bringup/hook/cmake_prefix_path.sh'
[4.875s] Level 1:colcon.colcon_core.environment:checking '/home/g0kh4n_2/tennis_bot_ws/install/tennis_bot_bringup/bin'
[4.875s] Level 1:colcon.colcon_core.environment:checking '/home/g0kh4n_2/tennis_bot_ws/install/tennis_bot_bringup/lib/pkgconfig/tennis_bot_bringup.pc'
[4.875s] Level 1:colcon.colcon_core.environment:checking '/home/g0kh4n_2/tennis_bot_ws/install/tennis_bot_bringup/lib/python3.10/site-packages'
[4.875s] Level 1:colcon.colcon_core.environment:checking '/home/g0kh4n_2/tennis_bot_ws/install/tennis_bot_bringup/bin'
[4.876s] INFO:colcon.colcon_core.shell:Creating package script '/home/g0kh4n_2/tennis_bot_ws/install/tennis_bot_bringup/share/tennis_bot_bringup/package.ps1'
[4.876s] INFO:colcon.colcon_core.shell:Creating package descriptor '/home/g0kh4n_2/tennis_bot_ws/install/tennis_bot_bringup/share/tennis_bot_bringup/package.dsv'
[4.877s] INFO:colcon.colcon_core.shell:Creating package script '/home/g0kh4n_2/tennis_bot_ws/install/tennis_bot_bringup/share/tennis_bot_bringup/package.sh'
[4.878s] INFO:colcon.colcon_core.shell:Creating package script '/home/g0kh4n_2/tennis_bot_ws/install/tennis_bot_bringup/share/tennis_bot_bringup/package.bash'
[4.878s] INFO:colcon.colcon_core.shell:Creating package script '/home/g0kh4n_2/tennis_bot_ws/install/tennis_bot_bringup/share/tennis_bot_bringup/package.zsh'
[4.878s] Level 1:colcon.colcon_core.environment:create_file_with_runtime_dependencies(/home/g0kh4n_2/tennis_bot_ws/install/tennis_bot_bringup/share/colcon-core/packages/tennis_bot_bringup)
[4.880s] Level 1:colcon.colcon_core.environment:create_environment_scripts_only(tennis_bot_bringup)
[4.880s] Level 1:colcon.colcon_core.environment:checking '/home/g0kh4n_2/tennis_bot_ws/install/tennis_bot_bringup' for CMake module files
[4.881s] Level 1:colcon.colcon_core.environment:checking '/home/g0kh4n_2/tennis_bot_ws/install/tennis_bot_bringup' for CMake config files
[4.881s] Level 1:colcon.colcon_core.shell:create_environment_hook('tennis_bot_bringup', 'cmake_prefix_path')
[4.882s] INFO:colcon.colcon_core.shell:Creating environment hook '/home/g0kh4n_2/tennis_bot_ws/install/tennis_bot_bringup/share/tennis_bot_bringup/hook/cmake_prefix_path.ps1'
[4.882s] INFO:colcon.colcon_core.shell:Creating environment descriptor '/home/g0kh4n_2/tennis_bot_ws/install/tennis_bot_bringup/share/tennis_bot_bringup/hook/cmake_prefix_path.dsv'
[4.883s] INFO:colcon.colcon_core.shell:Creating environment hook '/home/g0kh4n_2/tennis_bot_ws/install/tennis_bot_bringup/share/tennis_bot_bringup/hook/cmake_prefix_path.sh'
[4.883s] Level 1:colcon.colcon_core.environment:checking '/home/g0kh4n_2/tennis_bot_ws/install/tennis_bot_bringup/bin'
[4.883s] Level 1:colcon.colcon_core.environment:checking '/home/g0kh4n_2/tennis_bot_ws/install/tennis_bot_bringup/lib/pkgconfig/tennis_bot_bringup.pc'
[4.884s] Level 1:colcon.colcon_core.environment:checking '/home/g0kh4n_2/tennis_bot_ws/install/tennis_bot_bringup/lib/python3.10/site-packages'
[4.884s] Level 1:colcon.colcon_core.environment:checking '/home/g0kh4n_2/tennis_bot_ws/install/tennis_bot_bringup/bin'
[4.884s] INFO:colcon.colcon_core.shell:Creating package script '/home/g0kh4n_2/tennis_bot_ws/install/tennis_bot_bringup/share/tennis_bot_bringup/package.ps1'
[4.885s] INFO:colcon.colcon_core.shell:Creating package descriptor '/home/g0kh4n_2/tennis_bot_ws/install/tennis_bot_bringup/share/tennis_bot_bringup/package.dsv'
[4.886s] INFO:colcon.colcon_core.shell:Creating package script '/home/g0kh4n_2/tennis_bot_ws/install/tennis_bot_bringup/share/tennis_bot_bringup/package.sh'
[4.886s] INFO:colcon.colcon_core.shell:Creating package script '/home/g0kh4n_2/tennis_bot_ws/install/tennis_bot_bringup/share/tennis_bot_bringup/package.bash'
[4.887s] INFO:colcon.colcon_core.shell:Creating package script '/home/g0kh4n_2/tennis_bot_ws/install/tennis_bot_bringup/share/tennis_bot_bringup/package.zsh'
[4.888s] Level 1:colcon.colcon_core.environment:create_file_with_runtime_dependencies(/home/g0kh4n_2/tennis_bot_ws/install/tennis_bot_bringup/share/colcon-core/packages/tennis_bot_bringup)
[4.888s] DEBUG:colcon.colcon_parallel_executor.executor.parallel:closing loop
[4.889s] DEBUG:colcon.colcon_parallel_executor.executor.parallel:loop closed
[4.889s] DEBUG:colcon.colcon_parallel_executor.executor.parallel:run_until_complete finished with '0'
[4.889s] DEBUG:colcon.colcon_core.event_reactor:joining thread
[4.957s] INFO:colcon.colcon_core.plugin_system:Skipping extension 'colcon_notification.desktop_notification.notify_send': Could not find 'notify-send'
[4.957s] INFO:colcon.colcon_core.plugin_system:Skipping extension 'colcon_notification.desktop_notification.terminal_notifier': Not used on non-Darwin systems
[4.958s] INFO:colcon.colcon_core.plugin_system:Skipping extension 'colcon_notification.desktop_notification.win32': Not used on non-Windows systems
[4.958s] INFO:colcon.colcon_notification.desktop_notification:Sending desktop notification using 'notify2'
[4.958s] DEBUG:colcon.colcon_notification.desktop_notification.notify2:Failed to initialize notify2: org.freedesktop.DBus.Error.FileNotFound: Failed to connect to socket /run/user/1000/bus: No such file or directory
[4.958s] DEBUG:colcon.colcon_core.event_reactor:joined thread
[4.958s] INFO:colcon.colcon_core.shell:Creating prefix script '/home/g0kh4n_2/tennis_bot_ws/install/local_setup.ps1'
[4.959s] INFO:colcon.colcon_core.shell:Creating prefix util module '/home/g0kh4n_2/tennis_bot_ws/install/_local_setup_util_ps1.py'
[4.961s] INFO:colcon.colcon_core.shell:Creating prefix chain script '/home/g0kh4n_2/tennis_bot_ws/install/setup.ps1'
[4.962s] INFO:colcon.colcon_core.shell:Creating prefix script '/home/g0kh4n_2/tennis_bot_ws/install/local_setup.sh'
[4.963s] INFO:colcon.colcon_core.shell:Creating prefix util module '/home/g0kh4n_2/tennis_bot_ws/install/_local_setup_util_sh.py'
[4.963s] INFO:colcon.colcon_core.shell:Creating prefix chain script '/home/g0kh4n_2/tennis_bot_ws/install/setup.sh'
[4.965s] INFO:colcon.colcon_core.shell:Creating prefix script '/home/g0kh4n_2/tennis_bot_ws/install/local_setup.bash'
[4.966s] INFO:colcon.colcon_core.shell:Creating prefix chain script '/home/g0kh4n_2/tennis_bot_ws/install/setup.bash'
[4.967s] INFO:colcon.colcon_core.shell:Creating prefix script '/home/g0kh4n_2/tennis_bot_ws/install/local_setup.zsh'
[4.968s] INFO:colcon.colcon_core.shell:Creating prefix chain script '/home/g0kh4n_2/tennis_bot_ws/install/setup.zsh'
