[1.086s] Invoking command in '/home/g0kh4n_2/tennis_bot_ws/build/tennis_bot_navigation': PYTHONPATH=/home/g0kh4n_2/tennis_bot_ws/build/tennis_bot_navigation/prefix_override:/usr/lib/python3/dist-packages/colcon_core/task/python/colcon_distutils_commands:/home/g0kh4n_2/tennis_bot_ws/install/tennis_bot_navigation/lib/python3.10/site-packages:${PYTHONPATH} /usr/bin/python3 -W ignore:setup.py install is deprecated -W ignore:easy_install command is deprecated setup.py develop --uninstall --editable --build-directory /home/g0kh4n_2/tennis_bot_ws/build/tennis_bot_navigation/build
[1.326s] running develop
[1.462s] Removing /home/g0kh4n_2/tennis_bot_ws/install/tennis_bot_navigation/lib/python3.10/site-packages/tennis-bot-navigation.egg-link (link to .)
[1.521s] Invoked command in '/home/g0kh4n_2/tennis_bot_ws/build/tennis_bot_navigation' returned '0': PYTHONPATH=/home/g0kh4n_2/tennis_bot_ws/build/tennis_bot_navigation/prefix_override:/usr/lib/python3/dist-packages/colcon_core/task/python/colcon_distutils_commands:/home/g0kh4n_2/tennis_bot_ws/install/tennis_bot_navigation/lib/python3.10/site-packages:${PYTHONPATH} /usr/bin/python3 -W ignore:setup.py install is deprecated -W ignore:easy_install command is deprecated setup.py develop --uninstall --editable --build-directory /home/g0kh4n_2/tennis_bot_ws/build/tennis_bot_navigation/build
[1.524s] Invoking command in '/home/g0kh4n_2/tennis_bot_ws/src/tennis_bot_navigation': PYTHONPATH=/home/g0kh4n_2/tennis_bot_ws/build/tennis_bot_navigation/prefix_override:/usr/lib/python3/dist-packages/colcon_core/task/python/colcon_distutils_commands:/home/g0kh4n_2/tennis_bot_ws/install/tennis_bot_navigation/lib/python3.10/site-packages:${PYTHONPATH} /usr/bin/python3 -W ignore:setup.py install is deprecated -W ignore:easy_install command is deprecated setup.py egg_info --egg-base ../../build/tennis_bot_navigation build --build-base /home/g0kh4n_2/tennis_bot_ws/build/tennis_bot_navigation/build install --record /home/g0kh4n_2/tennis_bot_ws/build/tennis_bot_navigation/install.log --install-scripts $base/lib/tennis_bot_navigation --single-version-externally-managed install_data --force
[1.761s] running egg_info
[1.762s] writing ../../build/tennis_bot_navigation/tennis_bot_navigation.egg-info/PKG-INFO
[1.763s] writing dependency_links to ../../build/tennis_bot_navigation/tennis_bot_navigation.egg-info/dependency_links.txt
[1.763s] writing entry points to ../../build/tennis_bot_navigation/tennis_bot_navigation.egg-info/entry_points.txt
[1.763s] writing requirements to ../../build/tennis_bot_navigation/tennis_bot_navigation.egg-info/requires.txt
[1.764s] writing top-level names to ../../build/tennis_bot_navigation/tennis_bot_navigation.egg-info/top_level.txt
[1.768s] reading manifest file '../../build/tennis_bot_navigation/tennis_bot_navigation.egg-info/SOURCES.txt'
[1.769s] writing manifest file '../../build/tennis_bot_navigation/tennis_bot_navigation.egg-info/SOURCES.txt'
[1.769s] running build
[1.769s] running build_py
[1.771s] running install
[1.771s] running install_lib
[1.773s] creating /home/g0kh4n_2/tennis_bot_ws/install/tennis_bot_navigation/lib/python3.10/site-packages/tennis_bot_navigation
[1.775s] copying /home/g0kh4n_2/tennis_bot_ws/build/tennis_bot_navigation/build/lib/tennis_bot_navigation/__init__.py -> /home/g0kh4n_2/tennis_bot_ws/install/tennis_bot_navigation/lib/python3.10/site-packages/tennis_bot_navigation
[1.775s] copying /home/g0kh4n_2/tennis_bot_ws/build/tennis_bot_navigation/build/lib/tennis_bot_navigation/cmd_vel_relay_node.py -> /home/g0kh4n_2/tennis_bot_ws/install/tennis_bot_navigation/lib/python3.10/site-packages/tennis_bot_navigation
[1.775s] copying /home/g0kh4n_2/tennis_bot_ws/build/tennis_bot_navigation/build/lib/tennis_bot_navigation/collection_planner_node.py -> /home/g0kh4n_2/tennis_bot_ws/install/tennis_bot_navigation/lib/python3.10/site-packages/tennis_bot_navigation
[1.777s] byte-compiling /home/g0kh4n_2/tennis_bot_ws/install/tennis_bot_navigation/lib/python3.10/site-packages/tennis_bot_navigation/__init__.py to __init__.cpython-310.pyc
[1.778s] byte-compiling /home/g0kh4n_2/tennis_bot_ws/install/tennis_bot_navigation/lib/python3.10/site-packages/tennis_bot_navigation/cmd_vel_relay_node.py to cmd_vel_relay_node.cpython-310.pyc
[1.778s] byte-compiling /home/g0kh4n_2/tennis_bot_ws/install/tennis_bot_navigation/lib/python3.10/site-packages/tennis_bot_navigation/collection_planner_node.py to collection_planner_node.cpython-310.pyc
[1.780s] running install_data
[1.781s] copying resource/tennis_bot_navigation -> /home/g0kh4n_2/tennis_bot_ws/install/tennis_bot_navigation/share/ament_index/resource_index/packages
[1.781s] copying package.xml -> /home/g0kh4n_2/tennis_bot_ws/install/tennis_bot_navigation/share/tennis_bot_navigation
[1.782s] copying launch/mapping.launch.py -> /home/g0kh4n_2/tennis_bot_ws/install/tennis_bot_navigation/share/tennis_bot_navigation/launch
[1.782s] copying launch/navigation.launch.py -> /home/g0kh4n_2/tennis_bot_ws/install/tennis_bot_navigation/share/tennis_bot_navigation/launch
[1.782s] copying config/slam_toolbox.yaml -> /home/g0kh4n_2/tennis_bot_ws/install/tennis_bot_navigation/share/tennis_bot_navigation/config
[1.782s] copying config/nav2_params.yaml -> /home/g0kh4n_2/tennis_bot_ws/install/tennis_bot_navigation/share/tennis_bot_navigation/config
[1.783s] copying config/planner.yaml -> /home/g0kh4n_2/tennis_bot_ws/install/tennis_bot_navigation/share/tennis_bot_navigation/config
[1.784s] running install_egg_info
[1.796s] Copying ../../build/tennis_bot_navigation/tennis_bot_navigation.egg-info to /home/g0kh4n_2/tennis_bot_ws/install/tennis_bot_navigation/lib/python3.10/site-packages/tennis_bot_navigation-0.0.0-py3.10.egg-info
[1.802s] running install_scripts
[1.827s] Installing cmd_vel_relay_node script to /home/g0kh4n_2/tennis_bot_ws/install/tennis_bot_navigation/lib/tennis_bot_navigation
[1.827s] Installing collection_planner_node script to /home/g0kh4n_2/tennis_bot_ws/install/tennis_bot_navigation/lib/tennis_bot_navigation
[1.828s] writing list of installed files to '/home/g0kh4n_2/tennis_bot_ws/build/tennis_bot_navigation/install.log'
[1.887s] Invoked command in '/home/g0kh4n_2/tennis_bot_ws/src/tennis_bot_navigation' returned '0': PYTHONPATH=/home/g0kh4n_2/tennis_bot_ws/build/tennis_bot_navigation/prefix_override:/usr/lib/python3/dist-packages/colcon_core/task/python/colcon_distutils_commands:/home/g0kh4n_2/tennis_bot_ws/install/tennis_bot_navigation/lib/python3.10/site-packages:${PYTHONPATH} /usr/bin/python3 -W ignore:setup.py install is deprecated -W ignore:easy_install command is deprecated setup.py egg_info --egg-base ../../build/tennis_bot_navigation build --build-base /home/g0kh4n_2/tennis_bot_ws/build/tennis_bot_navigation/build install --record /home/g0kh4n_2/tennis_bot_ws/build/tennis_bot_navigation/install.log --install-scripts $base/lib/tennis_bot_navigation --single-version-externally-managed install_data --force
