[3.621s] Invoking command in '/home/g0kh4n_2/tennis_bot_ws/src/tennis_bot_perception': PYTHONPATH=/home/g0kh4n_2/tennis_bot_ws/build/tennis_bot_perception/prefix_override:/usr/lib/python3/dist-packages/colcon_core/task/python/colcon_distutils_commands:/home/g0kh4n_2/tennis_bot_ws/install/tennis_bot_perception/lib/python3.10/site-packages:${PYTHONPATH} /usr/bin/python3 -W ignore:setup.py install is deprecated -W ignore:easy_install command is deprecated setup.py egg_info --egg-base ../../build/tennis_bot_perception build --build-base /home/g0kh4n_2/tennis_bot_ws/build/tennis_bot_perception/build install --record /home/g0kh4n_2/tennis_bot_ws/build/tennis_bot_perception/install.log --install-scripts $base/lib/tennis_bot_perception --single-version-externally-managed install_data
[4.568s] running egg_info
[4.583s] writing ../../build/tennis_bot_perception/tennis_bot_perception.egg-info/PKG-INFO
[4.584s] writing dependency_links to ../../build/tennis_bot_perception/tennis_bot_perception.egg-info/dependency_links.txt
[4.584s] writing entry points to ../../build/tennis_bot_perception/tennis_bot_perception.egg-info/entry_points.txt
[4.584s] writing requirements to ../../build/tennis_bot_perception/tennis_bot_perception.egg-info/requires.txt
[4.584s] writing top-level names to ../../build/tennis_bot_perception/tennis_bot_perception.egg-info/top_level.txt
[4.584s] reading manifest file '../../build/tennis_bot_perception/tennis_bot_perception.egg-info/SOURCES.txt'
[4.584s] writing manifest file '../../build/tennis_bot_perception/tennis_bot_perception.egg-info/SOURCES.txt'
[4.586s] running build
[4.588s] running build_py
[4.596s] running install
[4.596s] running install_lib
[4.602s] running install_data
[4.603s] copying config/ball_detector.yaml -> /home/g0kh4n_2/tennis_bot_ws/install/tennis_bot_perception/share/tennis_bot_perception/config
[4.603s] running install_egg_info
[4.609s] removing '/home/g0kh4n_2/tennis_bot_ws/install/tennis_bot_perception/lib/python3.10/site-packages/tennis_bot_perception-0.0.0-py3.10.egg-info' (and everything under it)
[4.610s] Copying ../../build/tennis_bot_perception/tennis_bot_perception.egg-info to /home/g0kh4n_2/tennis_bot_ws/install/tennis_bot_perception/lib/python3.10/site-packages/tennis_bot_perception-0.0.0-py3.10.egg-info
[4.627s] running install_scripts
[4.726s] Installing ball_detector_node script to /home/g0kh4n_2/tennis_bot_ws/install/tennis_bot_perception/lib/tennis_bot_perception
[4.733s] writing list of installed files to '/home/g0kh4n_2/tennis_bot_ws/build/tennis_bot_perception/install.log'
[4.916s] Invoked command in '/home/g0kh4n_2/tennis_bot_ws/src/tennis_bot_perception' returned '0': PYTHONPATH=/home/g0kh4n_2/tennis_bot_ws/build/tennis_bot_perception/prefix_override:/usr/lib/python3/dist-packages/colcon_core/task/python/colcon_distutils_commands:/home/g0kh4n_2/tennis_bot_ws/install/tennis_bot_perception/lib/python3.10/site-packages:${PYTHONPATH} /usr/bin/python3 -W ignore:setup.py install is deprecated -W ignore:easy_install command is deprecated setup.py egg_info --egg-base ../../build/tennis_bot_perception build --build-base /home/g0kh4n_2/tennis_bot_ws/build/tennis_bot_perception/build install --record /home/g0kh4n_2/tennis_bot_ws/build/tennis_bot_perception/install.log --install-scripts $base/lib/tennis_bot_perception --single-version-externally-managed install_data
