[0.417s] DEBUG:colcon:Command line arguments: ['/usr/bin/colcon', 'build', '--symlink-install', '--packages-select', 'tennis_bot_navigation']
[0.417s] DEBUG:colcon:Parsed command line arguments: Namespace(log_base=None, log_level=None, verb_name='build', build_base='build', install_base='install', merge_install=False, symlink_install=True, test_result_base=None, continue_on_error=False, executor='parallel', parallel_workers=6, event_handlers=None, ignore_user_meta=False, metas=['./colcon.meta'], base_paths=['.'], packages_ignore=None, packages_ignore_regex=None, paths=None, packages_up_to=None, packages_up_to_regex=None, packages_above=None, packages_above_and_dependencies=None, packages_above_depth=None, packages_select_by_dep=None, packages_skip_by_dep=None, packages_skip_up_to=None, packages_select_build_failed=False, packages_skip_build_finished=False, packages_select_test_failures=False, packages_skip_test_passed=False, packages_select=['tennis_bot_navigation'], packages_skip=None, packages_select_regex=None, packages_skip_regex=None, packages_start=None, packages_end=None, allow_overriding=[], cmake_args=None, cmake_target=None, cmake_target_skip_unavailable=False, cmake_clean_cache=False, cmake_clean_first=False, cmake_force_configure=False, ament_cmake_args=None, catkin_cmake_args=None, catkin_skip_building_tests=False, verb_parser=<colcon_defaults.argument_parser.defaults.DefaultArgumentsDecorator object at 0x76b66c555120>, verb_extension=<colcon_core.verb.build.BuildVerb object at 0x76b66c554c10>, main=<bound method BuildVerb.main of <colcon_core.verb.build.BuildVerb object at 0x76b66c554c10>>)
[0.708s] Level 1:colcon.colcon_core.package_discovery:discover_packages(colcon_meta) check parameters
[0.708s] Level 1:colcon.colcon_core.package_discovery:discover_packages(recursive) check parameters
[0.708s] Level 1:colcon.colcon_core.package_discovery:discover_packages(ignore) check parameters
[0.708s] Level 1:colcon.colcon_core.package_discovery:discover_packages(path) check parameters
[0.708s] Level 1:colcon.colcon_core.package_discovery:discover_packages(colcon_meta) discover
[0.708s] Level 1:colcon.colcon_core.package_discovery:discover_packages(recursive) discover
[0.708s] INFO:colcon.colcon_core.package_discovery:Crawling recursively for packages in '/home/g0kh4n_2/tennis_bot_ws'
[0.708s] Level 1:colcon.colcon_core.package_identification:_identify(.) by extensions ['ignore', 'ignore_ament_install']
[0.708s] Level 1:colcon.colcon_core.package_identification:_identify(.) by extension 'ignore'
[0.709s] Level 1:colcon.colcon_core.package_identification:_identify(.) by extension 'ignore_ament_install'
[0.709s] Level 1:colcon.colcon_core.package_identification:_identify(.) by extensions ['colcon_pkg']
[0.709s] Level 1:colcon.colcon_core.package_identification:_identify(.) by extension 'colcon_pkg'
[0.709s] Level 1:colcon.colcon_core.package_identification:_identify(.) by extensions ['colcon_meta']
[0.709s] Level 1:colcon.colcon_core.package_identification:_identify(.) by extension 'colcon_meta'
[0.709s] Level 1:colcon.colcon_core.package_identification:_identify(.) by extensions ['ros']
[0.709s] Level 1:colcon.colcon_core.package_identification:_identify(.) by extension 'ros'
[0.735s] Level 1:colcon.colcon_core.package_identification:_identify(.) by extensions ['cmake', 'python']
[0.735s] Level 1:colcon.colcon_core.package_identification:_identify(.) by extension 'cmake'
[0.735s] Level 1:colcon.colcon_core.package_identification:_identify(.) by extension 'python'
[0.735s] Level 1:colcon.colcon_core.package_identification:_identify(.) by extensions ['python_setup_py']
[0.735s] Level 1:colcon.colcon_core.package_identification:_identify(.) by extension 'python_setup_py'
[0.736s] Level 1:colcon.colcon_core.package_identification:_identify(build) by extensions ['ignore', 'ignore_ament_install']
[0.736s] Level 1:colcon.colcon_core.package_identification:_identify(build) by extension 'ignore'
[0.736s] Level 1:colcon.colcon_core.package_identification:_identify(build) ignored
[0.736s] Level 1:colcon.colcon_core.package_identification:_identify(install) by extensions ['ignore', 'ignore_ament_install']
[0.736s] Level 1:colcon.colcon_core.package_identification:_identify(install) by extension 'ignore'
[0.736s] Level 1:colcon.colcon_core.package_identification:_identify(install) ignored
[0.736s] Level 1:colcon.colcon_core.package_identification:_identify(log) by extensions ['ignore', 'ignore_ament_install']
[0.736s] Level 1:colcon.colcon_core.package_identification:_identify(log) by extension 'ignore'
[0.736s] Level 1:colcon.colcon_core.package_identification:_identify(log) ignored
[0.736s] Level 1:colcon.colcon_core.package_identification:_identify(src) by extensions ['ignore', 'ignore_ament_install']
[0.736s] Level 1:colcon.colcon_core.package_identification:_identify(src) by extension 'ignore'
[0.736s] Level 1:colcon.colcon_core.package_identification:_identify(src) by extension 'ignore_ament_install'
[0.736s] Level 1:colcon.colcon_core.package_identification:_identify(src) by extensions ['colcon_pkg']
[0.736s] Level 1:colcon.colcon_core.package_identification:_identify(src) by extension 'colcon_pkg'
[0.736s] Level 1:colcon.colcon_core.package_identification:_identify(src) by extensions ['colcon_meta']
[0.736s] Level 1:colcon.colcon_core.package_identification:_identify(src) by extension 'colcon_meta'
[0.736s] Level 1:colcon.colcon_core.package_identification:_identify(src) by extensions ['ros']
[0.736s] Level 1:colcon.colcon_core.package_identification:_identify(src) by extension 'ros'
[0.737s] Level 1:colcon.colcon_core.package_identification:_identify(src) by extensions ['cmake', 'python']
[0.737s] Level 1:colcon.colcon_core.package_identification:_identify(src) by extension 'cmake'
[0.737s] Level 1:colcon.colcon_core.package_identification:_identify(src) by extension 'python'
[0.737s] Level 1:colcon.colcon_core.package_identification:_identify(src) by extensions ['python_setup_py']
[0.737s] Level 1:colcon.colcon_core.package_identification:_identify(src) by extension 'python_setup_py'
[0.737s] Level 1:colcon.colcon_core.package_identification:_identify(src/tennis_bot_bringup) by extensions ['ignore', 'ignore_ament_install']
[0.737s] Level 1:colcon.colcon_core.package_identification:_identify(src/tennis_bot_bringup) by extension 'ignore'
[0.737s] Level 1:colcon.colcon_core.package_identification:_identify(src/tennis_bot_bringup) by extension 'ignore_ament_install'
[0.737s] Level 1:colcon.colcon_core.package_identification:_identify(src/tennis_bot_bringup) by extensions ['colcon_pkg']
[0.737s] Level 1:colcon.colcon_core.package_identification:_identify(src/tennis_bot_bringup) by extension 'colcon_pkg'
[0.737s] Level 1:colcon.colcon_core.package_identification:_identify(src/tennis_bot_bringup) by extensions ['colcon_meta']
[0.737s] Level 1:colcon.colcon_core.package_identification:_identify(src/tennis_bot_bringup) by extension 'colcon_meta'
[0.737s] Level 1:colcon.colcon_core.package_identification:_identify(src/tennis_bot_bringup) by extensions ['ros']
[0.737s] Level 1:colcon.colcon_core.package_identification:_identify(src/tennis_bot_bringup) by extension 'ros'
[0.741s] DEBUG:colcon.colcon_core.package_identification:Package 'src/tennis_bot_bringup' with type 'ros.ament_cmake' and name 'tennis_bot_bringup'
[0.742s] Level 1:colcon.colcon_core.package_identification:_identify(src/tennis_bot_description) by extensions ['ignore', 'ignore_ament_install']
[0.742s] Level 1:colcon.colcon_core.package_identification:_identify(src/tennis_bot_description) by extension 'ignore'
[0.742s] Level 1:colcon.colcon_core.package_identification:_identify(src/tennis_bot_description) by extension 'ignore_ament_install'
[0.742s] Level 1:colcon.colcon_core.package_identification:_identify(src/tennis_bot_description) by extensions ['colcon_pkg']
[0.742s] Level 1:colcon.colcon_core.package_identification:_identify(src/tennis_bot_description) by extension 'colcon_pkg'
[0.742s] Level 1:colcon.colcon_core.package_identification:_identify(src/tennis_bot_description) by extensions ['colcon_meta']
[0.742s] Level 1:colcon.colcon_core.package_identification:_identify(src/tennis_bot_description) by extension 'colcon_meta'
[0.742s] Level 1:colcon.colcon_core.package_identification:_identify(src/tennis_bot_description) by extensions ['ros']
[0.742s] Level 1:colcon.colcon_core.package_identification:_identify(src/tennis_bot_description) by extension 'ros'
[0.745s] DEBUG:colcon.colcon_core.package_identification:Package 'src/tennis_bot_description' with type 'ros.ament_cmake' and name 'tennis_bot_description'
[0.745s] Level 1:colcon.colcon_core.package_identification:_identify(src/tennis_bot_navigation) by extensions ['ignore', 'ignore_ament_install']
[0.745s] Level 1:colcon.colcon_core.package_identification:_identify(src/tennis_bot_navigation) by extension 'ignore'
[0.745s] Level 1:colcon.colcon_core.package_identification:_identify(src/tennis_bot_navigation) by extension 'ignore_ament_install'
[0.745s] Level 1:colcon.colcon_core.package_identification:_identify(src/tennis_bot_navigation) by extensions ['colcon_pkg']
[0.745s] Level 1:colcon.colcon_core.package_identification:_identify(src/tennis_bot_navigation) by extension 'colcon_pkg'
[0.745s] Level 1:colcon.colcon_core.package_identification:_identify(src/tennis_bot_navigation) by extensions ['colcon_meta']
[0.745s] Level 1:colcon.colcon_core.package_identification:_identify(src/tennis_bot_navigation) by extension 'colcon_meta'
[0.745s] Level 1:colcon.colcon_core.package_identification:_identify(src/tennis_bot_navigation) by extensions ['ros']
[0.745s] Level 1:colcon.colcon_core.package_identification:_identify(src/tennis_bot_navigation) by extension 'ros'
[0.746s] DEBUG:colcon.colcon_core.package_identification:Package 'src/tennis_bot_navigation' with type 'ros.ament_python' and name 'tennis_bot_navigation'
[0.746s] Level 1:colcon.colcon_core.package_identification:_identify(src/tennis_bot_perception) by extensions ['ignore', 'ignore_ament_install']
[0.747s] Level 1:colcon.colcon_core.package_identification:_identify(src/tennis_bot_perception) by extension 'ignore'
[0.747s] Level 1:colcon.colcon_core.package_identification:_identify(src/tennis_bot_perception) by extension 'ignore_ament_install'
[0.747s] Level 1:colcon.colcon_core.package_identification:_identify(src/tennis_bot_perception) by extensions ['colcon_pkg']
[0.747s] Level 1:colcon.colcon_core.package_identification:_identify(src/tennis_bot_perception) by extension 'colcon_pkg'
[0.747s] Level 1:colcon.colcon_core.package_identification:_identify(src/tennis_bot_perception) by extensions ['colcon_meta']
[0.747s] Level 1:colcon.colcon_core.package_identification:_identify(src/tennis_bot_perception) by extension 'colcon_meta'
[0.747s] Level 1:colcon.colcon_core.package_identification:_identify(src/tennis_bot_perception) by extensions ['ros']
[0.747s] Level 1:colcon.colcon_core.package_identification:_identify(src/tennis_bot_perception) by extension 'ros'
[0.748s] DEBUG:colcon.colcon_core.package_identification:Package 'src/tennis_bot_perception' with type 'ros.ament_python' and name 'tennis_bot_perception'
[0.748s] Level 1:colcon.colcon_core.package_identification:_identify(src_backup_before_search) by extensions ['ignore', 'ignore_ament_install']
[0.749s] Level 1:colcon.colcon_core.package_identification:_identify(src_backup_before_search) by extension 'ignore'
[0.749s] Level 1:colcon.colcon_core.package_identification:_identify(src_backup_before_search) by extension 'ignore_ament_install'
[0.749s] Level 1:colcon.colcon_core.package_identification:_identify(src_backup_before_search) by extensions ['colcon_pkg']
[0.749s] Level 1:colcon.colcon_core.package_identification:_identify(src_backup_before_search) by extension 'colcon_pkg'
[0.749s] Level 1:colcon.colcon_core.package_identification:_identify(src_backup_before_search) by extensions ['colcon_meta']
[0.749s] Level 1:colcon.colcon_core.package_identification:_identify(src_backup_before_search) by extension 'colcon_meta'
[0.749s] Level 1:colcon.colcon_core.package_identification:_identify(src_backup_before_search) by extensions ['ros']
[0.749s] Level 1:colcon.colcon_core.package_identification:_identify(src_backup_before_search) by extension 'ros'
[0.749s] Level 1:colcon.colcon_core.package_identification:_identify(src_backup_before_search) by extensions ['cmake', 'python']
[0.749s] Level 1:colcon.colcon_core.package_identification:_identify(src_backup_before_search) by extension 'cmake'
[0.749s] Level 1:colcon.colcon_core.package_identification:_identify(src_backup_before_search) by extension 'python'
[0.749s] Level 1:colcon.colcon_core.package_identification:_identify(src_backup_before_search) by extensions ['python_setup_py']
[0.749s] Level 1:colcon.colcon_core.package_identification:_identify(src_backup_before_search) by extension 'python_setup_py'
[0.749s] Level 1:colcon.colcon_core.package_identification:_identify(src_backup_before_search/tennis_bot_bringup) by extensions ['ignore', 'ignore_ament_install']
[0.749s] Level 1:colcon.colcon_core.package_identification:_identify(src_backup_before_search/tennis_bot_bringup) by extension 'ignore'
[0.749s] Level 1:colcon.colcon_core.package_identification:_identify(src_backup_before_search/tennis_bot_bringup) by extension 'ignore_ament_install'
[0.750s] Level 1:colcon.colcon_core.package_identification:_identify(src_backup_before_search/tennis_bot_bringup) by extensions ['colcon_pkg']
[0.750s] Level 1:colcon.colcon_core.package_identification:_identify(src_backup_before_search/tennis_bot_bringup) by extension 'colcon_pkg'
[0.750s] Level 1:colcon.colcon_core.package_identification:_identify(src_backup_before_search/tennis_bot_bringup) by extensions ['colcon_meta']
[0.750s] Level 1:colcon.colcon_core.package_identification:_identify(src_backup_before_search/tennis_bot_bringup) by extension 'colcon_meta'
[0.750s] Level 1:colcon.colcon_core.package_identification:_identify(src_backup_before_search/tennis_bot_bringup) by extensions ['ros']
[0.750s] Level 1:colcon.colcon_core.package_identification:_identify(src_backup_before_search/tennis_bot_bringup) by extension 'ros'
[0.750s] DEBUG:colcon.colcon_core.package_identification:Package 'src_backup_before_search/tennis_bot_bringup' with type 'ros.ament_cmake' and name 'tennis_bot_bringup'
[0.751s] Level 1:colcon.colcon_core.package_identification:_identify(src_backup_before_search/tennis_bot_description) by extensions ['ignore', 'ignore_ament_install']
[0.751s] Level 1:colcon.colcon_core.package_identification:_identify(src_backup_before_search/tennis_bot_description) by extension 'ignore'
[0.751s] Level 1:colcon.colcon_core.package_identification:_identify(src_backup_before_search/tennis_bot_description) by extension 'ignore_ament_install'
[0.751s] Level 1:colcon.colcon_core.package_identification:_identify(src_backup_before_search/tennis_bot_description) by extensions ['colcon_pkg']
[0.751s] Level 1:colcon.colcon_core.package_identification:_identify(src_backup_before_search/tennis_bot_description) by extension 'colcon_pkg'
[0.751s] Level 1:colcon.colcon_core.package_identification:_identify(src_backup_before_search/tennis_bot_description) by extensions ['colcon_meta']
[0.751s] Level 1:colcon.colcon_core.package_identification:_identify(src_backup_before_search/tennis_bot_description) by extension 'colcon_meta'
[0.751s] Level 1:colcon.colcon_core.package_identification:_identify(src_backup_before_search/tennis_bot_description) by extensions ['ros']
[0.751s] Level 1:colcon.colcon_core.package_identification:_identify(src_backup_before_search/tennis_bot_description) by extension 'ros'
[0.753s] DEBUG:colcon.colcon_core.package_identification:Package 'src_backup_before_search/tennis_bot_description' with type 'ros.ament_cmake' and name 'tennis_bot_description'
[0.753s] Level 1:colcon.colcon_core.package_identification:_identify(src_backup_before_search/tennis_bot_navigation) by extensions ['ignore', 'ignore_ament_install']
[0.753s] Level 1:colcon.colcon_core.package_identification:_identify(src_backup_before_search/tennis_bot_navigation) by extension 'ignore'
[0.753s] Level 1:colcon.colcon_core.package_identification:_identify(src_backup_before_search/tennis_bot_navigation) by extension 'ignore_ament_install'
[0.753s] Level 1:colcon.colcon_core.package_identification:_identify(src_backup_before_search/tennis_bot_navigation) by extensions ['colcon_pkg']
[0.753s] Level 1:colcon.colcon_core.package_identification:_identify(src_backup_before_search/tennis_bot_navigation) by extension 'colcon_pkg'
[0.753s] Level 1:colcon.colcon_core.package_identification:_identify(src_backup_before_search/tennis_bot_navigation) by extensions ['colcon_meta']
[0.753s] Level 1:colcon.colcon_core.package_identification:_identify(src_backup_before_search/tennis_bot_navigation) by extension 'colcon_meta'
[0.753s] Level 1:colcon.colcon_core.package_identification:_identify(src_backup_before_search/tennis_bot_navigation) by extensions ['ros']
[0.753s] Level 1:colcon.colcon_core.package_identification:_identify(src_backup_before_search/tennis_bot_navigation) by extension 'ros'
[0.755s] DEBUG:colcon.colcon_core.package_identification:Package 'src_backup_before_search/tennis_bot_navigation' with type 'ros.ament_python' and name 'tennis_bot_navigation'
[0.755s] Level 1:colcon.colcon_core.package_identification:_identify(src_backup_before_search/tennis_bot_perception) by extensions ['ignore', 'ignore_ament_install']
[0.755s] Level 1:colcon.colcon_core.package_identification:_identify(src_backup_before_search/tennis_bot_perception) by extension 'ignore'
[0.755s] Level 1:colcon.colcon_core.package_identification:_identify(src_backup_before_search/tennis_bot_perception) by extension 'ignore_ament_install'
[0.755s] Level 1:colcon.colcon_core.package_identification:_identify(src_backup_before_search/tennis_bot_perception) by extensions ['colcon_pkg']
[0.755s] Level 1:colcon.colcon_core.package_identification:_identify(src_backup_before_search/tennis_bot_perception) by extension 'colcon_pkg'
[0.755s] Level 1:colcon.colcon_core.package_identification:_identify(src_backup_before_search/tennis_bot_perception) by extensions ['colcon_meta']
[0.755s] Level 1:colcon.colcon_core.package_identification:_identify(src_backup_before_search/tennis_bot_perception) by extension 'colcon_meta'
[0.755s] Level 1:colcon.colcon_core.package_identification:_identify(src_backup_before_search/tennis_bot_perception) by extensions ['ros']
[0.755s] Level 1:colcon.colcon_core.package_identification:_identify(src_backup_before_search/tennis_bot_perception) by extension 'ros'
[0.757s] DEBUG:colcon.colcon_core.package_identification:Package 'src_backup_before_search/tennis_bot_perception' with type 'ros.ament_python' and name 'tennis_bot_perception'
[0.757s] Level 1:colcon.colcon_core.package_discovery:discover_packages(recursive) using defaults
[0.757s] Level 1:colcon.colcon_core.package_discovery:discover_packages(ignore) discover
[0.757s] Level 1:colcon.colcon_core.package_discovery:discover_packages(ignore) using defaults
[0.757s] Level 1:colcon.colcon_core.package_discovery:discover_packages(path) discover
[0.757s] Level 1:colcon.colcon_core.package_discovery:discover_packages(path) using defaults
[0.838s] INFO:colcon.colcon_core.package_selection:Skipping not selected package 'tennis_bot_description' in 'src/tennis_bot_description'
[0.838s] INFO:colcon.colcon_core.package_selection:Skipping not selected package 'tennis_bot_description' in 'src_backup_before_search/tennis_bot_description'
[0.838s] INFO:colcon.colcon_core.package_selection:Skipping not selected package 'tennis_bot_perception' in 'src_backup_before_search/tennis_bot_perception'
[0.838s] INFO:colcon.colcon_core.package_selection:Skipping not selected package 'tennis_bot_perception' in 'src/tennis_bot_perception'
[0.838s] INFO:colcon.colcon_core.package_selection:Skipping not selected package 'tennis_bot_bringup' in 'src_backup_before_search/tennis_bot_bringup'
[0.838s] INFO:colcon.colcon_core.package_selection:Skipping not selected package 'tennis_bot_bringup' in 'src/tennis_bot_bringup'
[0.839s] Level 1:colcon.colcon_core.package_discovery:discover_packages(prefix_path) check parameters
[0.839s] Level 1:colcon.colcon_core.package_discovery:discover_packages(prefix_path) discover
[0.847s] DEBUG:colcon.colcon_installed_package_information.package_discovery:Found 4 installed packages in /home/g0kh4n_2/tennis_bot_ws/install
[0.853s] DEBUG:colcon.colcon_installed_package_information.package_discovery:Found 373 installed packages in /opt/ros/humble
[0.855s] Level 1:colcon.colcon_core.package_discovery:discover_packages(prefix_path) using defaults
[1.044s] WARNING:colcon.colcon_core.package_selection:Some selected packages are already built in one or more underlay workspaces:
	'tennis_bot_navigation' is in: /home/g0kh4n_2/tennis_bot_ws/install/tennis_bot_navigation
If a package in a merged underlay workspace is overridden and it installs headers, then all packages in the overlay must sort their include directories by workspace order. Failure to do so may result in build failures or undefined behavior at run time.
If the overridden package is used by another package in any underlay, then the overriding package in the overlay must be API and ABI compatible or undefined behavior at run time may occur.

If you understand the risks and want to override a package anyways, add the following to the command line:
	--allow-overriding tennis_bot_navigation

This may be promoted to an error in a future release of colcon-override-check.
[1.046s] ERROR:colcon:colcon build: Duplicate package names not supported:
- tennis_bot_navigation:
  - src/tennis_bot_navigation
  - src_backup_before_search/tennis_bot_navigation
