[0.064s] Invoking command in '/home/g0kh4n_2/tennis_bot_ws/build/tennis_bot_description': CMAKE_PREFIX_PATH=${CMAKE_PREFIX_PATH}:/home/g0kh4n_2/tennis_bot_ws/install/tennis_bot_perception:/home/g0kh4n_2/tennis_bot_ws/install/tennis_bot_navigation:/opt/ros/humble /usr/bin/cmake /home/g0kh4n_2/tennis_bot_ws/src/tennis_bot_description -DAMENT_CMAKE_SYMLINK_INSTALL=1 -DCMAKE_INSTALL_PREFIX=/home/g0kh4n_2/tennis_bot_ws/install/tennis_bot_description
[0.484s] -- Found ament_cmake: 1.3.14 (/opt/ros/humble/share/ament_cmake/cmake)
[0.484s] -- Override CMake install command with custom implementation using symlinks instead of copying resources
[0.484s] -- Found ament_lint_auto: 0.12.15 (/opt/ros/humble/share/ament_lint_auto/cmake)
[0.584s] -- Added test 'flake8' to check Python code syntax and style conventions
[0.585s] -- Added test 'lint_cmake' to check CMake code style
[0.586s] -- Added test 'pep257' to check Python code against some of the docstring style conventions in PEP 257
[0.589s] -- Added test 'xmllint' to check XML markup files
[0.595s] -- Configuring done
[0.608s] -- Generating done
[0.614s] -- Build files have been written to: /home/g0kh4n_2/tennis_bot_ws/build/tennis_bot_description
[0.845s] Invoked command in '/home/g0kh4n_2/tennis_bot_ws/build/tennis_bot_description' returned '0': CMAKE_PREFIX_PATH=${CMAKE_PREFIX_PATH}:/home/g0kh4n_2/tennis_bot_ws/install/tennis_bot_perception:/home/g0kh4n_2/tennis_bot_ws/install/tennis_bot_navigation:/opt/ros/humble /usr/bin/cmake /home/g0kh4n_2/tennis_bot_ws/src/tennis_bot_description -DAMENT_CMAKE_SYMLINK_INSTALL=1 -DCMAKE_INSTALL_PREFIX=/home/g0kh4n_2/tennis_bot_ws/install/tennis_bot_description
[0.848s] Invoking command in '/home/g0kh4n_2/tennis_bot_ws/build/tennis_bot_description': CMAKE_PREFIX_PATH=${CMAKE_PREFIX_PATH}:/home/g0kh4n_2/tennis_bot_ws/install/tennis_bot_perception:/home/g0kh4n_2/tennis_bot_ws/install/tennis_bot_navigation:/opt/ros/humble /usr/bin/cmake --build /home/g0kh4n_2/tennis_bot_ws/build/tennis_bot_description -- -j6 -l6
[0.933s] Invoked command in '/home/g0kh4n_2/tennis_bot_ws/build/tennis_bot_description' returned '0': CMAKE_PREFIX_PATH=${CMAKE_PREFIX_PATH}:/home/g0kh4n_2/tennis_bot_ws/install/tennis_bot_perception:/home/g0kh4n_2/tennis_bot_ws/install/tennis_bot_navigation:/opt/ros/humble /usr/bin/cmake --build /home/g0kh4n_2/tennis_bot_ws/build/tennis_bot_description -- -j6 -l6
[0.953s] Invoking command in '/home/g0kh4n_2/tennis_bot_ws/build/tennis_bot_description': CMAKE_PREFIX_PATH=${CMAKE_PREFIX_PATH}:/home/g0kh4n_2/tennis_bot_ws/install/tennis_bot_perception:/home/g0kh4n_2/tennis_bot_ws/install/tennis_bot_navigation:/opt/ros/humble /usr/bin/cmake --install /home/g0kh4n_2/tennis_bot_ws/build/tennis_bot_description
[0.963s] -- Install configuration: ""
[0.964s] -- Execute custom install script
[0.965s] -- Up-to-date symlink: /home/g0kh4n_2/tennis_bot_ws/install/tennis_bot_description/share/tennis_bot_description/urdf/gazebo_control.xacro
[0.965s] -- Up-to-date symlink: /home/g0kh4n_2/tennis_bot_ws/install/tennis_bot_description/share/tennis_bot_description/urdf/gazebo_sensors.xacro
[0.965s] -- Up-to-date symlink: /home/g0kh4n_2/tennis_bot_ws/install/tennis_bot_description/share/tennis_bot_description/urdf/materials.xacro
[0.965s] -- Up-to-date symlink: /home/g0kh4n_2/tennis_bot_ws/install/tennis_bot_description/share/tennis_bot_description/urdf/tennis_bot.urdf.xacro
[0.967s] -- Up-to-date symlink: /home/g0kh4n_2/tennis_bot_ws/install/tennis_bot_description/share/tennis_bot_description/launch/display.launch.py
[0.967s] -- Up-to-date symlink: /home/g0kh4n_2/tennis_bot_ws/install/tennis_bot_description/share/tennis_bot_description/launch/simulation.launch.py
[0.968s] -- Up-to-date symlink: /home/g0kh4n_2/tennis_bot_ws/install/tennis_bot_description/share/tennis_bot_description/config/bridge.yaml
[0.968s] -- Up-to-date symlink: /home/g0kh4n_2/tennis_bot_ws/install/tennis_bot_description/share/tennis_bot_description/config/controllers.yaml
[0.968s] -- Up-to-date symlink: /home/g0kh4n_2/tennis_bot_ws/install/tennis_bot_description/share/tennis_bot_description/config/robot_localization.yaml
[0.969s] -- Up-to-date symlink: /home/g0kh4n_2/tennis_bot_ws/install/tennis_bot_description/share/tennis_bot_description/worlds/tennis_court.sdf
[0.969s] -- Up-to-date symlink: /home/g0kh4n_2/tennis_bot_ws/install/tennis_bot_description/share/ament_index/resource_index/package_run_dependencies/tennis_bot_description
[0.971s] -- Up-to-date symlink: /home/g0kh4n_2/tennis_bot_ws/install/tennis_bot_description/share/ament_index/resource_index/parent_prefix_path/tennis_bot_description
[0.971s] -- Up-to-date symlink: /home/g0kh4n_2/tennis_bot_ws/install/tennis_bot_description/share/tennis_bot_description/environment/ament_prefix_path.sh
[0.972s] -- Up-to-date symlink: /home/g0kh4n_2/tennis_bot_ws/install/tennis_bot_description/share/tennis_bot_description/environment/ament_prefix_path.dsv
[0.972s] -- Up-to-date symlink: /home/g0kh4n_2/tennis_bot_ws/install/tennis_bot_description/share/tennis_bot_description/environment/path.sh
[0.973s] -- Up-to-date symlink: /home/g0kh4n_2/tennis_bot_ws/install/tennis_bot_description/share/tennis_bot_description/environment/path.dsv
[0.974s] -- Up-to-date symlink: /home/g0kh4n_2/tennis_bot_ws/install/tennis_bot_description/share/tennis_bot_description/local_setup.bash
[0.974s] -- Up-to-date symlink: /home/g0kh4n_2/tennis_bot_ws/install/tennis_bot_description/share/tennis_bot_description/local_setup.sh
[0.975s] -- Up-to-date symlink: /home/g0kh4n_2/tennis_bot_ws/install/tennis_bot_description/share/tennis_bot_description/local_setup.zsh
[0.976s] -- Up-to-date symlink: /home/g0kh4n_2/tennis_bot_ws/install/tennis_bot_description/share/tennis_bot_description/local_setup.dsv
[0.976s] -- Symlinking: /home/g0kh4n_2/tennis_bot_ws/install/tennis_bot_description/share/tennis_bot_description/package.dsv
[0.994s] -- Up-to-date symlink: /home/g0kh4n_2/tennis_bot_ws/install/tennis_bot_description/share/ament_index/resource_index/packages/tennis_bot_description
[0.995s] -- Up-to-date symlink: /home/g0kh4n_2/tennis_bot_ws/install/tennis_bot_description/share/tennis_bot_description/cmake/tennis_bot_descriptionConfig.cmake
[0.996s] -- Up-to-date symlink: /home/g0kh4n_2/tennis_bot_ws/install/tennis_bot_description/share/tennis_bot_description/cmake/tennis_bot_descriptionConfig-version.cmake
[0.997s] -- Up-to-date symlink: /home/g0kh4n_2/tennis_bot_ws/install/tennis_bot_description/share/tennis_bot_description/package.xml
[1.001s] Invoked command in '/home/g0kh4n_2/tennis_bot_ws/build/tennis_bot_description' returned '0': CMAKE_PREFIX_PATH=${CMAKE_PREFIX_PATH}:/home/g0kh4n_2/tennis_bot_ws/install/tennis_bot_perception:/home/g0kh4n_2/tennis_bot_ws/install/tennis_bot_navigation:/opt/ros/humble /usr/bin/cmake --install /home/g0kh4n_2/tennis_bot_ws/build/tennis_bot_description
