[0.894s] Invoking command in '/home/g0kh4n_2/tennis_bot_ws/src/tennis_bot_perception': PYTHONPATH=/home/g0kh4n_2/tennis_bot_ws/build/tennis_bot_perception/prefix_override:/usr/lib/python3/dist-packages/colcon_core/task/python/colcon_distutils_commands:/home/g0kh4n_2/tennis_bot_ws/install/tennis_bot_perception/lib/python3.10/site-packages:${PYTHONPATH} /usr/bin/python3 -W ignore:setup.py install is deprecated -W ignore:easy_install command is deprecated setup.py egg_info --egg-base ../../build/tennis_bot_perception build --build-base /home/g0kh4n_2/tennis_bot_ws/build/tennis_bot_perception/build install --record /home/g0kh4n_2/tennis_bot_ws/build/tennis_bot_perception/install.log --install-scripts $base/lib/tennis_bot_perception --single-version-externally-managed install_data
[1.149s] running egg_info
[1.150s] writing ../../build/tennis_bot_perception/tennis_bot_perception.egg-info/PKG-INFO
[1.151s] writing dependency_links to ../../build/tennis_bot_perception/tennis_bot_perception.egg-info/dependency_links.txt
[1.151s] writing entry points to ../../build/tennis_bot_perception/tennis_bot_perception.egg-info/entry_points.txt
[1.151s] writing requirements to ../../build/tennis_bot_perception/tennis_bot_perception.egg-info/requires.txt
[1.151s] writing top-level names to ../../build/tennis_bot_perception/tennis_bot_perception.egg-info/top_level.txt
[1.154s] reading manifest file '../../build/tennis_bot_perception/tennis_bot_perception.egg-info/SOURCES.txt'
[1.155s] writing manifest file '../../build/tennis_bot_perception/tennis_bot_perception.egg-info/SOURCES.txt'
[1.155s] running build
[1.155s] running build_py
[1.155s] running install
[1.155s] running install_lib
[1.157s] running install_data
[1.157s] running install_egg_info
[1.160s] removing '/home/g0kh4n_2/tennis_bot_ws/install/tennis_bot_perception/lib/python3.10/site-packages/tennis_bot_perception-0.0.0-py3.10.egg-info' (and everything under it)
[1.160s] Copying ../../build/tennis_bot_perception/tennis_bot_perception.egg-info to /home/g0kh4n_2/tennis_bot_ws/install/tennis_bot_perception/lib/python3.10/site-packages/tennis_bot_perception-0.0.0-py3.10.egg-info
[1.163s] running install_scripts
[1.186s] Installing ball_detector_node script to /home/g0kh4n_2/tennis_bot_ws/install/tennis_bot_perception/lib/tennis_bot_perception
[1.186s] writing list of installed files to '/home/g0kh4n_2/tennis_bot_ws/build/tennis_bot_perception/install.log'
[1.257s] Invoked command in '/home/g0kh4n_2/tennis_bot_ws/src/tennis_bot_perception' returned '0': PYTHONPATH=/home/g0kh4n_2/tennis_bot_ws/build/tennis_bot_perception/prefix_override:/usr/lib/python3/dist-packages/colcon_core/task/python/colcon_distutils_commands:/home/g0kh4n_2/tennis_bot_ws/install/tennis_bot_perception/lib/python3.10/site-packages:${PYTHONPATH} /usr/bin/python3 -W ignore:setup.py install is deprecated -W ignore:easy_install command is deprecated setup.py egg_info --egg-base ../../build/tennis_bot_perception build --build-base /home/g0kh4n_2/tennis_bot_ws/build/tennis_bot_perception/build install --record /home/g0kh4n_2/tennis_bot_ws/build/tennis_bot_perception/install.log --install-scripts $base/lib/tennis_bot_perception --single-version-externally-managed install_data
