[0.059s] Invoking command in '/home/g0kh4n_2/tennis_bot_ws/build/tennis_bot_description': CMAKE_PREFIX_PATH=/opt/ros/humble /usr/bin/cmake /home/g0kh4n_2/tennis_bot_ws/src/tennis_bot_description -DAMENT_CMAKE_SYMLINK_INSTALL=1 -DCMAKE_INSTALL_PREFIX=/home/g0kh4n_2/tennis_bot_ws/install/tennis_bot_description
[0.515s] -- The C compiler identification is GNU 11.4.0
[1.153s] -- The CXX compiler identification is GNU 11.4.0
[1.544s] -- Detecting C compiler ABI info
[1.751s] -- Detecting C compiler ABI info - done
[1.757s] -- Check for working C compiler: /usr/bin/cc - skipped
[1.759s] -- Detecting C compile features
[1.760s] -- Detecting C compile features - done
[1.765s] -- Detecting CXX compiler ABI info
[1.997s] -- Detecting CXX compiler ABI info - done
[2.004s] -- Check for working CXX compiler: /usr/bin/c++ - skipped
[2.005s] -- Detecting CXX compile features
[2.005s] -- Detecting CXX compile features - done
[2.029s] -- Found ament_cmake: 1.3.14 (/opt/ros/humble/share/ament_cmake/cmake)
[2.197s] -- Found Python3: /usr/bin/python3 (found version "3.10.12") found components: Interpreter 
[2.294s] -- Override CMake install command with custom implementation using symlinks instead of copying resources
[2.355s] -- Found ament_lint_auto: 0.12.15 (/opt/ros/humble/share/ament_lint_auto/cmake)
[2.454s] -- Added test 'flake8' to check Python code syntax and style conventions
[2.456s] -- Added test 'lint_cmake' to check CMake code style
[2.457s] -- Added test 'pep257' to check Python code against some of the docstring style conventions in PEP 257
[2.460s] -- Added test 'xmllint' to check XML markup files
[2.466s] -- Configuring done
[2.476s] -- Generating done
[2.479s] -- Build files have been written to: /home/g0kh4n_2/tennis_bot_ws/build/tennis_bot_description
