running develop
Removing /home/g0kh4n_2/tennis_bot_ws/install/tennis_bot_perception/lib/python3.10/site-packages/tennis-bot-perception.egg-link (link to .)
running egg_info
writing ../../build/tennis_bot_perception/tennis_bot_perception.egg-info/PKG-INFO
writing dependency_links to ../../build/tennis_bot_perception/tennis_bot_perception.egg-info/dependency_links.txt
writing entry points to ../../build/tennis_bot_perception/tennis_bot_perception.egg-info/entry_points.txt
writing requirements to ../../build/tennis_bot_perception/tennis_bot_perception.egg-info/requires.txt
writing top-level names to ../../build/tennis_bot_perception/tennis_bot_perception.egg-info/top_level.txt
reading manifest file '../../build/tennis_bot_perception/tennis_bot_perception.egg-info/SOURCES.txt'
writing manifest file '../../build/tennis_bot_perception/tennis_bot_perception.egg-info/SOURCES.txt'
running build
running build_py
running install
running install_lib
creating /home/g0kh4n_2/tennis_bot_ws/install/tennis_bot_perception/lib/python3.10/site-packages/tennis_bot_perception
copying /home/g0kh4n_2/tennis_bot_ws/build/tennis_bot_perception/build/lib/tennis_bot_perception/__init__.py -> /home/g0kh4n_2/tennis_bot_ws/install/tennis_bot_perception/lib/python3.10/site-packages/tennis_bot_perception
copying /home/g0kh4n_2/tennis_bot_ws/build/tennis_bot_perception/build/lib/tennis_bot_perception/ball_detector_node.py -> /home/g0kh4n_2/tennis_bot_ws/install/tennis_bot_perception/lib/python3.10/site-packages/tennis_bot_perception
byte-compiling /home/g0kh4n_2/tennis_bot_ws/install/tennis_bot_perception/lib/python3.10/site-packages/tennis_bot_perception/__init__.py to __init__.cpython-310.pyc
byte-compiling /home/g0kh4n_2/tennis_bot_ws/install/tennis_bot_perception/lib/python3.10/site-packages/tennis_bot_perception/ball_detector_node.py to ball_detector_node.cpython-310.pyc
running install_data
copying resource/tennis_bot_perception -> /home/g0kh4n_2/tennis_bot_ws/install/tennis_bot_perception/share/ament_index/resource_index/packages
copying package.xml -> /home/g0kh4n_2/tennis_bot_ws/install/tennis_bot_perception/share/tennis_bot_perception
copying launch/perception.launch.py -> /home/g0kh4n_2/tennis_bot_ws/install/tennis_bot_perception/share/tennis_bot_perception/launch
copying config/ball_detector.yaml -> /home/g0kh4n_2/tennis_bot_ws/install/tennis_bot_perception/share/tennis_bot_perception/config
running install_egg_info
Copying ../../build/tennis_bot_perception/tennis_bot_perception.egg-info to /home/g0kh4n_2/tennis_bot_ws/install/tennis_bot_perception/lib/python3.10/site-packages/tennis_bot_perception-0.0.0-py3.10.egg-info
running install_scripts
Installing ball_detector_node script to /home/g0kh4n_2/tennis_bot_ws/install/tennis_bot_perception/lib/tennis_bot_perception
writing list of installed files to '/home/g0kh4n_2/tennis_bot_ws/build/tennis_bot_perception/install.log'
