[3.071s] DEBUG:colcon:Command line arguments: ['/usr/bin/colcon', 'build']
[3.071s] DEBUG:colcon:Parsed command line arguments: Namespace(log_base=None, log_level=None, verb_name='build', build_base='build', install_base='install', merge_install=False, symlink_install=False, test_result_base=None, continue_on_error=False, executor='parallel', parallel_workers=6, event_handlers=None, ignore_user_meta=False, metas=['./colcon.meta'], base_paths=['.'], packages_ignore=None, packages_ignore_regex=None, paths=None, packages_up_to=None, packages_up_to_regex=None, packages_above=None, packages_above_and_dependencies=None, packages_above_depth=None, packages_select_by_dep=None, packages_skip_by_dep=None, packages_skip_up_to=None, packages_select_build_failed=False, packages_skip_build_finished=False, packages_select_test_failures=False, packages_skip_test_passed=False, packages_select=None, packages_skip=None, packages_select_regex=None, packages_skip_regex=None, packages_start=None, packages_end=None, allow_overriding=[], cmake_args=None, cmake_target=None, cmake_target_skip_unavailable=False, cmake_clean_cache=False, cmake_clean_first=False, cmake_force_configure=False, ament_cmake_args=None, catkin_cmake_args=None, catkin_skip_building_tests=False, verb_parser=<colcon_defaults.argument_parser.defaults.DefaultArgumentsDecorator object at 0x7d78a7850670>, verb_extension=<colcon_core.verb.build.BuildVerb object at 0x7d78a7850160>, main=<bound method BuildVerb.main of <colcon_core.verb.build.BuildVerb object at 0x7d78a7850160>>)
[3.223s] Level 1:colcon.colcon_core.package_discovery:discover_packages(colcon_meta) check parameters
[3.223s] Level 1:colcon.colcon_core.package_discovery:discover_packages(recursive) check parameters
[3.223s] Level 1:colcon.colcon_core.package_discovery:discover_packages(ignore) check parameters
[3.223s] Level 1:colcon.colcon_core.package_discovery:discover_packages(path) check parameters
[3.223s] Level 1:colcon.colcon_core.package_discovery:discover_packages(colcon_meta) discover
[3.223s] Level 1:colcon.colcon_core.package_discovery:discover_packages(recursive) discover
[3.224s] INFO:colcon.colcon_core.package_discovery:Crawling recursively for packages in '/home/g0kh4n_2/tennis_bot_ws'
[3.224s] Level 1:colcon.colcon_core.package_identification:_identify(.) by extensions ['ignore', 'ignore_ament_install']
[3.224s] Level 1:colcon.colcon_core.package_identification:_identify(.) by extension 'ignore'
[3.224s] Level 1:colcon.colcon_core.package_identification:_identify(.) by extension 'ignore_ament_install'
[3.224s] Level 1:colcon.colcon_core.package_identification:_identify(.) by extensions ['colcon_pkg']
[3.224s] Level 1:colcon.colcon_core.package_identification:_identify(.) by extension 'colcon_pkg'
[3.224s] Level 1:colcon.colcon_core.package_identification:_identify(.) by extensions ['colcon_meta']
[3.224s] Level 1:colcon.colcon_core.package_identification:_identify(.) by extension 'colcon_meta'
[3.224s] Level 1:colcon.colcon_core.package_identification:_identify(.) by extensions ['ros']
[3.224s] Level 1:colcon.colcon_core.package_identification:_identify(.) by extension 'ros'
[3.237s] Level 1:colcon.colcon_core.package_identification:_identify(.) by extensions ['cmake', 'python']
[3.237s] Level 1:colcon.colcon_core.package_identification:_identify(.) by extension 'cmake'
[3.237s] Level 1:colcon.colcon_core.package_identification:_identify(.) by extension 'python'
[3.237s] Level 1:colcon.colcon_core.package_identification:_identify(.) by extensions ['python_setup_py']
[3.237s] Level 1:colcon.colcon_core.package_identification:_identify(.) by extension 'python_setup_py'
[3.237s] Level 1:colcon.colcon_core.package_identification:_identify(build) by extensions ['ignore', 'ignore_ament_install']
[3.237s] Level 1:colcon.colcon_core.package_identification:_identify(build) by extension 'ignore'
[3.237s] Level 1:colcon.colcon_core.package_identification:_identify(build) ignored
[3.237s] Level 1:colcon.colcon_core.package_identification:_identify(install) by extensions ['ignore', 'ignore_ament_install']
[3.237s] Level 1:colcon.colcon_core.package_identification:_identify(install) by extension 'ignore'
[3.237s] Level 1:colcon.colcon_core.package_identification:_identify(install) ignored
[3.237s] Level 1:colcon.colcon_core.package_identification:_identify(log) by extensions ['ignore', 'ignore_ament_install']
[3.237s] Level 1:colcon.colcon_core.package_identification:_identify(log) by extension 'ignore'
[3.237s] Level 1:colcon.colcon_core.package_identification:_identify(log) ignored
[3.237s] Level 1:colcon.colcon_core.package_identification:_identify(src) by extensions ['ignore', 'ignore_ament_install']
[3.238s] Level 1:colcon.colcon_core.package_identification:_identify(src) by extension 'ignore'
[3.238s] Level 1:colcon.colcon_core.package_identification:_identify(src) by extension 'ignore_ament_install'
[3.238s] Level 1:colcon.colcon_core.package_identification:_identify(src) by extensions ['colcon_pkg']
[3.238s] Level 1:colcon.colcon_core.package_identification:_identify(src) by extension 'colcon_pkg'
[3.238s] Level 1:colcon.colcon_core.package_identification:_identify(src) by extensions ['colcon_meta']
[3.238s] Level 1:colcon.colcon_core.package_identification:_identify(src) by extension 'colcon_meta'
[3.238s] Level 1:colcon.colcon_core.package_identification:_identify(src) by extensions ['ros']
[3.238s] Level 1:colcon.colcon_core.package_identification:_identify(src) by extension 'ros'
[3.238s] Level 1:colcon.colcon_core.package_identification:_identify(src) by extensions ['cmake', 'python']
[3.238s] Level 1:colcon.colcon_core.package_identification:_identify(src) by extension 'cmake'
[3.238s] Level 1:colcon.colcon_core.package_identification:_identify(src) by extension 'python'
[3.238s] Level 1:colcon.colcon_core.package_identification:_identify(src) by extensions ['python_setup_py']
[3.238s] Level 1:colcon.colcon_core.package_identification:_identify(src) by extension 'python_setup_py'
[3.238s] Level 1:colcon.colcon_core.package_identification:_identify(src/tennis_bot_bringup) by extensions ['ignore', 'ignore_ament_install']
[3.238s] Level 1:colcon.colcon_core.package_identification:_identify(src/tennis_bot_bringup) by extension 'ignore'
[3.238s] Level 1:colcon.colcon_core.package_identification:_identify(src/tennis_bot_bringup) by extension 'ignore_ament_install'
[3.238s] Level 1:colcon.colcon_core.package_identification:_identify(src/tennis_bot_bringup) by extensions ['colcon_pkg']
[3.238s] Level 1:colcon.colcon_core.package_identification:_identify(src/tennis_bot_bringup) by extension 'colcon_pkg'
[3.238s] Level 1:colcon.colcon_core.package_identification:_identify(src/tennis_bot_bringup) by extensions ['colcon_meta']
[3.238s] Level 1:colcon.colcon_core.package_identification:_identify(src/tennis_bot_bringup) by extension 'colcon_meta'
[3.238s] Level 1:colcon.colcon_core.package_identification:_identify(src/tennis_bot_bringup) by extensions ['ros']
[3.238s] Level 1:colcon.colcon_core.package_identification:_identify(src/tennis_bot_bringup) by extension 'ros'
[3.242s] DEBUG:colcon.colcon_core.package_identification:Package 'src/tennis_bot_bringup' with type 'ros.ament_cmake' and name 'tennis_bot_bringup'
[3.243s] Level 1:colcon.colcon_core.package_identification:_identify(src/tennis_bot_description) by extensions ['ignore', 'ignore_ament_install']
[3.243s] Level 1:colcon.colcon_core.package_identification:_identify(src/tennis_bot_description) by extension 'ignore'
[3.243s] Level 1:colcon.colcon_core.package_identification:_identify(src/tennis_bot_description) by extension 'ignore_ament_install'
[3.243s] Level 1:colcon.colcon_core.package_identification:_identify(src/tennis_bot_description) by extensions ['colcon_pkg']
[3.243s] Level 1:colcon.colcon_core.package_identification:_identify(src/tennis_bot_description) by extension 'colcon_pkg'
[3.243s] Level 1:colcon.colcon_core.package_identification:_identify(src/tennis_bot_description) by extensions ['colcon_meta']
[3.243s] Level 1:colcon.colcon_core.package_identification:_identify(src/tennis_bot_description) by extension 'colcon_meta'
[3.243s] Level 1:colcon.colcon_core.package_identification:_identify(src/tennis_bot_description) by extensions ['ros']
[3.243s] Level 1:colcon.colcon_core.package_identification:_identify(src/tennis_bot_description) by extension 'ros'
[3.244s] DEBUG:colcon.colcon_core.package_identification:Package 'src/tennis_bot_description' with type 'ros.ament_cmake' and name 'tennis_bot_description'
[3.245s] Level 1:colcon.colcon_core.package_identification:_identify(src/tennis_bot_navigation) by extensions ['ignore', 'ignore_ament_install']
[3.245s] Level 1:colcon.colcon_core.package_identification:_identify(src/tennis_bot_navigation) by extension 'ignore'
[3.245s] Level 1:colcon.colcon_core.package_identification:_identify(src/tennis_bot_navigation) by extension 'ignore_ament_install'
[3.245s] Level 1:colcon.colcon_core.package_identification:_identify(src/tennis_bot_navigation) by extensions ['colcon_pkg']
[3.245s] Level 1:colcon.colcon_core.package_identification:_identify(src/tennis_bot_navigation) by extension 'colcon_pkg'
[3.245s] Level 1:colcon.colcon_core.package_identification:_identify(src/tennis_bot_navigation) by extensions ['colcon_meta']
[3.245s] Level 1:colcon.colcon_core.package_identification:_identify(src/tennis_bot_navigation) by extension 'colcon_meta'
[3.245s] Level 1:colcon.colcon_core.package_identification:_identify(src/tennis_bot_navigation) by extensions ['ros']
[3.245s] Level 1:colcon.colcon_core.package_identification:_identify(src/tennis_bot_navigation) by extension 'ros'
[3.246s] DEBUG:colcon.colcon_core.package_identification:Package 'src/tennis_bot_navigation' with type 'ros.ament_python' and name 'tennis_bot_navigation'
[3.246s] Level 1:colcon.colcon_core.package_identification:_identify(src/tennis_bot_perception) by extensions ['ignore', 'ignore_ament_install']
[3.246s] Level 1:colcon.colcon_core.package_identification:_identify(src/tennis_bot_perception) by extension 'ignore'
[3.246s] Level 1:colcon.colcon_core.package_identification:_identify(src/tennis_bot_perception) by extension 'ignore_ament_install'
[3.246s] Level 1:colcon.colcon_core.package_identification:_identify(src/tennis_bot_perception) by extensions ['colcon_pkg']
[3.246s] Level 1:colcon.colcon_core.package_identification:_identify(src/tennis_bot_perception) by extension 'colcon_pkg'
[3.246s] Level 1:colcon.colcon_core.package_identification:_identify(src/tennis_bot_perception) by extensions ['colcon_meta']
[3.246s] Level 1:colcon.colcon_core.package_identification:_identify(src/tennis_bot_perception) by extension 'colcon_meta'
[3.247s] Level 1:colcon.colcon_core.package_identification:_identify(src/tennis_bot_perception) by extensions ['ros']
[3.247s] Level 1:colcon.colcon_core.package_identification:_identify(src/tennis_bot_perception) by extension 'ros'
[3.247s] DEBUG:colcon.colcon_core.package_identification:Package 'src/tennis_bot_perception' with type 'ros.ament_python' and name 'tennis_bot_perception'
[3.248s] Level 1:colcon.colcon_core.package_discovery:discover_packages(recursive) using defaults
[3.248s] Level 1:colcon.colcon_core.package_discovery:discover_packages(ignore) discover
[3.248s] Level 1:colcon.colcon_core.package_discovery:discover_packages(ignore) using defaults
[3.248s] Level 1:colcon.colcon_core.package_discovery:discover_packages(path) discover
[3.248s] Level 1:colcon.colcon_core.package_discovery:discover_packages(path) using defaults
[3.292s] Level 1:colcon.colcon_core.package_discovery:discover_packages(prefix_path) check parameters
[3.292s] Level 1:colcon.colcon_core.package_discovery:discover_packages(prefix_path) discover
[3.294s] DEBUG:colcon.colcon_installed_package_information.package_discovery:Found 4 installed packages in /home/g0kh4n_2/tennis_bot_ws/install
[3.296s] DEBUG:colcon.colcon_installed_package_information.package_discovery:Found 373 installed packages in /opt/ros/humble
[3.297s] Level 1:colcon.colcon_core.package_discovery:discover_packages(prefix_path) using defaults
[3.340s] Level 5:colcon.colcon_core.verb:set package 'tennis_bot_description' build argument 'cmake_args' from command line to 'None'
[3.340s] Level 5:colcon.colcon_core.verb:set package 'tennis_bot_description' build argument 'cmake_target' from command line to 'None'
[3.340s] Level 5:colcon.colcon_core.verb:set package 'tennis_bot_description' build argument 'cmake_target_skip_unavailable' from command line to 'False'
[3.340s] Level 5:colcon.colcon_core.verb:set package 'tennis_bot_description' build argument 'cmake_clean_cache' from command line to 'False'
[3.340s] Level 5:colcon.colcon_core.verb:set package 'tennis_bot_description' build argument 'cmake_clean_first' from command line to 'False'
[3.340s] Level 5:colcon.colcon_core.verb:set package 'tennis_bot_description' build argument 'cmake_force_configure' from command line to 'False'
[3.340s] Level 5:colcon.colcon_core.verb:set package 'tennis_bot_description' build argument 'ament_cmake_args' from command line to 'None'
[3.340s] Level 5:colcon.colcon_core.verb:set package 'tennis_bot_description' build argument 'catkin_cmake_args' from command line to 'None'
[3.340s] Level 5:colcon.colcon_core.verb:set package 'tennis_bot_description' build argument 'catkin_skip_building_tests' from command line to 'False'
[3.340s] DEBUG:colcon.colcon_core.verb:Building package 'tennis_bot_description' with the following arguments: {'ament_cmake_args': None, 'build_base': '/home/g0kh4n_2/tennis_bot_ws/build/tennis_bot_description', 'catkin_cmake_args': None, 'catkin_skip_building_tests': False, 'cmake_args': None, 'cmake_clean_cache': False, 'cmake_clean_first': False, 'cmake_force_configure': False, 'cmake_target': None, 'cmake_target_skip_unavailable': False, 'install_base': '/home/g0kh4n_2/tennis_bot_ws/install/tennis_bot_description', 'merge_install': False, 'path': '/home/g0kh4n_2/tennis_bot_ws/src/tennis_bot_description', 'symlink_install': False, 'test_result_base': None}
[3.340s] Level 5:colcon.colcon_core.verb:set package 'tennis_bot_navigation' build argument 'cmake_args' from command line to 'None'
[3.340s] Level 5:colcon.colcon_core.verb:set package 'tennis_bot_navigation' build argument 'cmake_target' from command line to 'None'
[3.341s] Level 5:colcon.colcon_core.verb:set package 'tennis_bot_navigation' build argument 'cmake_target_skip_unavailable' from command line to 'False'
[3.341s] Level 5:colcon.colcon_core.verb:set package 'tennis_bot_navigation' build argument 'cmake_clean_cache' from command line to 'False'
[3.341s] Level 5:colcon.colcon_core.verb:set package 'tennis_bot_navigation' build argument 'cmake_clean_first' from command line to 'False'
[3.341s] Level 5:colcon.colcon_core.verb:set package 'tennis_bot_navigation' build argument 'cmake_force_configure' from command line to 'False'
[3.341s] Level 5:colcon.colcon_core.verb:set package 'tennis_bot_navigation' build argument 'ament_cmake_args' from command line to 'None'
[3.341s] Level 5:colcon.colcon_core.verb:set package 'tennis_bot_navigation' build argument 'catkin_cmake_args' from command line to 'None'
[3.341s] Level 5:colcon.colcon_core.verb:set package 'tennis_bot_navigation' build argument 'catkin_skip_building_tests' from command line to 'False'
[3.341s] DEBUG:colcon.colcon_core.verb:Building package 'tennis_bot_navigation' with the following arguments: {'ament_cmake_args': None, 'build_base': '/home/g0kh4n_2/tennis_bot_ws/build/tennis_bot_navigation', 'catkin_cmake_args': None, 'catkin_skip_building_tests': False, 'cmake_args': None, 'cmake_clean_cache': False, 'cmake_clean_first': False, 'cmake_force_configure': False, 'cmake_target': None, 'cmake_target_skip_unavailable': False, 'install_base': '/home/g0kh4n_2/tennis_bot_ws/install/tennis_bot_navigation', 'merge_install': False, 'path': '/home/g0kh4n_2/tennis_bot_ws/src/tennis_bot_navigation', 'symlink_install': False, 'test_result_base': None}
[3.341s] Level 5:colcon.colcon_core.verb:set package 'tennis_bot_perception' build argument 'cmake_args' from command line to 'None'
[3.341s] Level 5:colcon.colcon_core.verb:set package 'tennis_bot_perception' build argument 'cmake_target' from command line to 'None'
[3.341s] Level 5:colcon.colcon_core.verb:set package 'tennis_bot_perception' build argument 'cmake_target_skip_unavailable' from command line to 'False'
[3.341s] Level 5:colcon.colcon_core.verb:set package 'tennis_bot_perception' build argument 'cmake_clean_cache' from command line to 'False'
[3.341s] Level 5:colcon.colcon_core.verb:set package 'tennis_bot_perception' build argument 'cmake_clean_first' from command line to 'False'
[3.341s] Level 5:colcon.colcon_core.verb:set package 'tennis_bot_perception' build argument 'cmake_force_configure' from command line to 'False'
[3.341s] Level 5:colcon.colcon_core.verb:set package 'tennis_bot_perception' build argument 'ament_cmake_args' from command line to 'None'
[3.341s] Level 5:colcon.colcon_core.verb:set package 'tennis_bot_perception' build argument 'catkin_cmake_args' from command line to 'None'
[3.341s] Level 5:colcon.colcon_core.verb:set package 'tennis_bot_perception' build argument 'catkin_skip_building_tests' from command line to 'False'
[3.341s] DEBUG:colcon.colcon_core.verb:Building package 'tennis_bot_perception' with the following arguments: {'ament_cmake_args': None, 'build_base': '/home/g0kh4n_2/tennis_bot_ws/build/tennis_bot_perception', 'catkin_cmake_args': None, 'catkin_skip_building_tests': False, 'cmake_args': None, 'cmake_clean_cache': False, 'cmake_clean_first': False, 'cmake_force_configure': False, 'cmake_target': None, 'cmake_target_skip_unavailable': False, 'install_base': '/home/g0kh4n_2/tennis_bot_ws/install/tennis_bot_perception', 'merge_install': False, 'path': '/home/g0kh4n_2/tennis_bot_ws/src/tennis_bot_perception', 'symlink_install': False, 'test_result_base': None}
[3.341s] Level 5:colcon.colcon_core.verb:set package 'tennis_bot_bringup' build argument 'cmake_args' from command line to 'None'
[3.341s] Level 5:colcon.colcon_core.verb:set package 'tennis_bot_bringup' build argument 'cmake_target' from command line to 'None'
[3.342s] Level 5:colcon.colcon_core.verb:set package 'tennis_bot_bringup' build argument 'cmake_target_skip_unavailable' from command line to 'False'
[3.342s] Level 5:colcon.colcon_core.verb:set package 'tennis_bot_bringup' build argument 'cmake_clean_cache' from command line to 'False'
[3.342s] Level 5:colcon.colcon_core.verb:set package 'tennis_bot_bringup' build argument 'cmake_clean_first' from command line to 'False'
[3.342s] Level 5:colcon.colcon_core.verb:set package 'tennis_bot_bringup' build argument 'cmake_force_configure' from command line to 'False'
[3.342s] Level 5:colcon.colcon_core.verb:set package 'tennis_bot_bringup' build argument 'ament_cmake_args' from command line to 'None'
[3.342s] Level 5:colcon.colcon_core.verb:set package 'tennis_bot_bringup' build argument 'catkin_cmake_args' from command line to 'None'
[3.342s] Level 5:colcon.colcon_core.verb:set package 'tennis_bot_bringup' build argument 'catkin_skip_building_tests' from command line to 'False'
[3.342s] DEBUG:colcon.colcon_core.verb:Building package 'tennis_bot_bringup' with the following arguments: {'ament_cmake_args': None, 'build_base': '/home/g0kh4n_2/tennis_bot_ws/build/tennis_bot_bringup', 'catkin_cmake_args': None, 'catkin_skip_building_tests': False, 'cmake_args': None, 'cmake_clean_cache': False, 'cmake_clean_first': False, 'cmake_force_configure': False, 'cmake_target': None, 'cmake_target_skip_unavailable': False, 'install_base': '/home/g0kh4n_2/tennis_bot_ws/install/tennis_bot_bringup', 'merge_install': False, 'path': '/home/g0kh4n_2/tennis_bot_ws/src/tennis_bot_bringup', 'symlink_install': False, 'test_result_base': None}
[3.342s] INFO:colcon.colcon_core.executor:Executing jobs using 'parallel' executor
[3.343s] DEBUG:colcon.colcon_parallel_executor.executor.parallel:run_until_complete
[3.344s] INFO:colcon.colcon_ros.task.ament_cmake.build:Building ROS package in '/home/g0kh4n_2/tennis_bot_ws/src/tennis_bot_description' with build type 'ament_cmake'
[3.344s] INFO:colcon.colcon_cmake.task.cmake.build:Building CMake package in '/home/g0kh4n_2/tennis_bot_ws/src/tennis_bot_description'
[3.346s] INFO:colcon.colcon_core.plugin_system:Skipping extension 'colcon_core.shell.bat': Not used on non-Windows systems
[3.347s] INFO:colcon.colcon_core.shell:Skip shell extension 'powershell' for command environment: Not usable outside of PowerShell
[3.347s] DEBUG:colcon.colcon_core.shell:Skip shell extension 'dsv' for command environment
[3.351s] INFO:colcon.colcon_ros.task.ament_python.build:Building ROS package in '/home/g0kh4n_2/tennis_bot_ws/src/tennis_bot_navigation' with build type 'ament_python'
[3.352s] Level 1:colcon.colcon_core.shell:create_environment_hook('tennis_bot_navigation', 'ament_prefix_path')
[3.353s] INFO:colcon.colcon_core.shell:Creating environment hook '/home/g0kh4n_2/tennis_bot_ws/install/tennis_bot_navigation/share/tennis_bot_navigation/hook/ament_prefix_path.ps1'
[3.354s] INFO:colcon.colcon_core.shell:Creating environment descriptor '/home/g0kh4n_2/tennis_bot_ws/install/tennis_bot_navigation/share/tennis_bot_navigation/hook/ament_prefix_path.dsv'
[3.355s] INFO:colcon.colcon_core.shell:Creating environment hook '/home/g0kh4n_2/tennis_bot_ws/install/tennis_bot_navigation/share/tennis_bot_navigation/hook/ament_prefix_path.sh'
[3.356s] INFO:colcon.colcon_core.shell:Skip shell extension 'powershell' for command environment: Not usable outside of PowerShell
[3.356s] DEBUG:colcon.colcon_core.shell:Skip shell extension 'dsv' for command environment
[3.361s] INFO:colcon.colcon_ros.task.ament_python.build:Building ROS package in '/home/g0kh4n_2/tennis_bot_ws/src/tennis_bot_perception' with build type 'ament_python'
[3.361s] Level 1:colcon.colcon_core.shell:create_environment_hook('tennis_bot_perception', 'ament_prefix_path')
[3.362s] INFO:colcon.colcon_core.shell:Creating environment hook '/home/g0kh4n_2/tennis_bot_ws/install/tennis_bot_perception/share/tennis_bot_perception/hook/ament_prefix_path.ps1'
[3.363s] INFO:colcon.colcon_core.shell:Creating environment descriptor '/home/g0kh4n_2/tennis_bot_ws/install/tennis_bot_perception/share/tennis_bot_perception/hook/ament_prefix_path.dsv'
[3.364s] INFO:colcon.colcon_core.shell:Creating environment hook '/home/g0kh4n_2/tennis_bot_ws/install/tennis_bot_perception/share/tennis_bot_perception/hook/ament_prefix_path.sh'
[3.365s] INFO:colcon.colcon_core.shell:Skip shell extension 'powershell' for command environment: Not usable outside of PowerShell
[3.365s] DEBUG:colcon.colcon_core.shell:Skip shell extension 'dsv' for command environment
[3.379s] DEBUG:colcon.colcon_core.event_handler.log_command:Invoking command in '/home/g0kh4n_2/tennis_bot_ws/build/tennis_bot_description': CMAKE_PREFIX_PATH=${CMAKE_PREFIX_PATH}:/home/g0kh4n_2/tennis_bot_ws/install/tennis_bot_perception:/home/g0kh4n_2/tennis_bot_ws/install/tennis_bot_navigation:/opt/ros/humble /usr/bin/cmake --build /home/g0kh4n_2/tennis_bot_ws/build/tennis_bot_description -- -j6 -l6
[3.642s] INFO:colcon.colcon_core.task.python.build:Building Python package in '/home/g0kh4n_2/tennis_bot_ws/src/tennis_bot_navigation'
[3.642s] INFO:colcon.colcon_core.shell:Skip shell extension 'powershell' for command environment: Not usable outside of PowerShell
[3.643s] DEBUG:colcon.colcon_core.shell:Skip shell extension 'dsv' for command environment
[3.892s] INFO:colcon.colcon_core.task.python.build:Building Python package in '/home/g0kh4n_2/tennis_bot_ws/src/tennis_bot_perception'
[3.893s] INFO:colcon.colcon_core.shell:Skip shell extension 'powershell' for command environment: Not usable outside of PowerShell
[3.893s] DEBUG:colcon.colcon_core.shell:Skip shell extension 'dsv' for command environment
[3.898s] DEBUG:colcon.colcon_core.event_handler.log_command:Invoked command in '/home/g0kh4n_2/tennis_bot_ws/build/tennis_bot_description' returned '0': CMAKE_PREFIX_PATH=${CMAKE_PREFIX_PATH}:/home/g0kh4n_2/tennis_bot_ws/install/tennis_bot_perception:/home/g0kh4n_2/tennis_bot_ws/install/tennis_bot_navigation:/opt/ros/humble /usr/bin/cmake --build /home/g0kh4n_2/tennis_bot_ws/build/tennis_bot_description -- -j6 -l6
[3.909s] DEBUG:colcon.colcon_core.event_handler.log_command:Invoking command in '/home/g0kh4n_2/tennis_bot_ws/build/tennis_bot_description': CMAKE_PREFIX_PATH=${CMAKE_PREFIX_PATH}:/home/g0kh4n_2/tennis_bot_ws/install/tennis_bot_perception:/home/g0kh4n_2/tennis_bot_ws/install/tennis_bot_navigation:/opt/ros/humble /usr/bin/cmake --install /home/g0kh4n_2/tennis_bot_ws/build/tennis_bot_description
[3.937s] Level 1:colcon.colcon_core.environment:create_environment_scripts_only(tennis_bot_description)
[3.939s] DEBUG:colcon.colcon_core.event_handler.log_command:Invoked command in '/home/g0kh4n_2/tennis_bot_ws/build/tennis_bot_description' returned '0': CMAKE_PREFIX_PATH=${CMAKE_PREFIX_PATH}:/home/g0kh4n_2/tennis_bot_ws/install/tennis_bot_perception:/home/g0kh4n_2/tennis_bot_ws/install/tennis_bot_navigation:/opt/ros/humble /usr/bin/cmake --install /home/g0kh4n_2/tennis_bot_ws/build/tennis_bot_description
[3.941s] Level 1:colcon.colcon_core.environment:checking '/home/g0kh4n_2/tennis_bot_ws/install/tennis_bot_description' for CMake module files
[3.941s] Level 1:colcon.colcon_core.environment:checking '/home/g0kh4n_2/tennis_bot_ws/install/tennis_bot_description' for CMake config files
[3.942s] Level 1:colcon.colcon_core.shell:create_environment_hook('tennis_bot_description', 'cmake_prefix_path')
[3.942s] INFO:colcon.colcon_core.shell:Creating environment hook '/home/g0kh4n_2/tennis_bot_ws/install/tennis_bot_description/share/tennis_bot_description/hook/cmake_prefix_path.ps1'
[3.943s] INFO:colcon.colcon_core.shell:Creating environment descriptor '/home/g0kh4n_2/tennis_bot_ws/install/tennis_bot_description/share/tennis_bot_description/hook/cmake_prefix_path.dsv'
[3.943s] INFO:colcon.colcon_core.shell:Creating environment hook '/home/g0kh4n_2/tennis_bot_ws/install/tennis_bot_description/share/tennis_bot_description/hook/cmake_prefix_path.sh'
[3.944s] Level 1:colcon.colcon_core.environment:checking '/home/g0kh4n_2/tennis_bot_ws/install/tennis_bot_description/bin'
[3.945s] Level 1:colcon.colcon_core.environment:checking '/home/g0kh4n_2/tennis_bot_ws/install/tennis_bot_description/lib/pkgconfig/tennis_bot_description.pc'
[3.945s] Level 1:colcon.colcon_core.environment:checking '/home/g0kh4n_2/tennis_bot_ws/install/tennis_bot_description/lib/python3.10/site-packages'
[3.946s] Level 1:colcon.colcon_core.environment:checking '/home/g0kh4n_2/tennis_bot_ws/install/tennis_bot_description/bin'
[3.946s] INFO:colcon.colcon_core.shell:Creating package script '/home/g0kh4n_2/tennis_bot_ws/install/tennis_bot_description/share/tennis_bot_description/package.ps1'
[3.948s] INFO:colcon.colcon_core.shell:Creating package descriptor '/home/g0kh4n_2/tennis_bot_ws/install/tennis_bot_description/share/tennis_bot_description/package.dsv'
[3.949s] INFO:colcon.colcon_core.shell:Creating package script '/home/g0kh4n_2/tennis_bot_ws/install/tennis_bot_description/share/tennis_bot_description/package.sh'
[3.950s] INFO:colcon.colcon_core.shell:Creating package script '/home/g0kh4n_2/tennis_bot_ws/install/tennis_bot_description/share/tennis_bot_description/package.bash'
[3.951s] INFO:colcon.colcon_core.shell:Creating package script '/home/g0kh4n_2/tennis_bot_ws/install/tennis_bot_description/share/tennis_bot_description/package.zsh'
[3.952s] Level 1:colcon.colcon_core.environment:create_file_with_runtime_dependencies(/home/g0kh4n_2/tennis_bot_ws/install/tennis_bot_description/share/colcon-core/packages/tennis_bot_description)
[3.954s] Level 1:colcon.colcon_core.environment:create_environment_scripts_only(tennis_bot_description)
[3.954s] Level 1:colcon.colcon_core.environment:checking '/home/g0kh4n_2/tennis_bot_ws/install/tennis_bot_description' for CMake module files
[3.954s] Level 1:colcon.colcon_core.environment:checking '/home/g0kh4n_2/tennis_bot_ws/install/tennis_bot_description' for CMake config files
[3.955s] Level 1:colcon.colcon_core.shell:create_environment_hook('tennis_bot_description', 'cmake_prefix_path')
[3.955s] INFO:colcon.colcon_core.shell:Creating environment hook '/home/g0kh4n_2/tennis_bot_ws/install/tennis_bot_description/share/tennis_bot_description/hook/cmake_prefix_path.ps1'
[3.956s] INFO:colcon.colcon_core.shell:Creating environment descriptor '/home/g0kh4n_2/tennis_bot_ws/install/tennis_bot_description/share/tennis_bot_description/hook/cmake_prefix_path.dsv'
[3.956s] INFO:colcon.colcon_core.shell:Creating environment hook '/home/g0kh4n_2/tennis_bot_ws/install/tennis_bot_description/share/tennis_bot_description/hook/cmake_prefix_path.sh'
[3.957s] Level 1:colcon.colcon_core.environment:checking '/home/g0kh4n_2/tennis_bot_ws/install/tennis_bot_description/bin'
[3.958s] Level 1:colcon.colcon_core.environment:checking '/home/g0kh4n_2/tennis_bot_ws/install/tennis_bot_description/lib/pkgconfig/tennis_bot_description.pc'
[3.958s] Level 1:colcon.colcon_core.environment:checking '/home/g0kh4n_2/tennis_bot_ws/install/tennis_bot_description/lib/python3.10/site-packages'
[3.958s] Level 1:colcon.colcon_core.environment:checking '/home/g0kh4n_2/tennis_bot_ws/install/tennis_bot_description/bin'
[3.958s] INFO:colcon.colcon_core.shell:Creating package script '/home/g0kh4n_2/tennis_bot_ws/install/tennis_bot_description/share/tennis_bot_description/package.ps1'
[3.959s] INFO:colcon.colcon_core.shell:Creating package descriptor '/home/g0kh4n_2/tennis_bot_ws/install/tennis_bot_description/share/tennis_bot_description/package.dsv'
[3.960s] INFO:colcon.colcon_core.shell:Creating package script '/home/g0kh4n_2/tennis_bot_ws/install/tennis_bot_description/share/tennis_bot_description/package.sh'
[3.960s] INFO:colcon.colcon_core.shell:Creating package script '/home/g0kh4n_2/tennis_bot_ws/install/tennis_bot_description/share/tennis_bot_description/package.bash'
[3.961s] INFO:colcon.colcon_core.shell:Creating package script '/home/g0kh4n_2/tennis_bot_ws/install/tennis_bot_description/share/tennis_bot_description/package.zsh'
[3.962s] Level 1:colcon.colcon_core.environment:create_file_with_runtime_dependencies(/home/g0kh4n_2/tennis_bot_ws/install/tennis_bot_description/share/colcon-core/packages/tennis_bot_description)
[4.307s] DEBUG:colcon.colcon_core.task.python.build:Available setuptools commands: symlink_data, install_scripts, update_catalog, build_ext, register, compile_catalog, build_scripts, upload, sdist, build, build_clib, check, install_egg_info, install_data, saveopts, install, test, egg_info, build_py, rotate, bdist_rpm, install_lib, clean, dist_info, easy_install, bdist, init_catalog, develop, alias, install_headers, extract_messages, setopt, upload_docs, bdist_egg, bdist_dumb
[4.312s] DEBUG:colcon.colcon_core.event_handler.log_command:Invoking command in '/home/g0kh4n_2/tennis_bot_ws/src/tennis_bot_navigation': PYTHONPATH=/home/g0kh4n_2/tennis_bot_ws/build/tennis_bot_navigation/prefix_override:/usr/lib/python3/dist-packages/colcon_core/task/python/colcon_distutils_commands:/home/g0kh4n_2/tennis_bot_ws/install/tennis_bot_navigation/lib/python3.10/site-packages:${PYTHONPATH} /usr/bin/python3 -W ignore:setup.py install is deprecated -W ignore:easy_install command is deprecated setup.py egg_info --egg-base ../../build/tennis_bot_navigation build --build-base /home/g0kh4n_2/tennis_bot_ws/build/tennis_bot_navigation/build install --record /home/g0kh4n_2/tennis_bot_ws/build/tennis_bot_navigation/install.log --install-scripts $base/lib/tennis_bot_navigation --single-version-externally-managed install_data
[4.319s] DEBUG:colcon.colcon_core.task.python.build:Available setuptools commands: symlink_data, install_scripts, update_catalog, build_ext, register, compile_catalog, build_scripts, upload, sdist, build, build_clib, check, install_egg_info, install_data, saveopts, install, test, egg_info, build_py, rotate, bdist_rpm, install_lib, clean, dist_info, easy_install, bdist, init_catalog, develop, alias, install_headers, extract_messages, setopt, upload_docs, bdist_egg, bdist_dumb
[4.325s] DEBUG:colcon.colcon_core.event_handler.log_command:Invoking command in '/home/g0kh4n_2/tennis_bot_ws/src/tennis_bot_perception': PYTHONPATH=/home/g0kh4n_2/tennis_bot_ws/build/tennis_bot_perception/prefix_override:/usr/lib/python3/dist-packages/colcon_core/task/python/colcon_distutils_commands:/home/g0kh4n_2/tennis_bot_ws/install/tennis_bot_perception/lib/python3.10/site-packages:${PYTHONPATH} /usr/bin/python3 -W ignore:setup.py install is deprecated -W ignore:easy_install command is deprecated setup.py egg_info --egg-base ../../build/tennis_bot_perception build --build-base /home/g0kh4n_2/tennis_bot_ws/build/tennis_bot_perception/build install --record /home/g0kh4n_2/tennis_bot_ws/build/tennis_bot_perception/install.log --install-scripts $base/lib/tennis_bot_perception --single-version-externally-managed install_data
[4.621s] Level 1:colcon.colcon_core.environment:checking '/home/g0kh4n_2/tennis_bot_ws/install/tennis_bot_navigation' for CMake module files
[4.622s] DEBUG:colcon.colcon_core.event_handler.log_command:Invoked command in '/home/g0kh4n_2/tennis_bot_ws/src/tennis_bot_navigation' returned '0': PYTHONPATH=/home/g0kh4n_2/tennis_bot_ws/build/tennis_bot_navigation/prefix_override:/usr/lib/python3/dist-packages/colcon_core/task/python/colcon_distutils_commands:/home/g0kh4n_2/tennis_bot_ws/install/tennis_bot_navigation/lib/python3.10/site-packages:${PYTHONPATH} /usr/bin/python3 -W ignore:setup.py install is deprecated -W ignore:easy_install command is deprecated setup.py egg_info --egg-base ../../build/tennis_bot_navigation build --build-base /home/g0kh4n_2/tennis_bot_ws/build/tennis_bot_navigation/build install --record /home/g0kh4n_2/tennis_bot_ws/build/tennis_bot_navigation/install.log --install-scripts $base/lib/tennis_bot_navigation --single-version-externally-managed install_data
[4.623s] Level 1:colcon.colcon_core.environment:checking '/home/g0kh4n_2/tennis_bot_ws/install/tennis_bot_navigation' for CMake config files
[4.624s] Level 1:colcon.colcon_core.environment:checking '/home/g0kh4n_2/tennis_bot_ws/install/tennis_bot_navigation/lib'
[4.624s] Level 1:colcon.colcon_core.environment:checking '/home/g0kh4n_2/tennis_bot_ws/install/tennis_bot_navigation/bin'
[4.624s] Level 1:colcon.colcon_core.environment:checking '/home/g0kh4n_2/tennis_bot_ws/install/tennis_bot_navigation/lib/pkgconfig/tennis_bot_navigation.pc'
[4.624s] Level 1:colcon.colcon_core.environment:checking '/home/g0kh4n_2/tennis_bot_ws/install/tennis_bot_navigation/lib/python3.10/site-packages'
[4.624s] Level 1:colcon.colcon_core.shell:create_environment_hook('tennis_bot_navigation', 'pythonpath')
[4.624s] INFO:colcon.colcon_core.shell:Creating environment hook '/home/g0kh4n_2/tennis_bot_ws/install/tennis_bot_navigation/share/tennis_bot_navigation/hook/pythonpath.ps1'
[4.625s] INFO:colcon.colcon_core.shell:Creating environment descriptor '/home/g0kh4n_2/tennis_bot_ws/install/tennis_bot_navigation/share/tennis_bot_navigation/hook/pythonpath.dsv'
[4.625s] INFO:colcon.colcon_core.shell:Creating environment hook '/home/g0kh4n_2/tennis_bot_ws/install/tennis_bot_navigation/share/tennis_bot_navigation/hook/pythonpath.sh'
[4.626s] Level 1:colcon.colcon_core.environment:checking '/home/g0kh4n_2/tennis_bot_ws/install/tennis_bot_navigation/bin'
[4.626s] Level 1:colcon.colcon_core.environment:create_environment_scripts_only(tennis_bot_navigation)
[4.626s] INFO:colcon.colcon_core.shell:Creating package script '/home/g0kh4n_2/tennis_bot_ws/install/tennis_bot_navigation/share/tennis_bot_navigation/package.ps1'
[4.626s] INFO:colcon.colcon_core.shell:Creating package descriptor '/home/g0kh4n_2/tennis_bot_ws/install/tennis_bot_navigation/share/tennis_bot_navigation/package.dsv'
[4.627s] INFO:colcon.colcon_core.shell:Creating package script '/home/g0kh4n_2/tennis_bot_ws/install/tennis_bot_navigation/share/tennis_bot_navigation/package.sh'
[4.627s] INFO:colcon.colcon_core.shell:Creating package script '/home/g0kh4n_2/tennis_bot_ws/install/tennis_bot_navigation/share/tennis_bot_navigation/package.bash'
[4.627s] INFO:colcon.colcon_core.shell:Creating package script '/home/g0kh4n_2/tennis_bot_ws/install/tennis_bot_navigation/share/tennis_bot_navigation/package.zsh'
[4.628s] Level 1:colcon.colcon_core.environment:create_file_with_runtime_dependencies(/home/g0kh4n_2/tennis_bot_ws/install/tennis_bot_navigation/share/colcon-core/packages/tennis_bot_navigation)
[4.640s] Level 1:colcon.colcon_core.environment:checking '/home/g0kh4n_2/tennis_bot_ws/install/tennis_bot_perception' for CMake module files
[4.641s] DEBUG:colcon.colcon_core.event_handler.log_command:Invoked command in '/home/g0kh4n_2/tennis_bot_ws/src/tennis_bot_perception' returned '0': PYTHONPATH=/home/g0kh4n_2/tennis_bot_ws/build/tennis_bot_perception/prefix_override:/usr/lib/python3/dist-packages/colcon_core/task/python/colcon_distutils_commands:/home/g0kh4n_2/tennis_bot_ws/install/tennis_bot_perception/lib/python3.10/site-packages:${PYTHONPATH} /usr/bin/python3 -W ignore:setup.py install is deprecated -W ignore:easy_install command is deprecated setup.py egg_info --egg-base ../../build/tennis_bot_perception build --build-base /home/g0kh4n_2/tennis_bot_ws/build/tennis_bot_perception/build install --record /home/g0kh4n_2/tennis_bot_ws/build/tennis_bot_perception/install.log --install-scripts $base/lib/tennis_bot_perception --single-version-externally-managed install_data
[4.641s] Level 1:colcon.colcon_core.environment:checking '/home/g0kh4n_2/tennis_bot_ws/install/tennis_bot_perception' for CMake config files
[4.643s] Level 1:colcon.colcon_core.environment:checking '/home/g0kh4n_2/tennis_bot_ws/install/tennis_bot_perception/lib'
[4.643s] Level 1:colcon.colcon_core.environment:checking '/home/g0kh4n_2/tennis_bot_ws/install/tennis_bot_perception/bin'
[4.643s] Level 1:colcon.colcon_core.environment:checking '/home/g0kh4n_2/tennis_bot_ws/install/tennis_bot_perception/lib/pkgconfig/tennis_bot_perception.pc'
[4.643s] Level 1:colcon.colcon_core.environment:checking '/home/g0kh4n_2/tennis_bot_ws/install/tennis_bot_perception/lib/python3.10/site-packages'
[4.643s] Level 1:colcon.colcon_core.shell:create_environment_hook('tennis_bot_perception', 'pythonpath')
[4.643s] INFO:colcon.colcon_core.shell:Creating environment hook '/home/g0kh4n_2/tennis_bot_ws/install/tennis_bot_perception/share/tennis_bot_perception/hook/pythonpath.ps1'
[4.644s] INFO:colcon.colcon_core.shell:Creating environment descriptor '/home/g0kh4n_2/tennis_bot_ws/install/tennis_bot_perception/share/tennis_bot_perception/hook/pythonpath.dsv'
[4.644s] INFO:colcon.colcon_core.shell:Creating environment hook '/home/g0kh4n_2/tennis_bot_ws/install/tennis_bot_perception/share/tennis_bot_perception/hook/pythonpath.sh'
[4.645s] Level 1:colcon.colcon_core.environment:checking '/home/g0kh4n_2/tennis_bot_ws/install/tennis_bot_perception/bin'
[4.645s] Level 1:colcon.colcon_core.environment:create_environment_scripts_only(tennis_bot_perception)
[4.645s] INFO:colcon.colcon_core.shell:Creating package script '/home/g0kh4n_2/tennis_bot_ws/install/tennis_bot_perception/share/tennis_bot_perception/package.ps1'
[4.646s] INFO:colcon.colcon_core.shell:Creating package descriptor '/home/g0kh4n_2/tennis_bot_ws/install/tennis_bot_perception/share/tennis_bot_perception/package.dsv'
[4.646s] INFO:colcon.colcon_core.shell:Creating package script '/home/g0kh4n_2/tennis_bot_ws/install/tennis_bot_perception/share/tennis_bot_perception/package.sh'
[4.646s] INFO:colcon.colcon_core.shell:Creating package script '/home/g0kh4n_2/tennis_bot_ws/install/tennis_bot_perception/share/tennis_bot_perception/package.bash'
[4.647s] INFO:colcon.colcon_core.shell:Creating package script '/home/g0kh4n_2/tennis_bot_ws/install/tennis_bot_perception/share/tennis_bot_perception/package.zsh'
[4.647s] Level 1:colcon.colcon_core.environment:create_file_with_runtime_dependencies(/home/g0kh4n_2/tennis_bot_ws/install/tennis_bot_perception/share/colcon-core/packages/tennis_bot_perception)
[4.648s] INFO:colcon.colcon_ros.task.ament_cmake.build:Building ROS package in '/home/g0kh4n_2/tennis_bot_ws/src/tennis_bot_bringup' with build type 'ament_cmake'
[4.648s] INFO:colcon.colcon_cmake.task.cmake.build:Building CMake package in '/home/g0kh4n_2/tennis_bot_ws/src/tennis_bot_bringup'
[4.649s] INFO:colcon.colcon_core.shell:Skip shell extension 'powershell' for command environment: Not usable outside of PowerShell
[4.649s] DEBUG:colcon.colcon_core.shell:Skip shell extension 'dsv' for command environment
[5.165s] DEBUG:colcon.colcon_core.event_handler.log_command:Invoking command in '/home/g0kh4n_2/tennis_bot_ws/build/tennis_bot_bringup': AMENT_PREFIX_PATH=/home/g0kh4n_2/tennis_bot_ws/install/tennis_bot_perception:/home/g0kh4n_2/tennis_bot_ws/install/tennis_bot_navigation:/home/g0kh4n_2/tennis_bot_ws/install/tennis_bot_bringup:/home/g0kh4n_2/tennis_bot_ws/install/tennis_bot_description:/opt/ros/humble CMAKE_PREFIX_PATH=/home/g0kh4n_2/tennis_bot_ws/install/tennis_bot_description:/home/g0kh4n_2/tennis_bot_ws/install/tennis_bot_bringup:/home/g0kh4n_2/tennis_bot_ws/install/tennis_bot_perception:/home/g0kh4n_2/tennis_bot_ws/install/tennis_bot_navigation:/opt/ros/humble /usr/bin/cmake --build /home/g0kh4n_2/tennis_bot_ws/build/tennis_bot_bringup -- -j6 -l6
[5.204s] DEBUG:colcon.colcon_core.event_handler.log_command:Invoked command in '/home/g0kh4n_2/tennis_bot_ws/build/tennis_bot_bringup' returned '0': AMENT_PREFIX_PATH=/home/g0kh4n_2/tennis_bot_ws/install/tennis_bot_perception:/home/g0kh4n_2/tennis_bot_ws/install/tennis_bot_navigation:/home/g0kh4n_2/tennis_bot_ws/install/tennis_bot_bringup:/home/g0kh4n_2/tennis_bot_ws/install/tennis_bot_description:/opt/ros/humble CMAKE_PREFIX_PATH=/home/g0kh4n_2/tennis_bot_ws/install/tennis_bot_description:/home/g0kh4n_2/tennis_bot_ws/install/tennis_bot_bringup:/home/g0kh4n_2/tennis_bot_ws/install/tennis_bot_perception:/home/g0kh4n_2/tennis_bot_ws/install/tennis_bot_navigation:/opt/ros/humble /usr/bin/cmake --build /home/g0kh4n_2/tennis_bot_ws/build/tennis_bot_bringup -- -j6 -l6
[5.206s] DEBUG:colcon.colcon_core.event_handler.log_command:Invoking command in '/home/g0kh4n_2/tennis_bot_ws/build/tennis_bot_bringup': AMENT_PREFIX_PATH=/home/g0kh4n_2/tennis_bot_ws/install/tennis_bot_perception:/home/g0kh4n_2/tennis_bot_ws/install/tennis_bot_navigation:/home/g0kh4n_2/tennis_bot_ws/install/tennis_bot_bringup:/home/g0kh4n_2/tennis_bot_ws/install/tennis_bot_description:/opt/ros/humble CMAKE_PREFIX_PATH=/home/g0kh4n_2/tennis_bot_ws/install/tennis_bot_description:/home/g0kh4n_2/tennis_bot_ws/install/tennis_bot_bringup:/home/g0kh4n_2/tennis_bot_ws/install/tennis_bot_perception:/home/g0kh4n_2/tennis_bot_ws/install/tennis_bot_navigation:/opt/ros/humble /usr/bin/cmake --install /home/g0kh4n_2/tennis_bot_ws/build/tennis_bot_bringup
[5.229s] Level 1:colcon.colcon_core.environment:create_environment_scripts_only(tennis_bot_bringup)
[5.230s] Level 1:colcon.colcon_core.environment:checking '/home/g0kh4n_2/tennis_bot_ws/install/tennis_bot_bringup' for CMake module files
[5.231s] DEBUG:colcon.colcon_core.event_handler.log_command:Invoked command in '/home/g0kh4n_2/tennis_bot_ws/build/tennis_bot_bringup' returned '0': AMENT_PREFIX_PATH=/home/g0kh4n_2/tennis_bot_ws/install/tennis_bot_perception:/home/g0kh4n_2/tennis_bot_ws/install/tennis_bot_navigation:/home/g0kh4n_2/tennis_bot_ws/install/tennis_bot_bringup:/home/g0kh4n_2/tennis_bot_ws/install/tennis_bot_description:/opt/ros/humble CMAKE_PREFIX_PATH=/home/g0kh4n_2/tennis_bot_ws/install/tennis_bot_description:/home/g0kh4n_2/tennis_bot_ws/install/tennis_bot_bringup:/home/g0kh4n_2/tennis_bot_ws/install/tennis_bot_perception:/home/g0kh4n_2/tennis_bot_ws/install/tennis_bot_navigation:/opt/ros/humble /usr/bin/cmake --install /home/g0kh4n_2/tennis_bot_ws/build/tennis_bot_bringup
[5.231s] Level 1:colcon.colcon_core.environment:checking '/home/g0kh4n_2/tennis_bot_ws/install/tennis_bot_bringup' for CMake config files
[5.231s] Level 1:colcon.colcon_core.shell:create_environment_hook('tennis_bot_bringup', 'cmake_prefix_path')
[5.232s] INFO:colcon.colcon_core.shell:Creating environment hook '/home/g0kh4n_2/tennis_bot_ws/install/tennis_bot_bringup/share/tennis_bot_bringup/hook/cmake_prefix_path.ps1'
[5.232s] INFO:colcon.colcon_core.shell:Creating environment descriptor '/home/g0kh4n_2/tennis_bot_ws/install/tennis_bot_bringup/share/tennis_bot_bringup/hook/cmake_prefix_path.dsv'
[5.232s] INFO:colcon.colcon_core.shell:Creating environment hook '/home/g0kh4n_2/tennis_bot_ws/install/tennis_bot_bringup/share/tennis_bot_bringup/hook/cmake_prefix_path.sh'
[5.233s] Level 1:colcon.colcon_core.environment:checking '/home/g0kh4n_2/tennis_bot_ws/install/tennis_bot_bringup/bin'
[5.233s] Level 1:colcon.colcon_core.environment:checking '/home/g0kh4n_2/tennis_bot_ws/install/tennis_bot_bringup/lib/pkgconfig/tennis_bot_bringup.pc'
[5.233s] Level 1:colcon.colcon_core.environment:checking '/home/g0kh4n_2/tennis_bot_ws/install/tennis_bot_bringup/lib/python3.10/site-packages'
[5.233s] Level 1:colcon.colcon_core.environment:checking '/home/g0kh4n_2/tennis_bot_ws/install/tennis_bot_bringup/bin'
[5.233s] INFO:colcon.colcon_core.shell:Creating package script '/home/g0kh4n_2/tennis_bot_ws/install/tennis_bot_bringup/share/tennis_bot_bringup/package.ps1'
[5.234s] INFO:colcon.colcon_core.shell:Creating package descriptor '/home/g0kh4n_2/tennis_bot_ws/install/tennis_bot_bringup/share/tennis_bot_bringup/package.dsv'
[5.234s] INFO:colcon.colcon_core.shell:Creating package script '/home/g0kh4n_2/tennis_bot_ws/install/tennis_bot_bringup/share/tennis_bot_bringup/package.sh'
[5.235s] INFO:colcon.colcon_core.shell:Creating package script '/home/g0kh4n_2/tennis_bot_ws/install/tennis_bot_bringup/share/tennis_bot_bringup/package.bash'
[5.235s] INFO:colcon.colcon_core.shell:Creating package script '/home/g0kh4n_2/tennis_bot_ws/install/tennis_bot_bringup/share/tennis_bot_bringup/package.zsh'
[5.235s] Level 1:colcon.colcon_core.environment:create_file_with_runtime_dependencies(/home/g0kh4n_2/tennis_bot_ws/install/tennis_bot_bringup/share/colcon-core/packages/tennis_bot_bringup)
[5.236s] Level 1:colcon.colcon_core.environment:create_environment_scripts_only(tennis_bot_bringup)
[5.236s] Level 1:colcon.colcon_core.environment:checking '/home/g0kh4n_2/tennis_bot_ws/install/tennis_bot_bringup' for CMake module files
[5.236s] Level 1:colcon.colcon_core.environment:checking '/home/g0kh4n_2/tennis_bot_ws/install/tennis_bot_bringup' for CMake config files
[5.237s] Level 1:colcon.colcon_core.shell:create_environment_hook('tennis_bot_bringup', 'cmake_prefix_path')
[5.237s] INFO:colcon.colcon_core.shell:Creating environment hook '/home/g0kh4n_2/tennis_bot_ws/install/tennis_bot_bringup/share/tennis_bot_bringup/hook/cmake_prefix_path.ps1'
[5.237s] INFO:colcon.colcon_core.shell:Creating environment descriptor '/home/g0kh4n_2/tennis_bot_ws/install/tennis_bot_bringup/share/tennis_bot_bringup/hook/cmake_prefix_path.dsv'
[5.237s] INFO:colcon.colcon_core.shell:Creating environment hook '/home/g0kh4n_2/tennis_bot_ws/install/tennis_bot_bringup/share/tennis_bot_bringup/hook/cmake_prefix_path.sh'
[5.238s] Level 1:colcon.colcon_core.environment:checking '/home/g0kh4n_2/tennis_bot_ws/install/tennis_bot_bringup/bin'
[5.238s] Level 1:colcon.colcon_core.environment:checking '/home/g0kh4n_2/tennis_bot_ws/install/tennis_bot_bringup/lib/pkgconfig/tennis_bot_bringup.pc'
[5.238s] Level 1:colcon.colcon_core.environment:checking '/home/g0kh4n_2/tennis_bot_ws/install/tennis_bot_bringup/lib/python3.10/site-packages'
[5.238s] Level 1:colcon.colcon_core.environment:checking '/home/g0kh4n_2/tennis_bot_ws/install/tennis_bot_bringup/bin'
[5.239s] INFO:colcon.colcon_core.shell:Creating package script '/home/g0kh4n_2/tennis_bot_ws/install/tennis_bot_bringup/share/tennis_bot_bringup/package.ps1'
[5.239s] INFO:colcon.colcon_core.shell:Creating package descriptor '/home/g0kh4n_2/tennis_bot_ws/install/tennis_bot_bringup/share/tennis_bot_bringup/package.dsv'
[5.240s] INFO:colcon.colcon_core.shell:Creating package script '/home/g0kh4n_2/tennis_bot_ws/install/tennis_bot_bringup/share/tennis_bot_bringup/package.sh'
[5.240s] INFO:colcon.colcon_core.shell:Creating package script '/home/g0kh4n_2/tennis_bot_ws/install/tennis_bot_bringup/share/tennis_bot_bringup/package.bash'
[5.240s] INFO:colcon.colcon_core.shell:Creating package script '/home/g0kh4n_2/tennis_bot_ws/install/tennis_bot_bringup/share/tennis_bot_bringup/package.zsh'
[5.241s] Level 1:colcon.colcon_core.environment:create_file_with_runtime_dependencies(/home/g0kh4n_2/tennis_bot_ws/install/tennis_bot_bringup/share/colcon-core/packages/tennis_bot_bringup)
[5.241s] DEBUG:colcon.colcon_parallel_executor.executor.parallel:closing loop
[5.242s] DEBUG:colcon.colcon_parallel_executor.executor.parallel:loop closed
[5.242s] DEBUG:colcon.colcon_parallel_executor.executor.parallel:run_until_complete finished with '0'
[5.242s] DEBUG:colcon.colcon_core.event_reactor:joining thread
[5.321s] INFO:colcon.colcon_core.plugin_system:Skipping extension 'colcon_notification.desktop_notification.notify_send': Could not find 'notify-send'
[5.321s] INFO:colcon.colcon_core.plugin_system:Skipping extension 'colcon_notification.desktop_notification.terminal_notifier': Not used on non-Darwin systems
[5.321s] INFO:colcon.colcon_core.plugin_system:Skipping extension 'colcon_notification.desktop_notification.win32': Not used on non-Windows systems
[5.322s] INFO:colcon.colcon_notification.desktop_notification:Sending desktop notification using 'notify2'
[5.322s] DEBUG:colcon.colcon_notification.desktop_notification.notify2:Failed to initialize notify2: org.freedesktop.DBus.Error.FileNotFound: Failed to connect to socket /run/user/1000/bus: No such file or directory
[5.322s] DEBUG:colcon.colcon_core.event_reactor:joined thread
[5.322s] INFO:colcon.colcon_core.shell:Creating prefix script '/home/g0kh4n_2/tennis_bot_ws/install/local_setup.ps1'
[5.324s] INFO:colcon.colcon_core.shell:Creating prefix util module '/home/g0kh4n_2/tennis_bot_ws/install/_local_setup_util_ps1.py'
[5.325s] INFO:colcon.colcon_core.shell:Creating prefix chain script '/home/g0kh4n_2/tennis_bot_ws/install/setup.ps1'
[5.326s] INFO:colcon.colcon_core.shell:Creating prefix script '/home/g0kh4n_2/tennis_bot_ws/install/local_setup.sh'
[5.326s] INFO:colcon.colcon_core.shell:Creating prefix util module '/home/g0kh4n_2/tennis_bot_ws/install/_local_setup_util_sh.py'
[5.327s] INFO:colcon.colcon_core.shell:Creating prefix chain script '/home/g0kh4n_2/tennis_bot_ws/install/setup.sh'
[5.328s] INFO:colcon.colcon_core.shell:Creating prefix script '/home/g0kh4n_2/tennis_bot_ws/install/local_setup.bash'
[5.328s] INFO:colcon.colcon_core.shell:Creating prefix chain script '/home/g0kh4n_2/tennis_bot_ws/install/setup.bash'
[5.329s] INFO:colcon.colcon_core.shell:Creating prefix script '/home/g0kh4n_2/tennis_bot_ws/install/local_setup.zsh'
[5.330s] INFO:colcon.colcon_core.shell:Creating prefix chain script '/home/g0kh4n_2/tennis_bot_ws/install/setup.zsh'
