[0.031s] Invoking command in '/home/g0kh4n_2/tennis_bot_ws/build/tennis_bot_description': CMAKE_PREFIX_PATH=${CMAKE_PREFIX_PATH}:/home/g0kh4n_2/tennis_bot_ws/install/tennis_bot_perception:/home/g0kh4n_2/tennis_bot_ws/install/tennis_bot_navigation:/opt/ros/humble /usr/bin/cmake /home/g0kh4n_2/tennis_bot_ws/src/tennis_bot_description -DCMAKE_INSTALL_PREFIX=/home/g0kh4n_2/tennis_bot_ws/install/tennis_bot_description
[0.387s] -- Found ament_cmake: 1.3.14 (/opt/ros/humble/share/ament_cmake/cmake)
[0.388s] -- Override CMake install command with custom implementation using symlinks instead of copying resources
[0.388s] -- Found ament_lint_auto: 0.12.15 (/opt/ros/humble/share/ament_lint_auto/cmake)
[0.388s] -- Added test 'flake8' to check Python code syntax and style conventions
[0.388s] -- Added test 'lint_cmake' to check CMake code style
[0.389s] -- Added test 'pep257' to check Python code against some of the docstring style conventions in PEP 257
[0.389s] -- Added test 'xmllint' to check XML markup files
[0.389s] -- Configuring done
[0.389s] -- Generating done
[0.389s] -- Build files have been written to: /home/g0kh4n_2/tennis_bot_ws/build/tennis_bot_description
[0.666s] Invoked command in '/home/g0kh4n_2/tennis_bot_ws/build/tennis_bot_description' returned '0': CMAKE_PREFIX_PATH=${CMAKE_PREFIX_PATH}:/home/g0kh4n_2/tennis_bot_ws/install/tennis_bot_perception:/home/g0kh4n_2/tennis_bot_ws/install/tennis_bot_navigation:/opt/ros/humble /usr/bin/cmake /home/g0kh4n_2/tennis_bot_ws/src/tennis_bot_description -DCMAKE_INSTALL_PREFIX=/home/g0kh4n_2/tennis_bot_ws/install/tennis_bot_description
[0.669s] Invoking command in '/home/g0kh4n_2/tennis_bot_ws/build/tennis_bot_description': CMAKE_PREFIX_PATH=${CMAKE_PREFIX_PATH}:/home/g0kh4n_2/tennis_bot_ws/install/tennis_bot_perception:/home/g0kh4n_2/tennis_bot_ws/install/tennis_bot_navigation:/opt/ros/humble /usr/bin/cmake --build /home/g0kh4n_2/tennis_bot_ws/build/tennis_bot_description -- -j6 -l6
[0.722s] Invoked command in '/home/g0kh4n_2/tennis_bot_ws/build/tennis_bot_description' returned '0': CMAKE_PREFIX_PATH=${CMAKE_PREFIX_PATH}:/home/g0kh4n_2/tennis_bot_ws/install/tennis_bot_perception:/home/g0kh4n_2/tennis_bot_ws/install/tennis_bot_navigation:/opt/ros/humble /usr/bin/cmake --build /home/g0kh4n_2/tennis_bot_ws/build/tennis_bot_description -- -j6 -l6
[0.737s] Invoking command in '/home/g0kh4n_2/tennis_bot_ws/build/tennis_bot_description': CMAKE_PREFIX_PATH=${CMAKE_PREFIX_PATH}:/home/g0kh4n_2/tennis_bot_ws/install/tennis_bot_perception:/home/g0kh4n_2/tennis_bot_ws/install/tennis_bot_navigation:/opt/ros/humble /usr/bin/cmake --install /home/g0kh4n_2/tennis_bot_ws/build/tennis_bot_description
[0.747s] -- Install configuration: ""
[0.748s] -- Execute custom install script
[0.749s] -- Up-to-date symlink: /home/g0kh4n_2/tennis_bot_ws/install/tennis_bot_description/share/tennis_bot_description/urdf/gazebo_control.xacro
[0.749s] -- Up-to-date symlink: /home/g0kh4n_2/tennis_bot_ws/install/tennis_bot_description/share/tennis_bot_description/urdf/gazebo_sensors.xacro
[0.749s] -- Up-to-date symlink: /home/g0kh4n_2/tennis_bot_ws/install/tennis_bot_description/share/tennis_bot_description/urdf/materials.xacro
[0.749s] -- Up-to-date symlink: /home/g0kh4n_2/tennis_bot_ws/install/tennis_bot_description/share/tennis_bot_description/urdf/tennis_bot.urdf.xacro
[0.749s] -- Up-to-date symlink: /home/g0kh4n_2/tennis_bot_ws/install/tennis_bot_description/share/tennis_bot_description/launch/display.launch.py
[0.750s] -- Up-to-date symlink: /home/g0kh4n_2/tennis_bot_ws/install/tennis_bot_description/share/tennis_bot_description/launch/simulation.launch.py
[0.750s] -- Up-to-date symlink: /home/g0kh4n_2/tennis_bot_ws/install/tennis_bot_description/share/tennis_bot_description/config/bridge.yaml
[0.750s] -- Up-to-date symlink: /home/g0kh4n_2/tennis_bot_ws/install/tennis_bot_description/share/tennis_bot_description/config/controllers.yaml
[0.750s] -- Up-to-date symlink: /home/g0kh4n_2/tennis_bot_ws/install/tennis_bot_description/share/tennis_bot_description/config/robot_localization.yaml
[0.751s] -- Up-to-date symlink: /home/g0kh4n_2/tennis_bot_ws/install/tennis_bot_description/share/tennis_bot_description/worlds/tennis_court.sdf
[0.751s] -- Up-to-date symlink: /home/g0kh4n_2/tennis_bot_ws/install/tennis_bot_description/share/ament_index/resource_index/package_run_dependencies/tennis_bot_description
[0.751s] -- Up-to-date symlink: /home/g0kh4n_2/tennis_bot_ws/install/tennis_bot_description/share/ament_index/resource_index/parent_prefix_path/tennis_bot_description
[0.752s] -- Up-to-date symlink: /home/g0kh4n_2/tennis_bot_ws/install/tennis_bot_description/share/tennis_bot_description/environment/ament_prefix_path.sh
[0.752s] -- Up-to-date symlink: /home/g0kh4n_2/tennis_bot_ws/install/tennis_bot_description/share/tennis_bot_description/environment/ament_prefix_path.dsv
[0.753s] -- Up-to-date symlink: /home/g0kh4n_2/tennis_bot_ws/install/tennis_bot_description/share/tennis_bot_description/environment/path.sh
[0.753s] -- Up-to-date symlink: /home/g0kh4n_2/tennis_bot_ws/install/tennis_bot_description/share/tennis_bot_description/environment/path.dsv
[0.753s] -- Up-to-date symlink: /home/g0kh4n_2/tennis_bot_ws/install/tennis_bot_description/share/tennis_bot_description/local_setup.bash
[0.754s] -- Up-to-date symlink: /home/g0kh4n_2/tennis_bot_ws/install/tennis_bot_description/share/tennis_bot_description/local_setup.sh
[0.754s] -- Up-to-date symlink: /home/g0kh4n_2/tennis_bot_ws/install/tennis_bot_description/share/tennis_bot_description/local_setup.zsh
[0.754s] -- Up-to-date symlink: /home/g0kh4n_2/tennis_bot_ws/install/tennis_bot_description/share/tennis_bot_description/local_setup.dsv
[0.754s] -- Symlinking: /home/g0kh4n_2/tennis_bot_ws/install/tennis_bot_description/share/tennis_bot_description/package.dsv
[0.767s] -- Up-to-date symlink: /home/g0kh4n_2/tennis_bot_ws/install/tennis_bot_description/share/ament_index/resource_index/packages/tennis_bot_description
[0.768s] -- Up-to-date symlink: /home/g0kh4n_2/tennis_bot_ws/install/tennis_bot_description/share/tennis_bot_description/cmake/tennis_bot_descriptionConfig.cmake
[0.768s] -- Up-to-date symlink: /home/g0kh4n_2/tennis_bot_ws/install/tennis_bot_description/share/tennis_bot_description/cmake/tennis_bot_descriptionConfig-version.cmake
[0.768s] -- Up-to-date symlink: /home/g0kh4n_2/tennis_bot_ws/install/tennis_bot_description/share/tennis_bot_description/package.xml
[0.771s] Invoked command in '/home/g0kh4n_2/tennis_bot_ws/build/tennis_bot_description' returned '0': CMAKE_PREFIX_PATH=${CMAKE_PREFIX_PATH}:/home/g0kh4n_2/tennis_bot_ws/install/tennis_bot_perception:/home/g0kh4n_2/tennis_bot_ws/install/tennis_bot_navigation:/opt/ros/humble /usr/bin/cmake --install /home/g0kh4n_2/tennis_bot_ws/build/tennis_bot_description
