[1.848s] Invoking command in '/home/g0kh4n_2/tennis_bot_ws/build/tennis_bot_navigation': PYTHONPATH=/home/g0kh4n_2/tennis_bot_ws/build/tennis_bot_navigation/prefix_override:/usr/lib/python3/dist-packages/colcon_core/task/python/colcon_distutils_commands:/home/g0kh4n_2/tennis_bot_ws/install/tennis_bot_navigation/lib/python3.10/site-packages:${PYTHONPATH} /usr/bin/python3 -W ignore:setup.py install is deprecated -W ignore:easy_install command is deprecated setup.py develop --editable --build-directory /home/g0kh4n_2/tennis_bot_ws/build/tennis_bot_navigation/build --no-deps symlink_data --force
[2.167s] running develop
[2.303s] running egg_info
[2.303s] writing tennis_bot_navigation.egg-info/PKG-INFO
[2.304s] writing dependency_links to tennis_bot_navigation.egg-info/dependency_links.txt
[2.305s] writing entry points to tennis_bot_navigation.egg-info/entry_points.txt
[2.305s] writing requirements to tennis_bot_navigation.egg-info/requires.txt
[2.305s] writing top-level names to tennis_bot_navigation.egg-info/top_level.txt
[2.308s] reading manifest file 'tennis_bot_navigation.egg-info/SOURCES.txt'
[2.310s] writing manifest file 'tennis_bot_navigation.egg-info/SOURCES.txt'
[2.312s] running build_ext
[2.312s] Creating /home/g0kh4n_2/tennis_bot_ws/install/tennis_bot_navigation/lib/python3.10/site-packages/tennis-bot-navigation.egg-link (link to .)
[2.313s] Installing cmd_vel_relay_node script to /home/g0kh4n_2/tennis_bot_ws/install/tennis_bot_navigation/lib/tennis_bot_navigation
[2.314s] Installing collection_planner_node script to /home/g0kh4n_2/tennis_bot_ws/install/tennis_bot_navigation/lib/tennis_bot_navigation
[2.315s] 
[2.315s] Installed /home/g0kh4n_2/tennis_bot_ws/build/tennis_bot_navigation
[2.315s] running symlink_data
[2.315s] symbolically linking /home/g0kh4n_2/tennis_bot_ws/build/tennis_bot_navigation/resource/tennis_bot_navigation -> /home/g0kh4n_2/tennis_bot_ws/install/tennis_bot_navigation/share/ament_index/resource_index/packages
[2.317s] symbolically linking /home/g0kh4n_2/tennis_bot_ws/build/tennis_bot_navigation/package.xml -> /home/g0kh4n_2/tennis_bot_ws/install/tennis_bot_navigation/share/tennis_bot_navigation
[2.318s] symbolically linking /home/g0kh4n_2/tennis_bot_ws/build/tennis_bot_navigation/launch/mapping.launch.py -> /home/g0kh4n_2/tennis_bot_ws/install/tennis_bot_navigation/share/tennis_bot_navigation/launch
[2.319s] symbolically linking /home/g0kh4n_2/tennis_bot_ws/build/tennis_bot_navigation/launch/navigation.launch.py -> /home/g0kh4n_2/tennis_bot_ws/install/tennis_bot_navigation/share/tennis_bot_navigation/launch
[2.320s] symbolically linking /home/g0kh4n_2/tennis_bot_ws/build/tennis_bot_navigation/config/slam_toolbox.yaml -> /home/g0kh4n_2/tennis_bot_ws/install/tennis_bot_navigation/share/tennis_bot_navigation/config
[2.321s] symbolically linking /home/g0kh4n_2/tennis_bot_ws/build/tennis_bot_navigation/config/nav2_params.yaml -> /home/g0kh4n_2/tennis_bot_ws/install/tennis_bot_navigation/share/tennis_bot_navigation/config
[2.322s] symbolically linking /home/g0kh4n_2/tennis_bot_ws/build/tennis_bot_navigation/config/planner.yaml -> /home/g0kh4n_2/tennis_bot_ws/install/tennis_bot_navigation/share/tennis_bot_navigation/config
[2.385s] Invoked command in '/home/g0kh4n_2/tennis_bot_ws/build/tennis_bot_navigation' returned '0': PYTHONPATH=/home/g0kh4n_2/tennis_bot_ws/build/tennis_bot_navigation/prefix_override:/usr/lib/python3/dist-packages/colcon_core/task/python/colcon_distutils_commands:/home/g0kh4n_2/tennis_bot_ws/install/tennis_bot_navigation/lib/python3.10/site-packages:${PYTHONPATH} /usr/bin/python3 -W ignore:setup.py install is deprecated -W ignore:easy_install command is deprecated setup.py develop --editable --build-directory /home/g0kh4n_2/tennis_bot_ws/build/tennis_bot_navigation/build --no-deps symlink_data --force
